Component: ARM Compiler 5.06 update 6 (build 750) Tool: armlink [4d35ed]

==============================================================================

Section Cross References

    startup_stm32h743xx.o(RESET) refers to startup_stm32h743xx.o(STACK) for __initial_sp
    startup_stm32h743xx.o(RESET) refers to startup_stm32h743xx.o(.text) for Reset_Handler
    startup_stm32h743xx.o(RESET) refers to stm32h7xx_it.o(i.NMI_Handler) for NMI_Handler
    startup_stm32h743xx.o(RESET) refers to stm32h7xx_it.o(i.HardFault_Handler) for HardFault_Handler
    startup_stm32h743xx.o(RESET) refers to stm32h7xx_it.o(i.MemManage_Handler) for MemManage_Handler
    startup_stm32h743xx.o(RESET) refers to stm32h7xx_it.o(i.BusFault_Handler) for BusFault_Handler
    startup_stm32h743xx.o(RESET) refers to stm32h7xx_it.o(i.UsageFault_Handler) for UsageFault_Handler
    startup_stm32h743xx.o(RESET) refers to stm32h7xx_it.o(i.SVC_Handler) for SVC_Handler
    startup_stm32h743xx.o(RESET) refers to stm32h7xx_it.o(i.DebugMon_Handler) for DebugMon_Handler
    startup_stm32h743xx.o(RESET) refers to os_cpu_a.o(CODE) for OS_CPU_PendSVHandler
    startup_stm32h743xx.o(RESET) refers to os_cpu_c.o(i.OS_CPU_SysTickHandler) for OS_CPU_SysTickHandler
    startup_stm32h743xx.o(RESET) refers to app_lcd.o(i.EXTI3_IRQHandler) for EXTI3_IRQHandler
    startup_stm32h743xx.o(RESET) refers to stm32h7xx_it.o(i.DMA1_Stream0_IRQHandler) for DMA1_Stream0_IRQHandler
    startup_stm32h743xx.o(RESET) refers to stm32h7xx_it.o(i.DMA1_Stream1_IRQHandler) for DMA1_Stream1_IRQHandler
    startup_stm32h743xx.o(RESET) refers to stm32h7xx_it.o(i.DMA1_Stream2_IRQHandler) for DMA1_Stream2_IRQHandler
    startup_stm32h743xx.o(RESET) refers to stm32h7xx_it.o(i.DMA1_Stream3_IRQHandler) for DMA1_Stream3_IRQHandler
    startup_stm32h743xx.o(RESET) refers to stm32h7xx_it.o(i.DMA1_Stream4_IRQHandler) for DMA1_Stream4_IRQHandler
    startup_stm32h743xx.o(RESET) refers to stm32h7xx_it.o(i.DMA1_Stream5_IRQHandler) for DMA1_Stream5_IRQHandler
    startup_stm32h743xx.o(RESET) refers to stm32h7xx_it.o(i.I2C1_EV_IRQHandler) for I2C1_EV_IRQHandler
    startup_stm32h743xx.o(RESET) refers to stm32h7xx_it.o(i.I2C1_ER_IRQHandler) for I2C1_ER_IRQHandler
    startup_stm32h743xx.o(RESET) refers to stm32h7xx_it.o(i.EXTI15_10_IRQHandler) for EXTI15_10_IRQHandler
    startup_stm32h743xx.o(RESET) refers to stm32h7xx_it.o(i.SDMMC1_IRQHandler) for SDMMC1_IRQHandler
    startup_stm32h743xx.o(RESET) refers to stm32h7xx_it.o(i.SAI1_IRQHandler) for SAI1_IRQHandler
    startup_stm32h743xx.o(RESET) refers to stm32h7xx_it.o(i.SAI2_IRQHandler) for SAI2_IRQHandler
    startup_stm32h743xx.o(RESET) refers to stm32h7xx_it.o(i.DFSDM1_FLT0_IRQHandler) for DFSDM1_FLT0_IRQHandler
    startup_stm32h743xx.o(RESET) refers to stm32h7xx_it.o(i.DFSDM1_FLT1_IRQHandler) for DFSDM1_FLT1_IRQHandler
    startup_stm32h743xx.o(RESET) refers to stm32h7xx_it.o(i.MDMA_IRQHandler) for MDMA_IRQHandler
    startup_stm32h743xx.o(.text) refers to system_stm32h7xx.o(i.SystemInit) for SystemInit
    startup_stm32h743xx.o(.text) refers to entry.o(.ARM.Collect$$$$00000000) for __main
    system_stm32h7xx.o(i.SystemCoreClockUpdate) refers to system_stm32h7xx.o(.data) for SystemCoreClock
    system_stm32h7xx.o(i.SystemCoreClockUpdate) refers to system_stm32h7xx.o(.constdata) for D1CorePrescTable
    stm32h7xx_hal.o(i.HAL_DeInit) refers to stm32h7xx_hal.o(i.HAL_MspDeInit) for HAL_MspDeInit
    stm32h7xx_hal.o(i.HAL_Delay) refers to bsp.o(i.HAL_GetTick) for HAL_GetTick
    stm32h7xx_hal.o(i.HAL_Delay) refers to stm32h7xx_hal.o(.data) for uwTickFreq
    stm32h7xx_hal.o(i.HAL_GetTick) refers to stm32h7xx_hal.o(.data) for uwTick
    stm32h7xx_hal.o(i.HAL_GetTickFreq) refers to stm32h7xx_hal.o(.data) for uwTickFreq
    stm32h7xx_hal.o(i.HAL_GetTickPrio) refers to stm32h7xx_hal.o(.data) for uwTickPrio
    stm32h7xx_hal.o(i.HAL_IncTick) refers to stm32h7xx_hal.o(.data) for uwTick
    stm32h7xx_hal.o(i.HAL_Init) refers to stm32h7xx_hal_cortex.o(i.HAL_NVIC_SetPriorityGrouping) for HAL_NVIC_SetPriorityGrouping
    stm32h7xx_hal.o(i.HAL_Init) refers to bsp.o(i.HAL_InitTick) for HAL_InitTick
    stm32h7xx_hal.o(i.HAL_Init) refers to stm32h7xx_hal.o(i.HAL_MspInit) for HAL_MspInit
    stm32h7xx_hal.o(i.HAL_SYSCFG_EnableVREFBUF) refers to bsp.o(i.HAL_GetTick) for HAL_GetTick
    stm32h7xx_hal.o(i.HAL_SetTickFreq) refers to bsp.o(i.HAL_InitTick) for HAL_InitTick
    stm32h7xx_hal.o(i.HAL_SetTickFreq) refers to stm32h7xx_hal.o(.data) for uwTickFreq
    stm32h7xx_hal_adc.o(i.ADC_ConversionStop) refers to bsp.o(i.HAL_GetTick) for HAL_GetTick
    stm32h7xx_hal_adc.o(i.ADC_DMAConvCplt) refers to stm32h7xx_hal_adc.o(i.HAL_ADC_ConvCpltCallback) for HAL_ADC_ConvCpltCallback
    stm32h7xx_hal_adc.o(i.ADC_DMAConvCplt) refers to stm32h7xx_hal_adc.o(i.HAL_ADC_ErrorCallback) for HAL_ADC_ErrorCallback
    stm32h7xx_hal_adc.o(i.ADC_DMAError) refers to stm32h7xx_hal_adc.o(i.HAL_ADC_ErrorCallback) for HAL_ADC_ErrorCallback
[...]
    __main                                   0x90000299   Thumb Code     0  entry.o(.ARM.Collect$$$$00000000)
    _main_stk                                0x90000299   Thumb Code     0  entry2.o(.ARM.Collect$$$$00000001)
    _main_scatterload                        0x9000029d   Thumb Code     0  entry5.o(.ARM.Collect$$$$00000004)
    __main_after_scatterload                 0x900002a1   Thumb Code     0  entry5.o(.ARM.Collect$$$$00000004)
    _main_clock                              0x900002a1   Thumb Code     0  entry7b.o(.ARM.Collect$$$$00000008)
    _main_cpp_init                           0x900002a1   Thumb Code     0  entry8b.o(.ARM.Collect$$$$0000000A)
    _main_init                               0x900002a1   Thumb Code     0  entry9a.o(.ARM.Collect$$$$0000000B)
    __rt_final_cpp                           0x900002a9   Thumb Code     0  entry10a.o(.ARM.Collect$$$$0000000D)
    __rt_final_exit                          0x900002a9   Thumb Code     0  entry11a.o(.ARM.Collect$$$$0000000F)
    Reset_Handler                            0x900002ad   Thumb Code     8  startup_stm32h743xx.o(.text)
    ADC3_IRQHandler                          0x900002c7   Thumb Code     0  startup_stm32h743xx.o(.text)
    ADC_IRQHandler                           0x900002c7   Thumb Code     0  startup_stm32h743xx.o(.text)
    BDMA_Channel0_IRQHandler                 0x900002c7   Thumb Code     0  startup_stm32h743xx.o(.text)
    BDMA_Channel1_IRQHandler                 0x900002c7   Thumb Code     0  startup_stm32h743xx.o(.text)
    BDMA_Channel2_IRQHandler                 0x900002c7   Thumb Code     0  startup_stm32h743xx.o(.text)
    BDMA_Channel3_IRQHandler                 0x900002c7   Thumb Code     0  startup_stm32h743xx.o(.text)
    BDMA_Channel4_IRQHandler                 0x900002c7   Thumb Code     0  startup_stm32h743xx.o(.text)
    BDMA_Channel5_IRQHandler                 0x900002c7   Thumb Code     0  startup_stm32h743xx.o(.text)
    BDMA_Channel6_IRQHandler                 0x900002c7   Thumb Code     0  startup_stm32h743xx.o(.text)
    BDMA_Channel7_IRQHandler                 0x900002c7   Thumb Code     0  startup_stm32h743xx.o(.text)
    CEC_IRQHandler                           0x900002c7   Thumb Code     0  startup_stm32h743xx.o(.text)
    COMP1_IRQHandler                         0x900002c7   Thumb Code     0  startup_stm32h743xx.o(.text)
    CRS_IRQHandler                           0x900002c7   Thumb Code     0  startup_stm32h743xx.o(.text)
    DCMI_IRQHandler                          0x900002c7   Thumb Code     0  startup_stm32h743xx.o(.text)
    DFSDM1_FLT2_IRQHandler                   0x900002c7   Thumb Code     0  startup_stm32h743xx.o(.text)
    DFSDM1_FLT3_IRQHandler                   0x900002c7   Thumb Code     0  startup_stm32h743xx.o(.text)
    DMA1_Stream6_IRQHandler                  0x900002c7   Thumb Code     0  startup_stm32h743xx.o(.text)
    DMA1_Stream7_IRQHandler                  0x900002c7   Thumb Code     0  startup_stm32h743xx.o(.text)
    DMA2D_IRQHandler                         0x900002c7   Thumb Code     0  startup_stm32h743xx.o(.text)
    DMA2_Stream0_IRQHandler                  0x900002c7   Thumb Code     0  startup_stm32h743xx.o(.text)
    DMA2_Stream1_IRQHandler                  0x900002c7   Thumb Code     0  startup_stm32h743xx.o(.text)
    DMA2_Stream2_IRQHandler                  0x900002c7   Thumb Code     0  startup_stm32h743xx.o(.text)
    DMA2_Stream3_IRQHandler                  0x900002c7   Thumb Code     0  startup_stm32h743xx.o(.text)
    DMA2_Stream4_IRQHandler                  0x900002c7   Thumb Code     0  startup_stm32h743xx.o(.text)
    DMA2_Stream5_IRQHandler                  0x900002c7   Thumb Code     0  startup_stm32h743xx.o(.text)
    DMA2_Stream6_IRQHandler                  0x900002c7   Thumb Code     0  startup_stm32h743xx.o(.text)
    DMA2_Stream7_IRQHandler                  0x900002c7   Thumb Code     0  startup_stm32h743xx.o(.text)
    DMAMUX1_OVR_IRQHandler                   0x900002c7   Thumb Code     0  startup_stm32h743xx.o(.text)
    DMAMUX2_OVR_IRQHandler                   0x900002c7   Thumb Code     0  startup_stm32h743xx.o(.text)
    ETH_IRQHandler                           0x900002c7   Thumb Code     0  startup_stm32h743xx.o(.text)
    ETH_WKUP_IRQHandler                      0x900002c7   Thumb Code     0  startup_stm32h743xx.o(.text)
    EXTI0_IRQHandler                         0x900002c7   Thumb Code     0  startup_stm32h743xx.o(.text)
    EXTI1_IRQHandler                         0x900002c7   Thumb Code     0  startup_stm32h743xx.o(.text)
    EXTI2_IRQHandler                         0x900002c7   Thumb Code     0  startup_stm32h743xx.o(.text)
    EXTI4_IRQHandler                         0x900002c7   Thumb Code     0  startup_stm32h743xx.o(.text)
    EXTI9_5_IRQHandler                       0x900002c7   Thumb Code     0  startup_stm32h743xx.o(.text)
    FDCAN1_IT0_IRQHandler                    0x900002c7   Thumb Code     0  startup_stm32h743xx.o(.text)
    FDCAN1_IT1_IRQHandler                    0x900002c7   Thumb Code     0  startup_stm32h743xx.o(.text)
    FDCAN2_IT0_IRQHandler                    0x900002c7   Thumb Code     0  startup_stm32h743xx.o(.text)
    FDCAN2_IT1_IRQHandler                    0x900002c7   Thumb Code     0  startup_stm32h743xx.o(.text)
    FDCAN_CAL_IRQHandler                     0x900002c7   Thumb Code     0  startup_stm32h743xx.o(.text)
    FLASH_IRQHandler                         0x900002c7   Thumb Code     0  startup_stm32h743xx.o(.text)
    FMC_IRQHandler                           0x900002c7   Thumb Code     0  startup_stm32h743xx.o(.text)
    FPU_IRQHandler                           0x900002c7   Thumb Code     0  startup_stm32h743xx.o(.text)
    HRTIM1_FLT_IRQHandler                    0x900002c7   Thumb Code     0  startup_stm32h743xx.o(.text)
    HRTIM1_Master_IRQHandler                 0x900002c7   Thumb Code     0  startup_stm32h743xx.o(.text)
    HRTIM1_TIMA_IRQHandler                   0x900002c7   Thumb Code     0  startup_stm32h743xx.o(.text)
    HRTIM1_TIMB_IRQHandler                   0x900002c7   Thumb Code     0  startup_stm32h743xx.o(.text)
    HRTIM1_TIMC_IRQHandler                   0x900002c7   Thumb Code     0  startup_stm32h743xx.o(.text)
    HRTIM1_TIMD_IRQHandler                   0x900002c7   Thumb Code     0  startup_stm32h743xx.o(.text)
    HRTIM1_TIME_IRQHandler                   0x900002c7   Thumb Code     0  startup_stm32h743xx.o(.text)
    HSEM1_IRQHandler                         0x900002c7   Thumb Code     0  startup_stm32h743xx.o(.text)
    I2C2_ER_IRQHandler                       0x900002c7   Thumb Code     0  startup_stm32h743xx.o(.text)
    I2C2_EV_IRQHandler                       0x900002c7   Thumb Code     0  startup_stm32h743xx.o(.text)
    I2C3_ER_IRQHandler                       0x900002c7   Thumb Code     0  startup_stm32h743xx.o(.text)
    I2C3_EV_IRQHandler                       0x900002c7   Thumb Code     0  startup_stm32h743xx.o(.text)
    I2C4_ER_IRQHandler                       0x900002c7   Thumb Code     0  startup_stm32h743xx.o(.text)
    I2C4_EV_IRQHandler                       0x900002c7   Thumb Code     0  startup_stm32h743xx.o(.text)
    JPEG_IRQHandler                          0x900002c7   Thumb Code     0  startup_stm32h743xx.o(.text)
    LPTIM1_IRQHandler                        0x900002c7   Thumb Code     0  startup_stm32h743xx.o(.text)
    LPTIM2_IRQHandler                        0x900002c7   Thumb Code     0  startup_stm32h743xx.o(.text)
    LPTIM3_IRQHandler                        0x900002c7   Thumb Code     0  startup_stm32h743xx.o(.text)
    LPTIM4_IRQHandler                        0x900002c7   Thumb Code     0  startup_stm32h743xx.o(.text)
    LPTIM5_IRQHandler                        0x900002c7   Thumb Code     0  startup_stm32h743xx.o(.text)
    LPUART1_IRQHandler                       0x900002c7   Thumb Code     0  startup_stm32h743xx.o(.text)
    LTDC_ER_IRQHandler                       0x900002c7   Thumb Code     0  startup_stm32h743xx.o(.text)
    LTDC_IRQHandler                          0x900002c7   Thumb Code     0  startup_stm32h743xx.o(.text)
    MDIOS_IRQHandler                         0x900002c7   Thumb Code     0  startup_stm32h743xx.o(.text)
    MDIOS_WKUP_IRQHandler                    0x900002c7   Thumb Code     0  startup_stm32h743xx.o(.text)
    OTG_FS_EP1_IN_IRQHandler                 0x900002c7   Thumb Code     0  startup_stm32h743xx.o(.text)
    OTG_FS_EP1_OUT_IRQHandler                0x900002c7   Thumb Code     0  startup_stm32h743xx.o(.text)
    OTG_FS_IRQHandler                        0x900002c7   Thumb Code     0  startup_stm32h743xx.o(.text)
    OTG_FS_WKUP_IRQHandler                   0x900002c7   Thumb Code     0  startup_stm32h743xx.o(.text)
    OTG_HS_EP1_IN_IRQHandler                 0x900002c7   Thumb Code     0  startup_stm32h743xx.o(.text)
    OTG_HS_EP1_OUT_IRQHandler                0x900002c7   Thumb Code     0  startup_stm32h743xx.o(.text)
    OTG_HS_IRQHandler                        0x900002c7   Thumb Code     0  startup_stm32h743xx.o(.text)
    OTG_HS_WKUP_IRQHandler                   0x900002c7   Thumb Code     0  startup_stm32h743xx.o(.text)
    PVD_AVD_IRQHandler                       0x900002c7   Thumb Code     0  startup_stm32h743xx.o(.text)
    QUADSPI_IRQHandler                       0x900002c7   Thumb Code     0  startup_stm32h743xx.o(.text)
    RCC_IRQHandler                           0x900002c7   Thumb Code     0  startup_stm32h743xx.o(.text)
    RNG_IRQHandler                           0x900002c7   Thumb Code     0  startup_stm32h743xx.o(.text)
    RTC_Alarm_IRQHandler                     0x900002c7   Thumb Code     0  startup_stm32h743xx.o(.text)
    RTC_WKUP_IRQHandler                      0x900002c7   Thumb Code     0  startup_stm32h743xx.o(.text)
    SAI3_IRQHandler                          0x900002c7   Thumb Code     0  startup_stm32h743xx.o(.text)
    SAI4_IRQHandler                          0x900002c7   Thumb Code     0  startup_stm32h743xx.o(.text)
    SDMMC2_IRQHandler                        0x900002c7   Thumb Code     0  startup_stm32h743xx.o(.text)
    SPDIF_RX_IRQHandler                      0x900002c7   Thumb Code     0  startup_stm32h743xx.o(.text)
    SPI1_IRQHandler                          0x900002c7   Thumb Code     0  startup_stm32h743xx.o(.text)
    SPI2_IRQHandler                          0x900002c7   Thumb Code     0  startup_stm32h743xx.o(.text)
    SPI3_IRQHandler                          0x900002c7   Thumb Code     0  startup_stm32h743xx.o(.text)
    SPI4_IRQHandler                          0x900002c7   Thumb Code     0  startup_stm32h743xx.o(.text)
    SPI5_IRQHandler                          0x900002c7   Thumb Code     0  startup_stm32h743xx.o(.text)
    SPI6_IRQHandler                          0x900002c7   Thumb Code     0  startup_stm32h743xx.o(.text)
    SWPMI1_IRQHandler                        0x900002c7   Thumb Code     0  startup_stm32h743xx.o(.text)
    TAMP_STAMP_IRQHandler                    0x900002c7   Thumb Code     0  startup_stm32h743xx.o(.text)
    TIM15_IRQHandler                         0x900002c7   Thumb Code     0  startup_stm32h743xx.o(.text)
    TIM16_IRQHandler                         0x900002c7   Thumb Code     0  startup_stm32h743xx.o(.text)
    TIM17_IRQHandler                         0x900002c7   Thumb Code     0  startup_stm32h743xx.o(.text)
    TIM1_BRK_IRQHandler                      0x900002c7   Thumb Code     0  startup_stm32h743xx.o(.text)
    TIM1_CC_IRQHandler                       0x900002c7   Thumb Code     0  startup_stm32h743xx.o(.text)
    TIM1_TRG_COM_IRQHandler                  0x900002c7   Thumb Code     0  startup_stm32h743xx.o(.text)
    TIM1_UP_IRQHandler                       0x900002c7   Thumb Code     0  startup_stm32h743xx.o(.text)
    TIM2_IRQHandler                          0x900002c7   Thumb Code     0  startup_stm32h743xx.o(.text)
    TIM3_IRQHandler                          0x900002c7   Thumb Code     0  startup_stm32h743xx.o(.text)
    TIM4_IRQHandler                          0x900002c7   Thumb Code     0  startup_stm32h743xx.o(.text)
    TIM5_IRQHandler                          0x900002c7   Thumb Code     0  startup_stm32h743xx.o(.text)
    TIM6_DAC_IRQHandler                      0x900002c7   Thumb Code     0  startup_stm32h743xx.o(.text)
    TIM7_IRQHandler                          0x900002c7   Thumb Code     0  startup_stm32h743xx.o(.text)
    TIM8_BRK_TIM12_IRQHandler                0x900002c7   Thumb Code     0  startup_stm32h743xx.o(.text)
    TIM8_CC_IRQHandler                       0x900002c7   Thumb Code     0  startup_stm32h743xx.o(.text)
    TIM8_TRG_COM_TIM14_IRQHandler            0x900002c7   Thumb Code     0  startup_stm32h743xx.o(.text)
    TIM8_UP_TIM13_IRQHandler                 0x900002c7   Thumb Code     0  startup_stm32h743xx.o(.text)
    UART4_IRQHandler                         0x900002c7   Thumb Code     0  startup_stm32h743xx.o(.text)
    UART5_IRQHandler                         0x900002c7   Thumb Code     0  startup_stm32h743xx.o(.text)
    UART7_IRQHandler                         0x900002c7   Thumb Code     0  startup_stm32h743xx.o(.text)
    UART8_IRQHandler                         0x900002c7   Thumb Code     0  startup_stm32h743xx.o(.text)
    USART1_IRQHandler                        0x900002c7   Thumb Code     0  startup_stm32h743xx.o(.text)
    USART2_IRQHandler                        0x900002c7   Thumb Code     0  startup_stm32h743xx.o(.text)
    USART3_IRQHandler                        0x900002c7   Thumb Code     0  startup_stm32h743xx.o(.text)
    USART6_IRQHandler                        0x900002c7   Thumb Code     0  startup_stm32h743xx.o(.text)
    WAKEUP_PIN_IRQHandler                    0x900002c7   Thumb Code     0  startup_stm32h743xx.o(.text)
    WWDG_IRQHandler                          0x900002c7   Thumb Code     0  startup_stm32h743xx.o(.text)
    CPU_IntDis                               0x900002d1   Thumb Code     0  cpu_a.o(.text)
    CPU_IntEn                                0x900002d5   Thumb Code     0  cpu_a.o(.text)
    CPU_SR_Save                              0x900002d9   Thumb Code     0  cpu_a.o(.text)
    CPU_SR_Restore                           0x900002e1   Thumb Code     0  cpu_a.o(.text)
    CPU_WaitForInt                           0x900002e7   Thumb Code     0  cpu_a.o(.text)
    CPU_WaitForExcept                        0x900002eb   Thumb Code     0  cpu_a.o(.text)
    CPU_CntLeadZeros                         0x900002ef   Thumb Code     0  cpu_a.o(.text)
    CPU_CntTrailZeros                        0x900002f5   Thumb Code     0  cpu_a.o(.text)
    CPU_RevBits                              0x900002ff   Thumb Code     0  cpu_a.o(.text)
    __aeabi_memset                           0x90000305   Thumb Code    14  memseta.o(.text)
    __aeabi_memset4                          0x90000305   Thumb Code     0  memseta.o(.text)
    __aeabi_memset8                          0x90000305   Thumb Code     0  memseta.o(.text)
    __aeabi_memclr                           0x90000313   Thumb Code     4  memseta.o(.text)
    __aeabi_memclr4                          0x90000313   Thumb Code     0  memseta.o(.text)
    __aeabi_memclr8                          0x90000313   Thumb Code     0  memseta.o(.text)
    _memset$wrapper                          0x90000317   Thumb Code    18  memseta.o(.text)
    __aeabi_uidiv                            0x90000329   Thumb Code     0  uidiv.o(.text)
    __aeabi_uidivmod                         0x90000329   Thumb Code    44  uidiv.o(.text)
    __scatterload                            0x90000355   Thumb Code    28  init.o(.text)
    __scatterload_rt2                        0x90000355   Thumb Code     0  init.o(.text)
    OS_CPU_FP_Reg_Push                       0x90000379   Thumb Code     0  os_cpu_a.o(CODE)
    OS_CPU_FP_Reg_Pop                        0x9000038b   Thumb Code     0  os_cpu_a.o(CODE)
    OSStartHighRdy                           0x90000397   Thumb Code     0  os_cpu_a.o(CODE)
    OSCtxSw                                  0x90000411   Thumb Code     0  os_cpu_a.o(CODE)
    OSIntCtxSw                               0x9000041b   Thumb Code     0  os_cpu_a.o(CODE)
    OS_CPU_PendSVHandler                     0x90000425   Thumb Code     0  os_cpu_a.o(CODE)
    BSP_ClkFreqGet                           0x90000481   Thumb Code    52  bsp.o(i.BSP_ClkFreqGet)
    BSP_Init                                 0x900004b5   Thumb Code    98  bsp.o(i.BSP_Init)
    BSP_MPU_ConfigRegion                     0x9000051d   Thumb Code   142  bsp_mpu.o(i.BSP_MPU_ConfigRegion)
    BSP_OSTickInit                           0x900005b1   Thumb Code    18  bsp.o(i.BSP_OSTickInit)
    Board_MPU_Config                         0x900005c3   Thumb Code   168  bsp_mpu.o(i.Board_MPU_Config)
    BusFault_Handler                         0x9000066b   Thumb Code     4  stm32h7xx_it.o(i.BusFault_Handler)
    CPU_Init                                 0x9000066f   Thumb Code    16  cpu_core.o(i.CPU_Init)
    CPU_IntDisMeasMaxCurGet                  0x90000721   Thumb Code    40  cpu_core.o(i.CPU_IntDisMeasMaxCurGet)
    CPU_IntDisMeasMaxCurReset                0x9000074d   Thumb Code    40  cpu_core.o(i.CPU_IntDisMeasMaxCurReset)
    CPU_IntDisMeasMaxGet                     0x90000779   Thumb Code    40  cpu_core.o(i.CPU_IntDisMeasMaxGet)
    CPU_IntDisMeasStart                      0x900007a5   Thumb Code    38  cpu_core.o(i.CPU_IntDisMeasStart)
    CPU_IntDisMeasStop                       0x900007d9   Thumb Code    62  cpu_core.o(i.CPU_IntDisMeasStop)
    CPU_NameClr                              0x9000082d   Thumb Code    50  cpu_core.o(i.CPU_NameClr)
    CPU_StatReset                            0x9000086d   Thumb Code     8  cpu_core.o(i.CPU_StatReset)
    CPU_TS_TmrFreqSet                        0x9000088d   Thumb Code     6  cpu_core.o(i.CPU_TS_TmrFreqSet)
    CPU_TS_TmrInit                           0x90000899   Thumb Code    70  cpu_bsp.o(i.CPU_TS_TmrInit)
    CPU_TS_TmrRd                             0x900008f1   Thumb Code     6  cpu_bsp.o(i.CPU_TS_TmrRd)
    CSR8675_Init                             0x900008fd   Thumb Code    52  csr8675.o(i.CSR8675_Init)
    DFSDM1_FLT0_IRQHandler                   0x90000a2d   Thumb Code    18  stm32h7xx_it.o(i.DFSDM1_FLT0_IRQHandler)
    DFSDM1_FLT1_IRQHandler                   0x90000a45   Thumb Code    18  stm32h7xx_it.o(i.DFSDM1_FLT1_IRQHandler)
    DFSDM_Init                               0x90000ac5   Thumb Code    72  dfsdm.o(i.DFSDM_Init)
    DMA1_Stream0_IRQHandler                  0x90000b11   Thumb Code    18  stm32h7xx_it.o(i.DMA1_Stream0_IRQHandler)
    DMA1_Stream1_IRQHandler                  0x90000b29   Thumb Code    12  stm32h7xx_it.o(i.DMA1_Stream1_IRQHandler)
    DMA1_Stream2_IRQHandler                  0x90000b35   Thumb Code    12  stm32h7xx_it.o(i.DMA1_Stream2_IRQHandler)
    DMA1_Stream3_IRQHandler                  0x90000b41   Thumb Code    10  stm32h7xx_it.o(i.DMA1_Stream3_IRQHandler)
    DMA1_Stream4_IRQHandler                  0x90000b51   Thumb Code    24  stm32h7xx_it.o(i.DMA1_Stream4_IRQHandler)
    DMA1_Stream5_IRQHandler                  0x90000b71   Thumb Code    18  stm32h7xx_it.o(i.DMA1_Stream5_IRQHandler)
    DebugMon_Handler                         0x90000de9   Thumb Code     2  stm32h7xx_it.o(i.DebugMon_Handler)
    ERR_H                                    0x90000deb   Thumb Code    10  app.o(i.ERR_H)
    ES9038_Init                              0x90000df5   Thumb Code    52  es9038.o(i.ES9038_Init)
    EXTI15_10_IRQHandler                     0x90000e2d   Thumb Code    20  stm32h7xx_it.o(i.EXTI15_10_IRQHandler)
    EXTI3_IRQHandler                         0x90000e41   Thumb Code    38  app_lcd.o(i.EXTI3_IRQHandler)
    Error_Handler                            0x90000e71   Thumb Code     4  app.o(i.Error_Handler)
    HAL_DFSDM_ChannelCkabCallback            0x90000f35   Thumb Code     2  stm32h7xx_hal_dfsdm.o(i.HAL_DFSDM_ChannelCkabCallback)
    HAL_DFSDM_ChannelInit                    0x90000f39   Thumb Code   324  stm32h7xx_hal_dfsdm.o(i.HAL_DFSDM_ChannelInit)
    HAL_DFSDM_ChannelMspInit                 0x90001089   Thumb Code   156  dfsdm.o(i.HAL_DFSDM_ChannelMspInit)
    HAL_DFSDM_ChannelScdCallback             0x90001135   Thumb Code     2  stm32h7xx_hal_dfsdm.o(i.HAL_DFSDM_ChannelScdCallback)
    HAL_DFSDM_FilterAwdCallback              0x90001137   Thumb Code     2  stm32h7xx_hal_dfsdm.o(i.HAL_DFSDM_FilterAwdCallback)
    HAL_DFSDM_FilterConfigRegChannel         0x90001139   Thumb Code    82  stm32h7xx_hal_dfsdm.o(i.HAL_DFSDM_FilterConfigRegChannel)
    HAL_DFSDM_FilterErrorCallback            0x90001191   Thumb Code     2  stm32h7xx_hal_dfsdm.o(i.HAL_DFSDM_FilterErrorCallback)
    HAL_DFSDM_FilterInit                     0x90001195   Thumb Code   314  stm32h7xx_hal_dfsdm.o(i.HAL_DFSDM_FilterInit)
    HAL_DFSDM_FilterInjConvCpltCallback      0x900012dd   Thumb Code     2  stm32h7xx_hal_dfsdm.o(i.HAL_DFSDM_FilterInjConvCpltCallback)
    HAL_DFSDM_FilterMspInit                  0x900012e1   Thumb Code   218  dfsdm.o(i.HAL_DFSDM_FilterMspInit)
    HAL_DFSDM_FilterRegConvCpltCallback      0x900013d1   Thumb Code     2  stm32h7xx_hal_dfsdm.o(i.HAL_DFSDM_FilterRegConvCpltCallback)
    HAL_DFSDM_IRQHandler                     0x900013d5   Thumb Code   598  stm32h7xx_hal_dfsdm.o(i.HAL_DFSDM_IRQHandler)
    HAL_DMA_Abort                            0x90001635   Thumb Code   314  stm32h7xx_hal_dma.o(i.HAL_DMA_Abort)
    HAL_DMA_Abort_IT                         0x9000177d   Thumb Code   236  stm32h7xx_hal_dma.o(i.HAL_DMA_Abort_IT)
    HAL_DMA_IRQHandler                       0x90001875   Thumb Code  1094  stm32h7xx_hal_dma.o(i.HAL_DMA_IRQHandler)
    HAL_DMA_Init                             0x90001cc1   Thumb Code   512  stm32h7xx_hal_dma.o(i.HAL_DMA_Init)
    HAL_DMA_Start_IT                         0x90001ed1   Thumb Code   328  stm32h7xx_hal_dma.o(i.HAL_DMA_Start_IT)
    HAL_GPIO_EXTI_Callback                   0x90002021   Thumb Code    28  es9038.o(i.HAL_GPIO_EXTI_Callback)
    HAL_GPIO_EXTI_IRQHandler                 0x90002041   Thumb Code    24  stm32h7xx_hal_gpio.o(i.HAL_GPIO_EXTI_IRQHandler)
    HAL_GPIO_Init                            0x9000205d   Thumb Code   534  stm32h7xx_hal_gpio.o(i.HAL_GPIO_Init)
    HAL_GetTick                              0x900022a9   Thumb Code    14  bsp.o(i.HAL_GetTick)
    HAL_I2CEx_ConfigAnalogFilter             0x90002399   Thumb Code   106  stm32h7xx_hal_i2c_ex.o(i.HAL_I2CEx_ConfigAnalogFilter)
    HAL_I2CEx_ConfigDigitalFilter            0x90002403   Thumb Code   106  stm32h7xx_hal_i2c_ex.o(i.HAL_I2CEx_ConfigDigitalFilter)
    HAL_I2CEx_EnableFastModePlus             0x9000246d   Thumb Code    42  stm32h7xx_hal_i2c_ex.o(i.HAL_I2CEx_EnableFastModePlus)
    HAL_I2C_AbortCpltCallback                0x900024a1   Thumb Code     2  stm32h7xx_hal_i2c.o(i.HAL_I2C_AbortCpltCallback)
    HAL_I2C_AddrCallback                     0x900024a3   Thumb Code     2  stm32h7xx_hal_i2c.o(i.HAL_I2C_AddrCallback)
    HAL_I2C_ER_IRQHandler                    0x900024a5   Thumb Code   114  stm32h7xx_hal_i2c.o(i.HAL_I2C_ER_IRQHandler)
    HAL_I2C_EV_IRQHandler                    0x90002517   Thumb Code    28  stm32h7xx_hal_i2c.o(i.HAL_I2C_EV_IRQHandler)
    HAL_I2C_ErrorCallback                    0x90002533   Thumb Code     2  stm32h7xx_hal_i2c.o(i.HAL_I2C_ErrorCallback)
    HAL_I2C_Init                             0x90002535   Thumb Code   192  stm32h7xx_hal_i2c.o(i.HAL_I2C_Init)
    HAL_I2C_ListenCpltCallback               0x900025f9   Thumb Code     2  stm32h7xx_hal_i2c.o(i.HAL_I2C_ListenCpltCallback)
    HAL_I2C_MasterRxCpltCallback             0x900025fb   Thumb Code     2  stm32h7xx_hal_i2c.o(i.HAL_I2C_MasterRxCpltCallback)
    HAL_I2C_MasterTxCpltCallback             0x900025fd   Thumb Code     2  stm32h7xx_hal_i2c.o(i.HAL_I2C_MasterTxCpltCallback)
    HAL_I2C_Master_Transmit                  0x90002601   Thumb Code   364  stm32h7xx_hal_i2c.o(i.HAL_I2C_Master_Transmit)
    HAL_I2C_Master_Transmit_DMA              0x90002775   Thumb Code   266  stm32h7xx_hal_i2c.o(i.HAL_I2C_Master_Transmit_DMA)
    HAL_I2C_MemRxCpltCallback                0x90002899   Thumb Code     2  stm32h7xx_hal_i2c.o(i.HAL_I2C_MemRxCpltCallback)
    HAL_I2C_MemTxCpltCallback                0x9000289b   Thumb Code     2  stm32h7xx_hal_i2c.o(i.HAL_I2C_MemTxCpltCallback)
    HAL_I2C_MspInit                          0x9000289d   Thumb Code     2  stm32h7xx_hal_i2c.o(i.HAL_I2C_MspInit)
    HAL_I2C_SlaveRxCpltCallback              0x9000289f   Thumb Code     2  stm32h7xx_hal_i2c.o(i.HAL_I2C_SlaveRxCpltCallback)
    HAL_I2C_SlaveTxCpltCallback              0x900028a1   Thumb Code     2  stm32h7xx_hal_i2c.o(i.HAL_I2C_SlaveTxCpltCallback)
    HAL_Init                                 0x900028a3   Thumb Code    28  stm32h7xx_hal.o(i.HAL_Init)
    HAL_InitTick                             0x900028bf   Thumb Code    14  bsp.o(i.HAL_InitTick)
    HAL_MPU_ConfigRegion                     0x900028cd   Thumb Code    88  stm32h7xx_hal_cortex.o(i.HAL_MPU_ConfigRegion)
    HAL_MspInit                              0x90002929   Thumb Code     2  stm32h7xx_hal.o(i.HAL_MspInit)
    HAL_NVIC_EnableIRQ                       0x9000292b   Thumb Code    32  stm32h7xx_hal_cortex.o(i.HAL_NVIC_EnableIRQ)
    HAL_NVIC_SetPriority                     0x9000294b   Thumb Code   124  stm32h7xx_hal_cortex.o(i.HAL_NVIC_SetPriority)
    HAL_NVIC_SetPriorityGrouping             0x900029c9   Thumb Code    32  stm32h7xx_hal_cortex.o(i.HAL_NVIC_SetPriorityGrouping)
    HAL_PWREx_ConfigSupply                   0x900029f1   Thumb Code    76  stm32h7xx_hal_pwr_ex.o(i.HAL_PWREx_ConfigSupply)
    HAL_RCCEx_GetD1SysClockFreq              0x90002a41   Thumb Code    44  stm32h7xx_hal_rcc_ex.o(i.HAL_RCCEx_GetD1SysClockFreq)
    HAL_RCCEx_GetPLL1ClockFreq               0x90002a79   Thumb Code   524  stm32h7xx_hal_rcc_ex.o(i.HAL_RCCEx_GetPLL1ClockFreq)
    HAL_RCCEx_GetPLL2ClockFreq               0x90002c9d   Thumb Code   532  stm32h7xx_hal_rcc_ex.o(i.HAL_RCCEx_GetPLL2ClockFreq)
    HAL_RCCEx_GetPLL3ClockFreq               0x90002ec9   Thumb Code   532  stm32h7xx_hal_rcc_ex.o(i.HAL_RCCEx_GetPLL3ClockFreq)
    HAL_RCCEx_GetPeriphCLKFreq               0x900030f5   Thumb Code   630  stm32h7xx_hal_rcc_ex.o(i.HAL_RCCEx_GetPeriphCLKFreq)
    HAL_RCCEx_PeriphCLKConfig                0x90003381   Thumb Code  3204  stm32h7xx_hal_rcc_ex.o(i.HAL_RCCEx_PeriphCLKConfig)
    HAL_RCC_ClockConfig                      0x90004009   Thumb Code   574  stm32h7xx_hal_rcc.o(i.HAL_RCC_ClockConfig)
    HAL_RCC_GetHCLKFreq                      0x90004259   Thumb Code    42  stm32h7xx_hal_rcc.o(i.HAL_RCC_GetHCLKFreq)
    HAL_RCC_GetPCLK1Freq                     0x90004291   Thumb Code    34  stm32h7xx_hal_rcc.o(i.HAL_RCC_GetPCLK1Freq)
    HAL_RCC_GetPCLK2Freq                     0x900042bd   Thumb Code    36  stm32h7xx_hal_rcc.o(i.HAL_RCC_GetPCLK2Freq)
    HAL_RCC_GetSysClockFreq                  0x900042e9   Thumb Code   556  stm32h7xx_hal_rcc.o(i.HAL_RCC_GetSysClockFreq)
    HAL_RCC_OscConfig                        0x9000452d   Thumb Code  1716  stm32h7xx_hal_rcc.o(i.HAL_RCC_OscConfig)
    HAL_SAI1A_MspInit                        0x90004be9   Thumb Code   254  es9038.o(i.HAL_SAI1A_MspInit)
    HAL_SAI_Abort                            0x90004e0d   Thumb Code   138  stm32h7xx_hal_sai.o(i.HAL_SAI_Abort)
    HAL_SAI_ErrorCallback                    0x90004e97   Thumb Code     2  stm32h7xx_hal_sai.o(i.HAL_SAI_ErrorCallback)
    HAL_SAI_IRQHandler                       0x90004e99   Thumb Code   492  stm32h7xx_hal_sai.o(i.HAL_SAI_IRQHandler)
    HAL_SAI_Init                             0x90005089   Thumb Code   788  stm32h7xx_hal_sai.o(i.HAL_SAI_Init)
    HAL_SAI_InitProtocol                     0x900053b5   Thumb Code    88  stm32h7xx_hal_sai.o(i.HAL_SAI_InitProtocol)
    HAL_SAI_MspInit                          0x9000540d   Thumb Code     2  stm32h7xx_hal_sai.o(i.HAL_SAI_MspInit)
    HAL_SDEx_Read_DMADoubleBuffer0CpltCallback 0x9000540f   Thumb Code     2  stm32h7xx_hal_sd.o(i.HAL_SDEx_Read_DMADoubleBuffer0CpltCallback)
    HAL_SDEx_Read_DMADoubleBuffer1CpltCallback 0x90005411   Thumb Code     2  stm32h7xx_hal_sd.o(i.HAL_SDEx_Read_DMADoubleBuffer1CpltCallback)
    HAL_SDEx_Write_DMADoubleBuffer0CpltCallback 0x90005413   Thumb Code     2  stm32h7xx_hal_sd.o(i.HAL_SDEx_Write_DMADoubleBuffer0CpltCallback)
    HAL_SDEx_Write_DMADoubleBuffer1CpltCallback 0x90005415   Thumb Code     2  stm32h7xx_hal_sd.o(i.HAL_SDEx_Write_DMADoubleBuffer1CpltCallback)
    HAL_SD_ErrorCallback                     0x90005417   Thumb Code     2  stm32h7xx_hal_sd.o(i.HAL_SD_ErrorCallback)
    HAL_SD_GetCardState                      0x90005419   Thumb Code    46  stm32h7xx_hal_sd.o(i.HAL_SD_GetCardState)
    HAL_SD_IRQHandler                        0x9000544d   Thumb Code   634  stm32h7xx_hal_sd.o(i.HAL_SD_IRQHandler)
    HAL_SD_RxCpltCallback                    0x900056d1   Thumb Code     8  bsp_sdio_sd.o(i.HAL_SD_RxCpltCallback)
    HAL_SD_TxCpltCallback                    0x900056dd   Thumb Code     8  bsp_sdio_sd.o(i.HAL_SD_TxCpltCallback)
    HardFault_Handler                        0x900056e9   Thumb Code     4  stm32h7xx_it.o(i.HardFault_Handler)
    I2C1_ER_IRQHandler                       0x900056ed   Thumb Code    18  stm32h7xx_it.o(i.I2C1_ER_IRQHandler)
    I2C1_EV_IRQHandler                       0x90005705   Thumb Code    18  stm32h7xx_it.o(i.I2C1_EV_IRQHandler)
    Init_Task                                0x90006499   Thumb Code   104  main.o(i.Init_Task)
    LED_Task                                 0x9000651d   Thumb Code    60  main.o(i.LED_Task)
    MDMA_IRQHandler                          0x90006561   Thumb Code    12  stm32h7xx_it.o(i.MDMA_IRQHandler)
    MemManage_Handler                        0x90006689   Thumb Code     4  stm32h7xx_it.o(i.MemManage_Handler)
    Mem_Clr                                  0x9000668d   Thumb Code    18  lib_mem.o(i.Mem_Clr)
    Mem_Set                                  0x9000669f   Thumb Code    84  lib_mem.o(i.Mem_Set)
    NMI_Handler                              0x900066f3   Thumb Code     2  stm32h7xx_it.o(i.NMI_Handler)
    OLED_Clear                               0x900066f5   Thumb Code    38  oled.o(i.OLED_Clear)
    OLED_DrawPoint                           0x90006721   Thumb Code   110  oled.o(i.OLED_DrawPoint)
    OLED_Init                                0x90006795   Thumb Code   202  oled.o(i.OLED_Init)
    OLED_Refresh_Gram                        0x90006865   Thumb Code    64  oled.o(i.OLED_Refresh_Gram)
    OLED_SetPos                              0x900068ad   Thumb Code    40  oled.o(i.OLED_SetPos)
    OLED_ShowChar                            0x900068d5   Thumb Code   254  oled.o(i.OLED_ShowChar)
    OLED_ShowString                          0x900069e1   Thumb Code    94  oled.o(i.OLED_ShowString)
    OSCfg_Init                               0x90006a3f   Thumb Code     2  os_cfg_app.o(i.OSCfg_Init)
    OSIdleTaskHook                           0x90006a41   Thumb Code    16  os_cpu_c.o(i.OSIdleTaskHook)
    OSInit                                   0x90006a55   Thumb Code   242  os_core.o(i.OSInit)
    OSInitHook                               0x90006bb1   Thumb Code    46  os_cpu_c.o(i.OSInitHook)
    OSIntEnter                               0x90006bf1   Thumb Code    34  os_core.o(i.OSIntEnter)
    OSIntExit                                0x90006c1d   Thumb Code   184  os_core.o(i.OSIntExit)
    OSMutexCreate                            0x90006cf5   Thumb Code   124  os_mutex.o(i.OSMutexCreate)
    OSMutexPend                              0x90006d7d   Thumb Code   544  os_mutex.o(i.OSMutexPend)
    OSMutexPost                              0x90006fb1   Thumb Code   430  os_mutex.o(i.OSMutexPost)
    OSSched                                  0x90007175   Thumb Code   152  os_core.o(i.OSSched)
    OSSchedLock                              0x9000722d   Thumb Code   106  os_core.o(i.OSSchedLock)
    OSSchedUnlock                            0x900072a5   Thumb Code   140  os_core.o(i.OSSchedUnlock)
    OSStart                                  0x9000733d   Thumb Code   122  os_core.o(i.OSStart)
    OSStatReset                              0x900073d9   Thumb Code   300  os_stat.o(i.OSStatReset)
    OSStatTaskHook                           0x90007525   Thumb Code    16  os_cpu_c.o(i.OSStatTaskHook)
    OSTaskCreate                             0x90007539   Thumb Code   430  os_task.o(i.OSTaskCreate)
    OSTaskCreateHook                         0x900076fd   Thumb Code    20  os_cpu_c.o(i.OSTaskCreateHook)
    OSTaskDel                                0x90007715   Thumb Code   426  os_task.o(i.OSTaskDel)
    OSTaskDelHook                            0x900078d5   Thumb Code    20  os_cpu_c.o(i.OSTaskDelHook)
    OSTaskReturnHook                         0x900078ed   Thumb Code    20  os_cpu_c.o(i.OSTaskReturnHook)
    OSTaskSemPend                            0x90007905   Thumb Code   510  os_task.o(i.OSTaskSemPend)
    OSTaskSemPost                            0x90007b15   Thumb Code   344  os_task.o(i.OSTaskSemPost)
    OSTaskStkChk                             0x90007c75   Thumb Code   218  os_task.o(i.OSTaskStkChk)
    OSTaskStkInit                            0x90007d59   Thumb Code   602  os_cpu_c.o(i.OSTaskStkInit)
    OSTaskSwHook                             0x90008021   Thumb Code   132  os_cpu_c.o(i.OSTaskSwHook)
    OSTimeDly                                0x900080b1   Thumb Code   192  os_time.o(i.OSTimeDly)
    OSTimeGet                                0x90008181   Thumb Code    54  os_time.o(i.OSTimeGet)
    OSTimeTick                               0x900081bd   Thumb Code    62  os_time.o(i.OSTimeTick)
    OSTimeTickHook                           0x90008211   Thumb Code    16  os_cpu_c.o(i.OSTimeTickHook)
    OS_CPU_SysTickHandler                    0x90008225   Thumb Code    54  os_cpu_c.o(i.OS_CPU_SysTickHandler)
    OS_CPU_SysTickInit                       0x9000825d   Thumb Code    44  os_cpu_c.o(i.OS_CPU_SysTickInit)
    OS_CPU_SysTickInitFreq                   0x9000828d   Thumb Code    20  os_cpu_c.o(i.OS_CPU_SysTickInitFreq)
    OS_Dbg_Init                              0x900082a5   Thumb Code   140  os_dbg.o(i.OS_Dbg_Init)
    OS_IdleTask                              0x90008439   Thumb Code    66  os_core.o(i.OS_IdleTask)
    OS_IdleTaskInit                          0x90008485   Thumb Code    66  os_core.o(i.OS_IdleTaskInit)
    OS_MemInit                               0x900084f5   Thumb Code    14  os_mem.o(i.OS_MemInit)
    OS_MsgPoolInit                           0x9000850d   Thumb Code   110  os_msg.o(i.OS_MsgPoolInit)
    OS_MsgQFreeAll                           0x90008589   Thumb Code    60  os_msg.o(i.OS_MsgQFreeAll)
    OS_MsgQInit                              0x900085c9   Thumb Code    14  os_msg.o(i.OS_MsgQInit)
    OS_MutexDbgListAdd                       0x900085d9   Thumb Code    38  os_mutex.o(i.OS_MutexDbgListAdd)
    OS_MutexGrpAdd                           0x90008609   Thumb Code     8  os_mutex.o(i.OS_MutexGrpAdd)
    OS_MutexGrpPostAll                       0x90008611   Thumb Code    94  os_mutex.o(i.OS_MutexGrpPostAll)
    OS_MutexGrpPrioFindHighest               0x9000866f   Thumb Code    42  os_mutex.o(i.OS_MutexGrpPrioFindHighest)
    OS_MutexGrpRemove                        0x90008699   Thumb Code    28  os_mutex.o(i.OS_MutexGrpRemove)
    OS_Pend                                  0x900086b5   Thumb Code    84  os_core.o(i.OS_Pend)
    OS_PendDbgNameAdd                        0x9000870d   Thumb Code    64  os_core.o(i.OS_PendDbgNameAdd)
    OS_PendDbgNameRemove                     0x90008765   Thumb Code    32  os_core.o(i.OS_PendDbgNameRemove)
    OS_PendListChangePrio                    0x90008789   Thumb Code    34  os_core.o(i.OS_PendListChangePrio)
    OS_PendListInit                          0x900087ab   Thumb Code    10  os_core.o(i.OS_PendListInit)
    OS_PendListInsertPrio                    0x900087b5   Thumb Code   102  os_core.o(i.OS_PendListInsertPrio)
    OS_PendListRemove                        0x9000881b   Thumb Code    78  os_core.o(i.OS_PendListRemove)
    OS_Post                                  0x90008869   Thumb Code   172  os_core.o(i.OS_Post)
    OS_PrioGetHighest                        0x90008915   Thumb Code    20  os_prio.o(i.OS_PrioGetHighest)
    OS_PrioInit                              0x9000892d   Thumb Code    20  os_prio.o(i.OS_PrioInit)
    OS_PrioInsert                            0x90008945   Thumb Code    30  os_prio.o(i.OS_PrioInsert)
    OS_PrioRemove                            0x90008969   Thumb Code    30  os_prio.o(i.OS_PrioRemove)
    OS_RdyListInit                           0x9000898d   Thumb Code    30  os_core.o(i.OS_RdyListInit)
    OS_RdyListInsert                         0x900089b1   Thumb Code    40  os_core.o(i.OS_RdyListInsert)
    OS_RdyListInsertHead                     0x900089dd   Thumb Code    58  os_core.o(i.OS_RdyListInsertHead)
    OS_RdyListInsertTail                     0x90008a1d   Thumb Code    56  os_core.o(i.OS_RdyListInsertTail)
    OS_RdyListRemove                         0x90008a59   Thumb Code    86  os_core.o(i.OS_RdyListRemove)
    OS_StatTask                              0x90008ab5   Thumb Code   738  os_stat.o(i.OS_StatTask)
    OS_StatTaskInit                          0x90008dd9   Thumb Code   136  os_stat.o(i.OS_StatTaskInit)
    OS_TaskBlock                             0x90008ea5   Thumb Code    40  os_core.o(i.OS_TaskBlock)
    OS_TaskChangePrio                        0x90008ed1   Thumb Code   228  os_task.o(i.OS_TaskChangePrio)
    OS_TaskDbgListAdd                        0x90008fb9   Thumb Code    42  os_task.o(i.OS_TaskDbgListAdd)
    OS_TaskDbgListRemove                     0x90008fe9   Thumb Code    64  os_task.o(i.OS_TaskDbgListRemove)
    OS_TaskInit                              0x9000902d   Thumb Code    18  os_task.o(i.OS_TaskInit)
    OS_TaskInitTCB                           0x9000904d   Thumb Code   198  os_task.o(i.OS_TaskInitTCB)
    OS_TaskReturn                            0x90009121   Thumb Code    20  os_task.o(i.OS_TaskReturn)
    OS_TickListInsert                        0x90009139   Thumb Code   134  os_tick.o(i.OS_TickListInsert)
    OS_TickListInsertDly                     0x900091c1   Thumb Code   158  os_tick.o(i.OS_TickListInsertDly)
    OS_TickListRemove                        0x90009269   Thumb Code    88  os_tick.o(i.OS_TickListRemove)
    OS_TickTask                              0x90009485   Thumb Code   106  os_tick.o(i.OS_TickTask)
    OS_TickTaskInit                          0x900094f9   Thumb Code   140  os_tick.o(i.OS_TickTaskInit)
    OS_TmrInit                               0x900095c1   Thumb Code   200  os_tmr.o(i.OS_TmrInit)
    OS_TmrTask                               0x9000970d   Thumb Code   134  os_tmr.o(i.OS_TmrTask)
    OS_TmrUnlink                             0x900097a1   Thumb Code    58  os_tmr.o(i.OS_TmrUnlink)
    SAI1_IRQHandler                          0x900099e9   Thumb Code    18  stm32h7xx_it.o(i.SAI1_IRQHandler)
    SAI2_IRQHandler                          0x90009a01   Thumb Code    18  stm32h7xx_it.o(i.SAI2_IRQHandler)
    SDMMC1_IRQHandler                        0x90009d5d   Thumb Code    18  stm32h7xx_it.o(i.SDMMC1_IRQHandler)
    SDMMC_CmdSendStatus                      0x90009d75   Thumb Code    60  stm32h7xx_ll_sdmmc.o(i.SDMMC_CmdSendStatus)
    SDMMC_CmdStopTransfer                    0x90009db1   Thumb Code    58  stm32h7xx_ll_sdmmc.o(i.SDMMC_CmdStopTransfer)
    SDMMC_GetResponse                        0x90009f8d   Thumb Code    22  stm32h7xx_ll_sdmmc.o(i.SDMMC_GetResponse)
    SDMMC_ReadFIFO                           0x90009fa3   Thumb Code     8  stm32h7xx_ll_sdmmc.o(i.SDMMC_ReadFIFO)
    SDMMC_SendCommand                        0x90009fab   Thumb Code    42  stm32h7xx_ll_sdmmc.o(i.SDMMC_SendCommand)
    SDMMC_WriteFIFO                          0x90009fd5   Thumb Code    12  stm32h7xx_ll_sdmmc.o(i.SDMMC_WriteFIFO)
    SVC_Handler                              0x9000a05f   Thumb Code     2  stm32h7xx_it.o(i.SVC_Handler)
    SystemClock_Config1                      0x9000a061   Thumb Code   296  app.o(i.SystemClock_Config1)
    SystemInit                               0x9000a195   Thumb Code   132  system_stm32h7xx.o(i.SystemInit)
    UsageFault_Handler                       0x9000a229   Thumb Code     4  stm32h7xx_it.o(i.UsageFault_Handler)
    __0sprintf$1                             0x9000a255   Thumb Code    34  printf1.o(i.__0sprintf$1)
    __1sprintf$1                             0x9000a255   Thumb Code     0  printf1.o(i.__0sprintf$1)
    __2sprintf                               0x9000a255   Thumb Code     0  printf1.o(i.__0sprintf$1)
    __scatterload_copy                       0x9000a2b5   Thumb Code    14  handlers.o(i.__scatterload_copy)
    __scatterload_null                       0x9000a2c3   Thumb Code     2  handlers.o(i.__scatterload_null)
    __scatterload_zeroinit                   0x9000a2c5   Thumb Code    14  handlers.o(i.__scatterload_zeroinit)
    main                                     0x9000a435   Thumb Code   128  main.o(i.main)
    D1CorePrescTable                         0x9000a514   Data          16  system_stm32h7xx.o(.constdata)
    asc2_1206                                0x9000a58c   Data        1140  oled.o(.constdata)
    asc2_1608                                0x9000aa00   Data        1520  oled.o(.constdata)
    asc2_2412                                0x9000aff0   Data        3420  oled.o(.constdata)
    OSCfg_IdleTaskStkBasePtr                 0x9000bd4c   Data           4  os_cfg_app.o(.constdata)
    OSCfg_IdleTaskStkLimit                   0x9000bd50   Data           4  os_cfg_app.o(.constdata)
    OSCfg_IdleTaskStkSize                    0x9000bd54   Data           4  os_cfg_app.o(.constdata)
    OSCfg_IdleTaskStkSizeRAM                 0x9000bd58   Data           4  os_cfg_app.o(.constdata)
    OSCfg_ISRStkBasePtr                      0x9000bd5c   Data           4  os_cfg_app.o(.constdata)
    OSCfg_ISRStkSize                         0x9000bd60   Data           4  os_cfg_app.o(.constdata)
    OSCfg_ISRStkSizeRAM                      0x9000bd64   Data           4  os_cfg_app.o(.constdata)
    OSCfg_MsgPoolSize                        0x9000bd68   Data           2  os_cfg_app.o(.constdata)
    OSCfg_MsgPoolSizeRAM                     0x9000bd6c   Data           4  os_cfg_app.o(.constdata)
    OSCfg_MsgPoolBasePtr                     0x9000bd70   Data           4  os_cfg_app.o(.constdata)
    OSCfg_StatTaskPrio                       0x9000bd74   Data           1  os_cfg_app.o(.constdata)
    OSCfg_StatTaskRate_Hz                    0x9000bd78   Data           4  os_cfg_app.o(.constdata)
    OSCfg_StatTaskStkBasePtr                 0x9000bd7c   Data           4  os_cfg_app.o(.constdata)
    OSCfg_StatTaskStkLimit                   0x9000bd80   Data           4  os_cfg_app.o(.constdata)
    OSCfg_StatTaskStkSize                    0x9000bd84   Data           4  os_cfg_app.o(.constdata)
    OSCfg_StatTaskStkSizeRAM                 0x9000bd88   Data           4  os_cfg_app.o(.constdata)
    OSCfg_StkSizeMin                         0x9000bd8c   Data           4  os_cfg_app.o(.constdata)
    OSCfg_TickRate_Hz                        0x9000bd90   Data           4  os_cfg_app.o(.constdata)
    OSCfg_TickTaskPrio                       0x9000bd94   Data           1  os_cfg_app.o(.constdata)
    OSCfg_TickTaskStkBasePtr                 0x9000bd98   Data           4  os_cfg_app.o(.constdata)
    OSCfg_TickTaskStkLimit                   0x9000bd9c   Data           4  os_cfg_app.o(.constdata)
    OSCfg_TickTaskStkSize                    0x9000bda0   Data           4  os_cfg_app.o(.constdata)
    OSCfg_TickTaskStkSizeRAM                 0x9000bda4   Data           4  os_cfg_app.o(.constdata)
    OSCfg_TmrTaskPrio                        0x9000bda8   Data           1  os_cfg_app.o(.constdata)
    OSCfg_TmrTaskRate_Hz                     0x9000bdac   Data           4  os_cfg_app.o(.constdata)
    OSCfg_TmrTaskStkBasePtr                  0x9000bdb0   Data           4  os_cfg_app.o(.constdata)
    OSCfg_TmrTaskStkLimit                    0x9000bdb4   Data           4  os_cfg_app.o(.constdata)
    OSCfg_TmrTaskStkSize                     0x9000bdb8   Data           4  os_cfg_app.o(.constdata)
    OSCfg_TmrTaskStkSizeRAM                  0x9000bdbc   Data           4  os_cfg_app.o(.constdata)
    OSCfg_DataSizeRAM                        0x9000bdc0   Data           4  os_cfg_app.o(.constdata)
    OSDbg_DbgEn                              0x9000bdc4   Data           1  os_dbg.o(.constdata)
    OSDbg_ArgChkEn                           0x9000bdc5   Data           1  os_dbg.o(.constdata)
    OSDbg_AppHooksEn                         0x9000bdc6   Data           1  os_dbg.o(.constdata)
    OSDbg_EndiannessTest                     0x9000bdc8   Data           4  os_dbg.o(.constdata)
    OSDbg_CalledFromISRChkEn                 0x9000bdcc   Data           1  os_dbg.o(.constdata)
    OSDbg_FlagEn                             0x9000bdcd   Data           1  os_dbg.o(.constdata)
    OSDbg_FlagGrp                            0x9000bdd0   Data          40  os_dbg.o(.constdata)
    OSDbg_FlagDelEn                          0x9000bdf8   Data           1  os_dbg.o(.constdata)
    OSDbg_FlagModeClrEn                      0x9000bdf9   Data           1  os_dbg.o(.constdata)
    OSDbg_FlagPendAbortEn                    0x9000bdfa   Data           1  os_dbg.o(.constdata)
    OSDbg_FlagGrpSize                        0x9000bdfc   Data           2  os_dbg.o(.constdata)
    OSDbg_FlagWidth                          0x9000bdfe   Data           2  os_dbg.o(.constdata)
    OSDbg_Mem                                0x9000be00   Data          32  os_dbg.o(.constdata)
    OSDbg_MemEn                              0x9000be20   Data           1  os_dbg.o(.constdata)
    OSDbg_MemSize                            0x9000be22   Data           2  os_dbg.o(.constdata)
    OSDbg_MsgEn                              0x9000be24   Data           1  os_dbg.o(.constdata)
    OSDbg_MsgSize                            0x9000be26   Data           2  os_dbg.o(.constdata)
    OSDbg_MsgPoolSize                        0x9000be28   Data           2  os_dbg.o(.constdata)
    OSDbg_MsgQSize                           0x9000be2a   Data           2  os_dbg.o(.constdata)
    OSDbg_Mutex                              0x9000be2c   Data          48  os_dbg.o(.constdata)
    OSDbg_MutexEn                            0x9000be5c   Data           1  os_dbg.o(.constdata)
    OSDbg_MutexDelEn                         0x9000be5d   Data           1  os_dbg.o(.constdata)
    OSDbg_MutexPendAbortEn                   0x9000be5e   Data           1  os_dbg.o(.constdata)
    OSDbg_MutexSize                          0x9000be60   Data           2  os_dbg.o(.constdata)
    OSDbg_ObjTypeChkEn                       0x9000be62   Data           1  os_dbg.o(.constdata)
    OSDbg_PendListSize                       0x9000be64   Data           2  os_dbg.o(.constdata)
    OSDbg_PendObjSize                        0x9000be66   Data           2  os_dbg.o(.constdata)
    OSDbg_PrioMax                            0x9000be68   Data           2  os_dbg.o(.constdata)
    OSDbg_PrioTblSize                        0x9000be6a   Data           2  os_dbg.o(.constdata)
    OSDbg_PtrSize                            0x9000be6c   Data           2  os_dbg.o(.constdata)
    OSDbg_Q                                  0x9000be70   Data          48  os_dbg.o(.constdata)
    OSDbg_QEn                                0x9000bea0   Data           1  os_dbg.o(.constdata)
    OSDbg_QDelEn                             0x9000bea1   Data           1  os_dbg.o(.constdata)
    OSDbg_QFlushEn                           0x9000bea2   Data           1  os_dbg.o(.constdata)
    OSDbg_QPendAbortEn                       0x9000bea3   Data           1  os_dbg.o(.constdata)
    OSDbg_QSize                              0x9000bea4   Data           2  os_dbg.o(.constdata)
    OSDbg_SchedRoundRobinEn                  0x9000bea6   Data           1  os_dbg.o(.constdata)
    OSDbg_Sem                                0x9000bea8   Data          40  os_dbg.o(.constdata)
    OSDbg_SemEn                              0x9000bed0   Data           1  os_dbg.o(.constdata)
    OSDbg_SemDelEn                           0x9000bed1   Data           1  os_dbg.o(.constdata)
    OSDbg_SemPendAbortEn                     0x9000bed2   Data           1  os_dbg.o(.constdata)
    OSDbg_SemSetEn                           0x9000bed3   Data           1  os_dbg.o(.constdata)
    OSDbg_SemSize                            0x9000bed4   Data           2  os_dbg.o(.constdata)
    OSDbg_RdyList                            0x9000bed6   Data           2  os_dbg.o(.constdata)
    OSDbg_RdyListSize                        0x9000bed8   Data           4  os_dbg.o(.constdata)
    OSDbg_StkWidth                           0x9000bedc   Data           1  os_dbg.o(.constdata)
    OSDbg_StatTaskEn                         0x9000bedd   Data           1  os_dbg.o(.constdata)
    OSDbg_StatTaskStkChkEn                   0x9000bede   Data           1  os_dbg.o(.constdata)
    OSDbg_TaskChangePrioEn                   0x9000bedf   Data           1  os_dbg.o(.constdata)
    OSDbg_TaskDelEn                          0x9000bee0   Data           1  os_dbg.o(.constdata)
    OSDbg_TaskQEn                            0x9000bee1   Data           1  os_dbg.o(.constdata)
    OSDbg_TaskQPendAbortEn                   0x9000bee2   Data           1  os_dbg.o(.constdata)
    OSDbg_TaskProfileEn                      0x9000bee3   Data           1  os_dbg.o(.constdata)
    OSDbg_TaskRegTblSize                     0x9000bee4   Data           2  os_dbg.o(.constdata)
    OSDbg_TaskSemPendAbortEn                 0x9000bee6   Data           1  os_dbg.o(.constdata)
    OSDbg_TaskSuspendEn                      0x9000bee7   Data           1  os_dbg.o(.constdata)
    OSDbg_TCBSize                            0x9000bee8   Data           2  os_dbg.o(.constdata)
    OSDbg_TickListSize                       0x9000beea   Data           2  os_dbg.o(.constdata)
    OSDbg_TimeDlyHMSMEn                      0x9000beec   Data           1  os_dbg.o(.constdata)
    OSDbg_TimeDlyResumeEn                    0x9000beed   Data           1  os_dbg.o(.constdata)
    OSDbg_TLS_TblSize                        0x9000beee   Data           2  os_dbg.o(.constdata)
    OSDbg_Tmr                                0x9000bef0   Data          48  os_dbg.o(.constdata)
    OSDbg_TmrEn                              0x9000bf20   Data           1  os_dbg.o(.constdata)
    OSDbg_TmrDelEn                           0x9000bf21   Data           1  os_dbg.o(.constdata)
    OSDbg_TmrSize                            0x9000bf22   Data           2  os_dbg.o(.constdata)
    OSDbg_VersionNbr                         0x9000bf24   Data           2  os_dbg.o(.constdata)
    OSDbg_DataSize                           0x9000bf28   Data           4  os_dbg.o(.constdata)
    Region$$Table$$Base                      0x9000bf2c   Number         0  anon$$obj.o(Region$$Table)
    Region$$Table$$Limit                     0x9000bf4c   Number         0  anon$$obj.o(Region$$Table)



==============================================================================

Memory Map of the image

  Image Entry point : 0x90000299

  Load Region LR_ROM1 (Base: 0x90000000, Size: 0x0000c048, Max: 0x04000000, ABSOLUTE)

    Execution Region RW_IRAM2 (Exec base: 0x24000000, Load base: 0x9000bf4c, Size: 0x00007220, Max: 0x00080000, ABSOLUTE)

    Exec Addr    Load Addr    Size         Type   Attr      Idx    E Section Name        Object

    0x24000000   0x9000bf4c   0x00000008   Data   RW           16    .data               system_stm32h7xx.o
    0x24000008   0x9000bf54   0x00000004   Data   RW         2300    .data               stm32h7xx_hal_dfsdm.o
    0x2400000c   0x9000bf58   0x00000008   Data   RW        16576    .data               dfsdm.o
    0x24000014   0x9000bf60   0x0000001c   Data   RW        16985    .data               cpu_core.o
    0x24000030   0x9000bf7c   0x00000004   Data   RW        18102    .data               os_prio.o
    0x24000034   0x9000bf80   0x000000c0   Data   RW        18582    .data               os_var.o
    0x240000f4   0x9000c040   0x00000004   Data   RW        18614    .data               os_cpu_c.o
    0x240000f8   0x9000c044   0x00000002   Data   RW        19302    .data               bsp_sdio_sd.o
    0x240000fa   0x9000c046   0x00000002   PAD
    0x240000fc        -       0x00000020   Zero   RW         2298    .bss                stm32h7xx_hal_dfsdm.o
    0x2400011c        -       0x00000ba8   Zero   RW        15228    .bss                main.o
    0x24000cc4        -       0x000010dc   Zero   RW        15348    .bss                app_lcd.o
    0x24001da0        -       0x00000208   Zero   RW        16574    .bss                dfsdm.o
    0x24001fa8        -       0x0000010c   Zero   RW        16640    .bss                csr8675.o
    0x240020b4        -       0x0000010c   Zero   RW        16690    .bss                es9038.o
    0x240021c0        -       0x000004c8   Zero   RW        16765    .bss                oled.o
    0x24002688        -       0x00000010   Zero   RW        16983    .bss                cpu_core.o
    0x24002698        -       0x00000c00   Zero   RW        17668    .bss                os_cfg_app.o
    0x24003298        -       0x0000050c   Zero   RW        18581    .bss                os_var.o
    0x240037a4        -       0x0000327c   Zero   RW        19299    .bss                bsp_sdio_sd.o
    0x24006a20        -       0x00000800   Zero   RW            1    STACK               startup_stm32h743xx.o


    Execution Region ER_ROM1 (Exec base: 0x90000000, Load base: 0x90000000, Size: 0x0000bf4c, Max: 0x04000000, ABSOLUTE)

    Exec Addr    Load Addr    Size         Type   Attr      Idx    E Section Name        Object

    0x90000000   0x90000000   0x00000298   Data   RO            3    RESET               startup_stm32h743xx.o
    0x90000298   0x90000298   0x00000000   Code   RO        19468  * .ARM.Collect$$$$00000000  mc_w.l(entry.o)
    0x90000298   0x90000298   0x00000004   Code   RO        19770    .ARM.Collect$$$$00000001  mc_w.l(entry2.o)
    0x9000029c   0x9000029c   0x00000004   Code   RO        19773    .ARM.Collect$$$$00000004  mc_w.l(entry5.o)
    0x900002a0   0x900002a0   0x00000000   Code   RO        19775    .ARM.Collect$$$$00000008  mc_w.l(entry7b.o)
    0x900002a0   0x900002a0   0x00000000   Code   RO        19777    .ARM.Collect$$$$0000000A  mc_w.l(entry8b.o)
    0x900002a0   0x900002a0   0x00000008   Code   RO        19778    .ARM.Collect$$$$0000000B  mc_w.l(entry9a.o)
    0x900002a8   0x900002a8   0x00000000   Code   RO        19780    .ARM.Collect$$$$0000000D  mc_w.l(entry10a.o)
    0x900002a8   0x900002a8   0x00000000   Code   RO        19782    .ARM.Collect$$$$0000000F  mc_w.l(entry11a.o)
    0x900002a8   0x900002a8   0x00000004   Code   RO        19771    .ARM.Collect$$$$00002712  mc_w.l(entry2.o)
    0x900002ac   0x900002ac   0x00000024   Code   RO            4    .text               startup_stm32h743xx.o
    0x900002d0   0x900002d0   0x00000034   Code   RO        17133    .text               cpu_a.o
    0x90000304   0x90000304   0x00000024   Code   RO        19475    .text               mc_w.l(memseta.o)
    0x90000328   0x90000328   0x0000002c   Code   RO        19785    .text               mc_w.l(uidiv.o)
    0x90000354   0x90000354   0x00000024   Code   RO        19804    .text               mc_w.l(init.o)
    0x90000378   0x90000378   0x00000108   Code   RO        18595    CODE                os_cpu_a.o
    0x90000480   0x90000480   0x00000034   Code   RO        15507    i.BSP_ClkFreqGet    bsp.o
    0x900004b4   0x900004b4   0x00000068   Code   RO        15508    i.BSP_Init          bsp.o
    0x9000051c   0x9000051c   0x00000094   Code   RO        15989    i.BSP_MPU_ConfigRegion  bsp_mpu.o
    0x900005b0   0x900005b0   0x00000012   Code   RO        15509    i.BSP_OSTickInit    bsp.o
    0x900005c2   0x900005c2   0x000000a8   Code   RO        15990    i.Board_MPU_Config  bsp_mpu.o
    0x9000066a   0x9000066a   0x00000004   Code   RO        14968    i.BusFault_Handler  stm32h7xx_it.o
    0x9000066e   0x9000066e   0x00000010   Code   RO        16963    i.CPU_Init          cpu_core.o
    0x9000067e   0x9000067e   0x00000002   PAD
    0x90000680   0x90000680   0x00000084   Code   RO        16964    i.CPU_IntDisMeasInit  cpu_core.o
    0x90000704   0x90000704   0x0000001c   Code   RO        16965    i.CPU_IntDisMeasMaxCalc  cpu_core.o
    0x90000720   0x90000720   0x0000002c   Code   RO        16966    i.CPU_IntDisMeasMaxCurGet  cpu_core.o
    0x9000074c   0x9000074c   0x0000002c   Code   RO        16967    i.CPU_IntDisMeasMaxCurReset  cpu_core.o
    0x90000778   0x90000778   0x0000002c   Code   RO        16968    i.CPU_IntDisMeasMaxGet  cpu_core.o
    0x900007a4   0x900007a4   0x00000034   Code   RO        16969    i.CPU_IntDisMeasStart  cpu_core.o
    0x900007d8   0x900007d8   0x00000054   Code   RO        16970    i.CPU_IntDisMeasStop  cpu_core.o
    0x9000082c   0x9000082c   0x00000038   Code   RO        16971    i.CPU_NameClr       cpu_core.o
    0x90000864   0x90000864   0x00000008   Code   RO        16973    i.CPU_NameInit      cpu_core.o
    0x9000086c   0x9000086c   0x0000000c   Code   RO        16977    i.CPU_StatReset     cpu_core.o
    0x90000878   0x90000878   0x00000014   Code   RO        16979    i.CPU_TS_Init       cpu_core.o
    0x9000088c   0x9000088c   0x0000000c   Code   RO        16981    i.CPU_TS_TmrFreqSet  cpu_core.o
    0x90000898   0x90000898   0x00000058   Code   RO        15591    i.CPU_TS_TmrInit    cpu_bsp.o
    0x900008f0   0x900008f0   0x0000000c   Code   RO        15592    i.CPU_TS_TmrRd      cpu_bsp.o
    0x900008fc   0x900008fc   0x00000038   Code   RO        16636    i.CSR8675_Init      csr8675.o
    0x90000934   0x90000934   0x0000007c   Code   RO        16566    i.Channel0_Filter0_Init  dfsdm.o
    0x900009b0   0x900009b0   0x0000007c   Code   RO        16567    i.Channel1_Filter1_Init  dfsdm.o
    0x90000a2c   0x90000a2c   0x00000018   Code   RO        14969    i.DFSDM1_FLT0_IRQHandler  stm32h7xx_it.o
    0x90000a44   0x90000a44   0x00000018   Code   RO        14970    i.DFSDM1_FLT1_IRQHandler  stm32h7xx_it.o
    0x90000a5c   0x90000a5c   0x00000068   Code   RO         2233    i.DFSDM_GetChannelFromInstance  stm32h7xx_hal_dfsdm.o
    0x90000ac4   0x90000ac4   0x0000004c   Code   RO        16568    i.DFSDM_Init        dfsdm.o
    0x90000b10   0x90000b10   0x00000018   Code   RO        14971    i.DMA1_Stream0_IRQHandler  stm32h7xx_it.o
    0x90000b28   0x90000b28   0x0000000c   Code   RO        14972    i.DMA1_Stream1_IRQHandler  stm32h7xx_it.o
    0x90000b34   0x90000b34   0x0000000c   Code   RO        14973    i.DMA1_Stream2_IRQHandler  stm32h7xx_it.o
    0x90000b40   0x90000b40   0x00000010   Code   RO        14974    i.DMA1_Stream3_IRQHandler  stm32h7xx_it.o
    0x90000b50   0x90000b50   0x00000020   Code   RO        14975    i.DMA1_Stream4_IRQHandler  stm32h7xx_it.o
    0x90000b70   0x90000b70   0x00000018   Code   RO        14976    i.DMA1_Stream5_IRQHandler  stm32h7xx_it.o
    0x90000b88   0x90000b88   0x00000034   Code   RO         2660    i.DMA_CalcBaseAndBitshift  stm32h7xx_hal_dma.o
    0x90000bbc   0x90000bbc   0x00000074   Code   RO         2661    i.DMA_CalcDMAMUXChannelBaseAndMask  stm32h7xx_hal_dma.o
    0x90000c30   0x90000c30   0x00000054   Code   RO         2662    i.DMA_CalcDMAMUXRequestGenBaseAndMask  stm32h7xx_hal_dma.o
    0x90000c84   0x90000c84   0x000000ae   Code   RO         2663    i.DMA_CheckFifoParam  stm32h7xx_hal_dma.o
    0x90000d32   0x90000d32   0x00000002   PAD
    0x90000d34   0x90000d34   0x000000b4   Code   RO         2664    i.DMA_SetConfig     stm32h7xx_hal_dma.o
    0x90000de8   0x90000de8   0x00000002   Code   RO        14977    i.DebugMon_Handler  stm32h7xx_it.o
    0x90000dea   0x90000dea   0x0000000a   Code   RO        15280    i.ERR_H             app.o
    0x90000df4   0x90000df4   0x00000038   Code   RO        16684    i.ES9038_Init       es9038.o
    0x90000e2c   0x90000e2c   0x00000014   Code   RO        14978    i.EXTI15_10_IRQHandler  stm32h7xx_it.o
    0x90000e40   0x90000e40   0x00000030   Code   RO        15341    i.EXTI3_IRQHandler  app_lcd.o
    0x90000e70   0x90000e70   0x00000004   Code   RO        15281    i.Error_Handler     app.o
    0x90000e74   0x90000e74   0x00000060   Code   RO        16570    i.Filter0_DMAInit   dfsdm.o
    0x90000ed4   0x90000ed4   0x00000060   Code   RO        16571    i.Filter1_DMAInit   dfsdm.o
    0x90000f34   0x90000f34   0x00000002   Code   RO         2239    i.HAL_DFSDM_ChannelCkabCallback  stm32h7xx_hal_dfsdm.o
    0x90000f36   0x90000f36   0x00000002   PAD
    0x90000f38   0x90000f38   0x00000150   Code   RO         2247    i.HAL_DFSDM_ChannelInit  stm32h7xx_hal_dfsdm.o
    0x90001088   0x90001088   0x000000ac   Code   RO        16572    i.HAL_DFSDM_ChannelMspInit  dfsdm.o
    0x90001134   0x90001134   0x00000002   Code   RO         2253    i.HAL_DFSDM_ChannelScdCallback  stm32h7xx_hal_dfsdm.o
    0x90001136   0x90001136   0x00000002   Code   RO         2258    i.HAL_DFSDM_FilterAwdCallback  stm32h7xx_hal_dfsdm.o
    0x90001138   0x90001138   0x00000058   Code   RO         2262    i.HAL_DFSDM_FilterConfigRegChannel  stm32h7xx_hal_dfsdm.o
    0x90001190   0x90001190   0x00000002   Code   RO         2264    i.HAL_DFSDM_FilterErrorCallback  stm32h7xx_hal_dfsdm.o
    0x90001192   0x90001192   0x00000002   PAD
    0x90001194   0x90001194   0x00000148   Code   RO         2274    i.HAL_DFSDM_FilterInit  stm32h7xx_hal_dfsdm.o
    0x900012dc   0x900012dc   0x00000002   Code   RO         2275    i.HAL_DFSDM_FilterInjConvCpltCallback  stm32h7xx_hal_dfsdm.o
    0x900012de   0x900012de   0x00000002   PAD
    0x900012e0   0x900012e0   0x000000f0   Code   RO        16573    i.HAL_DFSDM_FilterMspInit  dfsdm.o
    0x900013d0   0x900013d0   0x00000002   Code   RO         2288    i.HAL_DFSDM_FilterRegConvCpltCallback  stm32h7xx_hal_dfsdm.o
    0x900013d2   0x900013d2   0x00000002   PAD
    0x900013d4   0x900013d4   0x00000260   Code   RO         2297    i.HAL_DFSDM_IRQHandler  stm32h7xx_hal_dfsdm.o
    0x90001634   0x90001634   0x00000148   Code   RO         2665    i.HAL_DMA_Abort     stm32h7xx_hal_dma.o
    0x9000177c   0x9000177c   0x000000f8   Code   RO         2666    i.HAL_DMA_Abort_IT  stm32h7xx_hal_dma.o
    0x90001874   0x90001874   0x0000044c   Code   RO         2670    i.HAL_DMA_IRQHandler  stm32h7xx_hal_dma.o
    0x90001cc0   0x90001cc0   0x00000210   Code   RO         2671    i.HAL_DMA_Init      stm32h7xx_hal_dma.o
    0x90001ed0   0x90001ed0   0x00000150   Code   RO         2675    i.HAL_DMA_Start_IT  stm32h7xx_hal_dma.o
    0x90002020   0x90002020   0x00000020   Code   RO        16687    i.HAL_GPIO_EXTI_Callback  es9038.o
    0x90002040   0x90002040   0x0000001c   Code   RO         4352    i.HAL_GPIO_EXTI_IRQHandler  stm32h7xx_hal_gpio.o
    0x9000205c   0x9000205c   0x0000024c   Code   RO         4353    i.HAL_GPIO_Init     stm32h7xx_hal_gpio.o
    0x900022a8   0x900022a8   0x0000000e   Code   RO        15511    i.HAL_GetTick       bsp.o
    0x900022b6   0x900022b6   0x00000002   PAD
    0x900022b8   0x900022b8   0x000000e0   Code   RO        16749    i.HAL_I2C1_MspInit  oled.o
    0x90002398   0x90002398   0x0000006a   Code   RO         6314    i.HAL_I2CEx_ConfigAnalogFilter  stm32h7xx_hal_i2c_ex.o
    0x90002402   0x90002402   0x0000006a   Code   RO         6315    i.HAL_I2CEx_ConfigDigitalFilter  stm32h7xx_hal_i2c_ex.o
    0x9000246c   0x9000246c   0x00000034   Code   RO         6318    i.HAL_I2CEx_EnableFastModePlus  stm32h7xx_hal_i2c_ex.o
    0x900024a0   0x900024a0   0x00000002   Code   RO         5884    i.HAL_I2C_AbortCpltCallback  stm32h7xx_hal_i2c.o
    0x900024a2   0x900024a2   0x00000002   Code   RO         5885    i.HAL_I2C_AddrCallback  stm32h7xx_hal_i2c.o
    0x900024a4   0x900024a4   0x00000072   Code   RO         5888    i.HAL_I2C_ER_IRQHandler  stm32h7xx_hal_i2c.o
    0x90002516   0x90002516   0x0000001c   Code   RO         5889    i.HAL_I2C_EV_IRQHandler  stm32h7xx_hal_i2c.o
    0x90002532   0x90002532   0x00000002   Code   RO         5891    i.HAL_I2C_ErrorCallback  stm32h7xx_hal_i2c.o
    0x90002534   0x90002534   0x000000c4   Code   RO         5895    i.HAL_I2C_Init      stm32h7xx_hal_i2c.o
    0x900025f8   0x900025f8   0x00000002   Code   RO         5897    i.HAL_I2C_ListenCpltCallback  stm32h7xx_hal_i2c.o
    0x900025fa   0x900025fa   0x00000002   Code   RO         5898    i.HAL_I2C_MasterRxCpltCallback  stm32h7xx_hal_i2c.o
    0x900025fc   0x900025fc   0x00000002   Code   RO         5899    i.HAL_I2C_MasterTxCpltCallback  stm32h7xx_hal_i2c.o
    0x900025fe   0x900025fe   0x00000002   PAD
    0x90002600   0x90002600   0x00000174   Code   RO         5906    i.HAL_I2C_Master_Transmit  stm32h7xx_hal_i2c.o
    0x90002774   0x90002774   0x00000124   Code   RO         5907    i.HAL_I2C_Master_Transmit_DMA  stm32h7xx_hal_i2c.o
    0x90002898   0x90002898   0x00000002   Code   RO         5909    i.HAL_I2C_MemRxCpltCallback  stm32h7xx_hal_i2c.o
    0x9000289a   0x9000289a   0x00000002   Code   RO         5910    i.HAL_I2C_MemTxCpltCallback  stm32h7xx_hal_i2c.o
    0x9000289c   0x9000289c   0x00000002   Code   RO         5918    i.HAL_I2C_MspInit   stm32h7xx_hal_i2c.o
    0x9000289e   0x9000289e   0x00000002   Code   RO         5919    i.HAL_I2C_SlaveRxCpltCallback  stm32h7xx_hal_i2c.o
    0x900028a0   0x900028a0   0x00000002   Code   RO         5920    i.HAL_I2C_SlaveTxCpltCallback  stm32h7xx_hal_i2c.o
    0x900028a2   0x900028a2   0x0000001c   Code   RO          427    i.HAL_Init          stm32h7xx_hal.o
    0x900028be   0x900028be   0x0000000e   Code   RO        15512    i.HAL_InitTick      bsp.o
    0x900028cc   0x900028cc   0x0000005c   Code   RO         1298    i.HAL_MPU_ConfigRegion  stm32h7xx_hal_cortex.o
    0x90002928   0x90002928   0x00000002   Code   RO          429    i.HAL_MspInit       stm32h7xx_hal.o
    0x9000292a   0x9000292a   0x00000020   Code   RO         1301    i.HAL_NVIC_EnableIRQ  stm32h7xx_hal_cortex.o
    0x9000294a   0x9000294a   0x0000007c   Code   RO         1307    i.HAL_NVIC_SetPriority  stm32h7xx_hal_cortex.o
    0x900029c6   0x900029c6   0x00000002   PAD
    0x900029c8   0x900029c8   0x00000028   Code   RO         1308    i.HAL_NVIC_SetPriorityGrouping  stm32h7xx_hal_cortex.o
    0x900029f0   0x900029f0   0x00000050   Code   RO         9199    i.HAL_PWREx_ConfigSupply  stm32h7xx_hal_pwr_ex.o
    0x90002a40   0x90002a40   0x00000038   Code   RO         9807    i.HAL_RCCEx_GetD1SysClockFreq  stm32h7xx_hal_rcc_ex.o
    0x90002a78   0x90002a78   0x00000224   Code   RO         9809    i.HAL_RCCEx_GetPLL1ClockFreq  stm32h7xx_hal_rcc_ex.o
    0x90002c9c   0x90002c9c   0x0000022c   Code   RO         9810    i.HAL_RCCEx_GetPLL2ClockFreq  stm32h7xx_hal_rcc_ex.o
    0x90002ec8   0x90002ec8   0x0000022c   Code   RO         9811    i.HAL_RCCEx_GetPLL3ClockFreq  stm32h7xx_hal_rcc_ex.o
    0x900030f4   0x900030f4   0x0000028c   Code   RO         9813    i.HAL_RCCEx_GetPeriphCLKFreq  stm32h7xx_hal_rcc_ex.o
    0x90003380   0x90003380   0x00000c88   Code   RO         9815    i.HAL_RCCEx_PeriphCLKConfig  stm32h7xx_hal_rcc_ex.o
    0x90004008   0x90004008   0x00000250   Code   RO         9698    i.HAL_RCC_ClockConfig  stm32h7xx_hal_rcc.o
    0x90004258   0x90004258   0x00000038   Code   RO         9702    i.HAL_RCC_GetHCLKFreq  stm32h7xx_hal_rcc.o
    0x90004290   0x90004290   0x0000002c   Code   RO         9704    i.HAL_RCC_GetPCLK1Freq  stm32h7xx_hal_rcc.o
    0x900042bc   0x900042bc   0x0000002c   Code   RO         9705    i.HAL_RCC_GetPCLK2Freq  stm32h7xx_hal_rcc.o
    0x900042e8   0x900042e8   0x00000244   Code   RO         9706    i.HAL_RCC_GetSysClockFreq  stm32h7xx_hal_rcc.o
    0x9000452c   0x9000452c   0x000006bc   Code   RO         9709    i.HAL_RCC_OscConfig  stm32h7xx_hal_rcc.o
    0x90004be8   0x90004be8   0x00000118   Code   RO        16688    i.HAL_SAI1A_MspInit  es9038.o
    0x90004d00   0x90004d00   0x0000010c   Code   RO        16638    i.HAL_SAI2B_MspInit  csr8675.o
    0x90004e0c   0x90004e0c   0x0000008a   Code   RO        10431    i.HAL_SAI_Abort     stm32h7xx_hal_sai.o
    0x90004e96   0x90004e96   0x00000002   Code   RO        10440    i.HAL_SAI_ErrorCallback  stm32h7xx_hal_sai.o
    0x90004e98   0x90004e98   0x000001f0   Code   RO        10443    i.HAL_SAI_IRQHandler  stm32h7xx_hal_sai.o
    0x90005088   0x90005088   0x0000032c   Code   RO        10444    i.HAL_SAI_Init      stm32h7xx_hal_sai.o
    0x900053b4   0x900053b4   0x00000058   Code   RO        10445    i.HAL_SAI_InitProtocol  stm32h7xx_hal_sai.o
    0x9000540c   0x9000540c   0x00000002   Code   RO        10447    i.HAL_SAI_MspInit   stm32h7xx_hal_sai.o
    0x9000540e   0x9000540e   0x00000002   Code   RO        10724    i.HAL_SDEx_Read_DMADoubleBuffer0CpltCallback  stm32h7xx_hal_sd.o
    0x90005410   0x90005410   0x00000002   Code   RO        10725    i.HAL_SDEx_Read_DMADoubleBuffer1CpltCallback  stm32h7xx_hal_sd.o
    0x90005412   0x90005412   0x00000002   Code   RO        10726    i.HAL_SDEx_Write_DMADoubleBuffer0CpltCallback  stm32h7xx_hal_sd.o
    0x90005414   0x90005414   0x00000002   Code   RO        10727    i.HAL_SDEx_Write_DMADoubleBuffer1CpltCallback  stm32h7xx_hal_sd.o
    0x90005416   0x90005416   0x00000002   Code   RO        10734    i.HAL_SD_ErrorCallback  stm32h7xx_hal_sd.o
    0x90005418   0x90005418   0x00000034   Code   RO        10738    i.HAL_SD_GetCardState  stm32h7xx_hal_sd.o
    0x9000544c   0x9000544c   0x00000284   Code   RO        10742    i.HAL_SD_IRQHandler  stm32h7xx_hal_sd.o
    0x900056d0   0x900056d0   0x0000000c   Code   RO        19291    i.HAL_SD_RxCpltCallback  bsp_sdio_sd.o
    0x900056dc   0x900056dc   0x0000000c   Code   RO        19292    i.HAL_SD_TxCpltCallback  bsp_sdio_sd.o
    0x900056e8   0x900056e8   0x00000004   Code   RO        14979    i.HardFault_Handler  stm32h7xx_it.o
    0x900056ec   0x900056ec   0x00000018   Code   RO        14980    i.I2C1_ER_IRQHandler  stm32h7xx_it.o
    0x90005704   0x90005704   0x00000018   Code   RO        14981    i.I2C1_EV_IRQHandler  stm32h7xx_it.o
    0x9000571c   0x9000571c   0x0000003a   Code   RO         5929    i.I2C_DMAAbort      stm32h7xx_hal_i2c.o
    0x90005756   0x90005756   0x0000001c   Code   RO         5930    i.I2C_DMAError      stm32h7xx_hal_i2c.o
    0x90005772   0x90005772   0x00000052   Code   RO         5932    i.I2C_DMAMasterTransmitCplt  stm32h7xx_hal_i2c.o
    0x900057c4   0x900057c4   0x0000007c   Code   RO         5935    i.I2C_Disable_IRQ   stm32h7xx_hal_i2c.o
    0x90005840   0x90005840   0x0000008c   Code   RO         5936    i.I2C_Enable_IRQ    stm32h7xx_hal_i2c.o
    0x900058cc   0x900058cc   0x00000028   Code   RO         5937    i.I2C_Flush_TXDR    stm32h7xx_hal_i2c.o
    0x900058f4   0x900058f4   0x000000d2   Code   RO         5938    i.I2C_ITAddrCplt    stm32h7xx_hal_i2c.o
    0x900059c6   0x900059c6   0x00000002   PAD
    0x900059c8   0x900059c8   0x00000118   Code   RO         5939    i.I2C_ITError       stm32h7xx_hal_i2c.o
    0x90005ae0   0x90005ae0   0x0000006c   Code   RO         5940    i.I2C_ITListenCplt  stm32h7xx_hal_i2c.o
    0x90005b4c   0x90005b4c   0x000000e8   Code   RO         5941    i.I2C_ITMasterCplt  stm32h7xx_hal_i2c.o
    0x90005c34   0x90005c34   0x00000062   Code   RO         5942    i.I2C_ITMasterSequentialCplt  stm32h7xx_hal_i2c.o
    0x90005c96   0x90005c96   0x00000002   PAD
    0x90005c98   0x90005c98   0x00000154   Code   RO         5943    i.I2C_ITSlaveCplt   stm32h7xx_hal_i2c.o
    0x90005dec   0x90005dec   0x00000062   Code   RO         5944    i.I2C_ITSlaveSequentialCplt  stm32h7xx_hal_i2c.o
    0x90005e4e   0x90005e4e   0x00000002   PAD
    0x90005e50   0x90005e50   0x0000008c   Code   RO         5945    i.I2C_IsAcknowledgeFailed  stm32h7xx_hal_i2c.o
    0x90005edc   0x90005edc   0x000000fc   Code   RO         5946    i.I2C_Master_ISR_DMA  stm32h7xx_hal_i2c.o
    0x90005fd8   0x90005fd8   0x0000018e   Code   RO         5947    i.I2C_Master_ISR_IT  stm32h7xx_hal_i2c.o
    0x90006166   0x90006166   0x00000002   PAD
    0x90006168   0x90006168   0x000000b4   Code   RO         5950    i.I2C_Slave_ISR_DMA  stm32h7xx_hal_i2c.o
    0x9000621c   0x9000621c   0x00000140   Code   RO         5951    i.I2C_Slave_ISR_IT  stm32h7xx_hal_i2c.o
    0x9000635c   0x9000635c   0x00000034   Code   RO         5952    i.I2C_TransferConfig  stm32h7xx_hal_i2c.o
    0x90006390   0x90006390   0x00000056   Code   RO         5953    i.I2C_WaitOnFlagUntilTimeout  stm32h7xx_hal_i2c.o
    0x900063e6   0x900063e6   0x00000056   Code   RO         5955    i.I2C_WaitOnSTOPFlagUntilTimeout  stm32h7xx_hal_i2c.o
    0x9000643c   0x9000643c   0x0000005a   Code   RO         5956    i.I2C_WaitOnTXISFlagUntilTimeout  stm32h7xx_hal_i2c.o
    0x90006496   0x90006496   0x00000002   PAD
    0x90006498   0x90006498   0x00000084   Code   RO        15225    i.Init_Task         main.o
    0x9000651c   0x9000651c   0x00000044   Code   RO        15226    i.LED_Task          main.o
    0x90006560   0x90006560   0x0000000c   Code   RO        14982    i.MDMA_IRQHandler   stm32h7xx_it.o
    0x9000656c   0x9000656c   0x00000094   Code   RO        16750    i.MX_I2C1_Init      oled.o
    0x90006600   0x90006600   0x0000004c   Code   RO        16689    i.MX_SAI1_Init      es9038.o
    0x9000664c   0x9000664c   0x0000003c   Code   RO        16639    i.MX_SAI2_Init      csr8675.o
    0x90006688   0x90006688   0x00000004   Code   RO        14983    i.MemManage_Handler  stm32h7xx_it.o
    0x9000668c   0x9000668c   0x00000012   Code   RO        17332    i.Mem_Clr           lib_mem.o
    0x9000669e   0x9000669e   0x00000054   Code   RO        17359    i.Mem_Set           lib_mem.o
    0x900066f2   0x900066f2   0x00000002   Code   RO        14984    i.NMI_Handler       stm32h7xx_it.o
    0x900066f4   0x900066f4   0x0000002c   Code   RO        16752    i.OLED_Clear        oled.o
    0x90006720   0x90006720   0x00000074   Code   RO        16755    i.OLED_DrawPoint    oled.o
    0x90006794   0x90006794   0x000000d0   Code   RO        16757    i.OLED_Init         oled.o
    0x90006864   0x90006864   0x00000048   Code   RO        16758    i.OLED_Refresh_Gram  oled.o
    0x900068ac   0x900068ac   0x00000028   Code   RO        16759    i.OLED_SetPos       oled.o
    0x900068d4   0x900068d4   0x0000010c   Code   RO        16760    i.OLED_ShowChar     oled.o
    0x900069e0   0x900069e0   0x0000005e   Code   RO        16762    i.OLED_ShowString   oled.o
    0x90006a3e   0x90006a3e   0x00000002   Code   RO        17667    i.OSCfg_Init        os_cfg_app.o
    0x90006a40   0x90006a40   0x00000014   Code   RO        18601    i.OSIdleTaskHook    os_cpu_c.o
    0x90006a54   0x90006a54   0x0000015c   Code   RO        17687    i.OSInit            os_core.o
    0x90006bb0   0x90006bb0   0x00000040   Code   RO        18602    i.OSInitHook        os_cpu_c.o
    0x90006bf0   0x90006bf0   0x0000002c   Code   RO        17688    i.OSIntEnter        os_core.o
    0x90006c1c   0x90006c1c   0x000000d8   Code   RO        17689    i.OSIntExit         os_core.o
    0x90006cf4   0x90006cf4   0x00000088   Code   RO        18032    i.OSMutexCreate     os_mutex.o
    0x90006d7c   0x90006d7c   0x00000234   Code   RO        18033    i.OSMutexPend       os_mutex.o
    0x90006fb0   0x90006fb0   0x000001c4   Code   RO        18034    i.OSMutexPost       os_mutex.o
    0x90007174   0x90007174   0x000000b8   Code   RO        17690    i.OSSched           os_core.o
    0x9000722c   0x9000722c   0x00000078   Code   RO        17691    i.OSSchedLock       os_core.o
    0x900072a4   0x900072a4   0x00000098   Code   RO        17692    i.OSSchedUnlock     os_core.o
    0x9000733c   0x9000733c   0x0000009c   Code   RO        17693    i.OSStart           os_core.o
    0x900073d8   0x900073d8   0x0000014c   Code   RO        18243    i.OSStatReset       os_stat.o
    0x90007524   0x90007524   0x00000014   Code   RO        18603    i.OSStatTaskHook    os_cpu_c.o
    0x90007538   0x90007538   0x000001c4   Code   RO        18274    i.OSTaskCreate      os_task.o
    0x900076fc   0x900076fc   0x00000018   Code   RO        18604    i.OSTaskCreateHook  os_cpu_c.o
    0x90007714   0x90007714   0x000001c0   Code   RO        18275    i.OSTaskDel         os_task.o
    0x900078d4   0x900078d4   0x00000018   Code   RO        18605    i.OSTaskDelHook     os_cpu_c.o
    0x900078ec   0x900078ec   0x00000018   Code   RO        18606    i.OSTaskReturnHook  os_cpu_c.o
    0x90007904   0x90007904   0x00000210   Code   RO        18283    i.OSTaskSemPend     os_task.o
    0x90007b14   0x90007b14   0x00000160   Code   RO        18285    i.OSTaskSemPost     os_task.o
    0x90007c74   0x90007c74   0x000000e4   Code   RO        18287    i.OSTaskStkChk      os_task.o
    0x90007d58   0x90007d58   0x000002c8   Code   RO        18607    i.OSTaskStkInit     os_cpu_c.o
    0x90008020   0x90008020   0x00000090   Code   RO        18608    i.OSTaskSwHook      os_cpu_c.o
    0x900080b0   0x900080b0   0x000000d0   Code   RO        18457    i.OSTimeDly         os_time.o
    0x90008180   0x90008180   0x0000003c   Code   RO        18459    i.OSTimeGet         os_time.o
    0x900081bc   0x900081bc   0x00000054   Code   RO        18461    i.OSTimeTick        os_time.o
    0x90008210   0x90008210   0x00000014   Code   RO        18609    i.OSTimeTickHook    os_cpu_c.o
    0x90008224   0x90008224   0x00000036   Code   RO        18610    i.OS_CPU_SysTickHandler  os_cpu_c.o
    0x9000825a   0x9000825a   0x00000002   PAD
    0x9000825c   0x9000825c   0x00000030   Code   RO        18611    i.OS_CPU_SysTickInit  os_cpu_c.o
    0x9000828c   0x9000828c   0x00000018   Code   RO        18612    i.OS_CPU_SysTickInitFreq  os_cpu_c.o
    0x900082a4   0x900082a4   0x00000194   Code   RO        17849    i.OS_Dbg_Init       os_dbg.o
    0x90008438   0x90008438   0x0000004c   Code   RO        17695    i.OS_IdleTask       os_core.o
    0x90008484   0x90008484   0x00000070   Code   RO        17696    i.OS_IdleTaskInit   os_core.o
    0x900084f4   0x900084f4   0x00000018   Code   RO        17928    i.OS_MemInit        os_mem.o
    0x9000850c   0x9000850c   0x0000007c   Code   RO        17996    i.OS_MsgPoolInit    os_msg.o
    0x90008588   0x90008588   0x00000040   Code   RO        17997    i.OS_MsgQFreeAll    os_msg.o
    0x900085c8   0x900085c8   0x0000000e   Code   RO        17999    i.OS_MsgQInit       os_msg.o
    0x900085d6   0x900085d6   0x00000002   PAD
    0x900085d8   0x900085d8   0x00000030   Code   RO        18036    i.OS_MutexDbgListAdd  os_mutex.o
    0x90008608   0x90008608   0x00000008   Code   RO        18038    i.OS_MutexGrpAdd    os_mutex.o
    0x90008610   0x90008610   0x0000005e   Code   RO        18039    i.OS_MutexGrpPostAll  os_mutex.o
    0x9000866e   0x9000866e   0x0000002a   Code   RO        18040    i.OS_MutexGrpPrioFindHighest  os_mutex.o
    0x90008698   0x90008698   0x0000001c   Code   RO        18041    i.OS_MutexGrpRemove  os_mutex.o
    0x900086b4   0x900086b4   0x00000058   Code   RO        17697    i.OS_Pend           os_core.o
    0x9000870c   0x9000870c   0x00000058   Code   RO        17699    i.OS_PendDbgNameAdd  os_core.o
    0x90008764   0x90008764   0x00000024   Code   RO        17700    i.OS_PendDbgNameRemove  os_core.o
    0x90008788   0x90008788   0x00000022   Code   RO        17701    i.OS_PendListChangePrio  os_core.o
    0x900087aa   0x900087aa   0x0000000a   Code   RO        17702    i.OS_PendListInit   os_core.o
    0x900087b4   0x900087b4   0x00000066   Code   RO        17703    i.OS_PendListInsertPrio  os_core.o
    0x9000881a   0x9000881a   0x0000004e   Code   RO        17704    i.OS_PendListRemove  os_core.o
    0x90008868   0x90008868   0x000000ac   Code   RO        17705    i.OS_Post           os_core.o
    0x90008914   0x90008914   0x00000018   Code   RO        18098    i.OS_PrioGetHighest  os_prio.o
    0x9000892c   0x9000892c   0x00000018   Code   RO        18099    i.OS_PrioInit       os_prio.o
    0x90008944   0x90008944   0x00000024   Code   RO        18100    i.OS_PrioInsert     os_prio.o
    0x90008968   0x90008968   0x00000024   Code   RO        18101    i.OS_PrioRemove     os_prio.o
    0x9000898c   0x9000898c   0x00000024   Code   RO        17706    i.OS_RdyListInit    os_core.o
    0x900089b0   0x900089b0   0x0000002c   Code   RO        17707    i.OS_RdyListInsert  os_core.o
    0x900089dc   0x900089dc   0x00000040   Code   RO        17708    i.OS_RdyListInsertHead  os_core.o
    0x90008a1c   0x90008a1c   0x0000003c   Code   RO        17709    i.OS_RdyListInsertTail  os_core.o
    0x90008a58   0x90008a58   0x0000005c   Code   RO        17711    i.OS_RdyListRemove  os_core.o
    0x90008ab4   0x90008ab4   0x00000324   Code   RO        18245    i.OS_StatTask       os_stat.o
    0x90008dd8   0x90008dd8   0x000000cc   Code   RO        18246    i.OS_StatTaskInit   os_stat.o
    0x90008ea4   0x90008ea4   0x0000002c   Code   RO        17712    i.OS_TaskBlock      os_core.o
    0x90008ed0   0x90008ed0   0x000000e8   Code   RO        18289    i.OS_TaskChangePrio  os_task.o
    0x90008fb8   0x90008fb8   0x00000030   Code   RO        18290    i.OS_TaskDbgListAdd  os_task.o
    0x90008fe8   0x90008fe8   0x00000044   Code   RO        18291    i.OS_TaskDbgListRemove  os_task.o
    0x9000902c   0x9000902c   0x00000020   Code   RO        18292    i.OS_TaskInit       os_task.o
    0x9000904c   0x9000904c   0x000000d4   Code   RO        18293    i.OS_TaskInitTCB    os_task.o
    0x90009120   0x90009120   0x00000018   Code   RO        18294    i.OS_TaskReturn     os_task.o
    0x90009138   0x90009138   0x00000086   Code   RO        18411    i.OS_TickListInsert  os_tick.o
    0x900091be   0x900091be   0x00000002   PAD
    0x900091c0   0x900091c0   0x000000a8   Code   RO        18412    i.OS_TickListInsertDly  os_tick.o
    0x90009268   0x90009268   0x00000058   Code   RO        18413    i.OS_TickListRemove  os_tick.o
    0x900092c0   0x900092c0   0x000000a8   Code   RO        18414    i.OS_TickListUpdateDly  os_tick.o
    0x90009368   0x90009368   0x0000011c   Code   RO        18415    i.OS_TickListUpdateTimeout  os_tick.o
    0x90009484   0x90009484   0x00000074   Code   RO        18416    i.OS_TickTask       os_tick.o
    0x900094f8   0x900094f8   0x000000c8   Code   RO        18417    i.OS_TickTaskInit   os_tick.o
    0x900095c0   0x900095c0   0x00000134   Code   RO        18502    i.OS_TmrInit        os_tmr.o
    0x900096f4   0x900096f4   0x00000018   Code   RO        18503    i.OS_TmrLock        os_tmr.o
    0x9000970c   0x9000970c   0x00000094   Code   RO        18504    i.OS_TmrTask        os_tmr.o
    0x900097a0   0x900097a0   0x00000044   Code   RO        18505    i.OS_TmrUnlink      os_tmr.o
    0x900097e4   0x900097e4   0x00000014   Code   RO        18506    i.OS_TmrUnlock      os_tmr.o
    0x900097f8   0x900097f8   0x000000f8   Code   RO         9818    i.RCCEx_PLL2_Config  stm32h7xx_hal_rcc_ex.o
    0x900098f0   0x900098f0   0x000000f8   Code   RO         9819    i.RCCEx_PLL3_Config  stm32h7xx_hal_rcc_ex.o
    0x900099e8   0x900099e8   0x00000018   Code   RO        14985    i.SAI1_IRQHandler   stm32h7xx_it.o
    0x90009a00   0x90009a00   0x00000018   Code   RO        14986    i.SAI2_IRQHandler   stm32h7xx_it.o
    0x90009a18   0x90009a18   0x0000004c   Code   RO        10458    i.SAI_DMAAbort      stm32h7xx_hal_sai.o
    0x90009a64   0x90009a64   0x00000054   Code   RO        10464    i.SAI_Disable       stm32h7xx_hal_sai.o
    0x90009ab8   0x90009ab8   0x000000ea   Code   RO        10466    i.SAI_InitI2S       stm32h7xx_hal_sai.o
    0x90009ba2   0x90009ba2   0x000000a2   Code   RO        10467    i.SAI_InitPCM       stm32h7xx_hal_sai.o
    0x90009c44   0x90009c44   0x0000009c   Code   RO        15513    i.SCB_EnableDCache  bsp.o
    0x90009ce0   0x90009ce0   0x0000007c   Code   RO        15514    i.SCB_EnableICache  bsp.o
    0x90009d5c   0x90009d5c   0x00000018   Code   RO        14987    i.SDMMC1_IRQHandler  stm32h7xx_it.o
    0x90009d74   0x90009d74   0x0000003c   Code   RO        14407    i.SDMMC_CmdSendStatus  stm32h7xx_ll_sdmmc.o
    0x90009db0   0x90009db0   0x00000040   Code   RO        14410    i.SDMMC_CmdStopTransfer  stm32h7xx_ll_sdmmc.o
    0x90009df0   0x90009df0   0x0000019c   Code   RO        14417    i.SDMMC_GetCmdResp1  stm32h7xx_ll_sdmmc.o
    0x90009f8c   0x90009f8c   0x00000016   Code   RO        14426    i.SDMMC_GetResponse  stm32h7xx_ll_sdmmc.o
    0x90009fa2   0x90009fa2   0x00000008   Code   RO        14430    i.SDMMC_ReadFIFO    stm32h7xx_ll_sdmmc.o
    0x90009faa   0x90009faa   0x0000002a   Code   RO        14431    i.SDMMC_SendCommand  stm32h7xx_ll_sdmmc.o
    0x90009fd4   0x90009fd4   0x0000000c   Code   RO        14433    i.SDMMC_WriteFIFO   stm32h7xx_ll_sdmmc.o
    0x90009fe0   0x90009fe0   0x00000026   Code   RO        10759    i.SD_Read_IT        stm32h7xx_hal_sd.o
    0x9000a006   0x9000a006   0x00000032   Code   RO        10761    i.SD_SendStatus     stm32h7xx_hal_sd.o
    0x9000a038   0x9000a038   0x00000026   Code   RO        10764    i.SD_Write_IT       stm32h7xx_hal_sd.o
    0x9000a05e   0x9000a05e   0x00000002   Code   RO        14988    i.SVC_Handler       stm32h7xx_it.o
    0x9000a060   0x9000a060   0x00000134   Code   RO        15284    i.SystemClock_Config1  app.o
    0x9000a194   0x9000a194   0x00000094   Code   RO           14    i.SystemInit        system_stm32h7xx.o
    0x9000a228   0x9000a228   0x00000004   Code   RO        14989    i.UsageFault_Handler  stm32h7xx_it.o
    0x9000a22c   0x9000a22c   0x00000028   Code   RO        16763    i.WriteCmd          oled.o
    0x9000a254   0x9000a254   0x00000028   Code   RO        19528    i.__0sprintf$1      mc_w.l(printf1.o)
    0x9000a27c   0x9000a27c   0x00000010   Code   RO         1314    i.__NVIC_GetPriorityGrouping  stm32h7xx_hal_cortex.o
    0x9000a28c   0x9000a28c   0x00000028   Code   RO         1315    i.__NVIC_SetPriority  stm32h7xx_hal_cortex.o
    0x9000a2b4   0x9000a2b4   0x0000000e   Code   RO        19812    i.__scatterload_copy  mc_w.l(handlers.o)
    0x9000a2c2   0x9000a2c2   0x00000002   Code   RO        19813    i.__scatterload_null  mc_w.l(handlers.o)
    0x9000a2c4   0x9000a2c4   0x0000000e   Code   RO        19814    i.__scatterload_zeroinit  mc_w.l(handlers.o)
    0x9000a2d2   0x9000a2d2   0x00000002   PAD
    0x9000a2d4   0x9000a2d4   0x00000154   Code   RO        19533    i._printf_core      mc_w.l(printf1.o)
    0x9000a428   0x9000a428   0x0000000a   Code   RO        19535    i._sputc            mc_w.l(printf1.o)
    0x9000a432   0x9000a432   0x00000002   PAD
    0x9000a434   0x9000a434   0x000000b0   Code   RO        15227    i.main              main.o
    0x9000a4e4   0x9000a4e4   0x00000040   Data   RO           15    .constdata          system_stm32h7xx.o
    0x9000a524   0x9000a524   0x00000038   Data   RO         2677    .constdata          stm32h7xx_hal_dma.o
    0x9000a55c   0x9000a55c   0x000017f0   Data   RO        16766    .constdata          oled.o
    0x9000bd4c   0x9000bd4c   0x00000078   Data   RO        17669    .constdata          os_cfg_app.o
    0x9000bdc4   0x9000bdc4   0x00000168   Data   RO        17850    .constdata          os_dbg.o
    0x9000bf2c   0x9000bf2c   0x00000020   Data   RO        19810    Region$$Table       anon$$obj.o



  Load Region LR_IROM1 (Base: 0x08000000, Size: 0x00000000, Max: 0x00020000, ABSOLUTE)

    Execution Region ER_IROM1 (Exec base: 0x08000000, Load base: 0x08000000, Size: 0x00000000, Max: 0x00020000, ABSOLUTE)

    **** No section assigned to this execution region ****


==============================================================================

Image component sizes


      Code (inc. data)   RO Data    RW Data    ZI Data      Debug   Object Name

       322         12          0          0          0       2194   app.o
        48         10          0          0       4316       1719   app_lcd.o
       482         22          0          0          0      39269   bsp.o
       316         12          0          0          0       8218   bsp_mpu.o
        24          8          0          2      12924       1896   bsp_sdio_sd.o
        52          0          0          0          0        328   cpu_a.o
       100         24          0          0          0       1072   cpu_bsp.o
         0          0          0          0          0       8312   cpu_cache_armv7m_generic_l1.o
       552        102          0         28         16       9656   cpu_core.o
       384         36          0          0        268       2398   csr8675.o
       928        106          0          8        520       5224   dfsdm.o
       444         44          0          0        268       3122   es9038.o
       102          0          0          0          0      12796   lib_mem.o
       376         84          0          0       2984       2678   main.o
      1254         86       6128          0       1224       8043   oled.o
         0          0          0          0          0      28629   os_app_hooks.o
         2          0        120          0       3072      19438   os_cfg_app.o
      2356        366          0          0          0      15697   os_core.o
       264         14          0          0          0        412   os_cpu_a.o
      1178        172          0          4          0      28199   os_cpu_c.o
       404        264        360          0          0       4509   os_dbg.o
        24         10          0          0          0        873   os_mem.o
       202         18          0          0          0       2352   os_msg.o
      1372         64          0          0          0       6760   os_mutex.o
       120         20          0          4          0       2854   os_prio.o
      1340        166          0          0          0       3234   os_stat.o
      2624        166          0          0          0      10280   os_task.o
      1158         88          0          0          0       6071   os_tick.o
       352         44          0          0          0       2349   os_time.o
       568        142          0          0          0       3489   os_tmr.o
         0          0          0        192       1292      18231   os_var.o
        36          8        664          0       2048        972   startup_stm32h743xx.o
        30          0          0          0          0       1121   stm32h7xx_hal.o
       344         26          0          0          0      39177   stm32h7xx_hal_cortex.o
      1476         48          0          4         32      10517   stm32h7xx_hal_dfsdm.o
      3146        126         56          0          0      10546   stm32h7xx_hal_dma.o
       616         58          0          0          0       2479   stm32h7xx_hal_gpio.o
      4466         92          0          0          0      30283   stm32h7xx_hal_i2c.o
       264         10          0          0          0       2670   stm32h7xx_hal_i2c_ex.o
        80          4          0          0          0        765   stm32h7xx_hal_pwr_ex.o
      3040         86          0          0          0       6024   stm32h7xx_hal_rcc.o
      6072        164          0          0          0       8934   stm32h7xx_hal_rcc_ex.o
      2094         38          0          0          0       9065   stm32h7xx_hal_sai.o
       832         16          0          0          0       7335   stm32h7xx_hal_sd.o
       342         68          0          0          0      10856   stm32h7xx_it.o
       620         24          0          0          0       5757   stm32h7xx_ll_sdmmc.o
       148         16         64          8          0    1262907   system_stm32h7xx.o

    ----------------------------------------------------------------------
     40988       2864       7424        252      28964    1669710   Object Totals
         0          0         32          0          0          0   (incl. Generated)
        34          0          0          2          0          0   (incl. Padding)

    ----------------------------------------------------------------------

      Code (inc. data)   RO Data    RW Data    ZI Data      Debug   Library Member Name

         0          0          0          0          0          0   entry.o
         0          0          0          0          0          0   entry10a.o
         0          0          0          0          0          0   entry11a.o
         8          4          0          0          0          0   entry2.o
         4          0          0          0          0          0   entry5.o
         0          0          0          0          0          0   entry7b.o
         0          0          0          0          0          0   entry8b.o
         8          4          0          0          0          0   entry9a.o
        30          0          0          0          0          0   handlers.o
        36          8          0          0          0         68   init.o
        36          0          0          0          0        108   memseta.o
       390         10          0          0          0        252   printf1.o
        44          0          0          0          0         80   uidiv.o

    ----------------------------------------------------------------------
       560         26          0          0          0        508   Library Totals
         4          0          0          0          0          0   (incl. Padding)

    ----------------------------------------------------------------------

      Code (inc. data)   RO Data    RW Data    ZI Data      Debug   Library Name

       556         26          0          0          0        508   mc_w.l

    ----------------------------------------------------------------------
       560         26          0          0          0        508   Library Totals

    ----------------------------------------------------------------------

==============================================================================


      Code (inc. data)   RO Data    RW Data    ZI Data      Debug   

     41548       2890       7424        252      28964    1643066   Grand Totals
     41548       2890       7424        252      28964    1643066   ELF Image Totals
     41548       2890       7424        252          0          0   ROM Totals

==============================================================================

    Total RO  Size (Code + RO Data)                48972 (  47.82kB)
    Total RW  Size (RW Data + ZI Data)             29216 (  28.53kB)
    Total ROM Size (Code + RO Data + RW Data)      49224 (  48.07kB)

==============================================================================

