Component: ARM Compiler 5.06 update 6 (build 750) Tool: armlink [4d35ed]

==============================================================================

Section Cross References

    startup_stm32h743xx.o(RESET) refers to startup_stm32h743xx.o(STACK) for __initial_sp
    startup_stm32h743xx.o(RESET) refers to startup_stm32h743xx.o(.text) for Reset_Handler
    startup_stm32h743xx.o(RESET) refers to stm32h7xx_it.o(i.NMI_Handler) for NMI_Handler
    startup_stm32h743xx.o(RESET) refers to stm32h7xx_it.o(i.HardFault_Handler) for HardFault_Handler
    startup_stm32h743xx.o(RESET) refers to stm32h7xx_it.o(i.MemManage_Handler) for MemManage_Handler
    startup_stm32h743xx.o(RESET) refers to stm32h7xx_it.o(i.BusFault_Handler) for BusFault_Handler
    startup_stm32h743xx.o(RESET) refers to stm32h7xx_it.o(i.UsageFault_Handler) for UsageFault_Handler
    startup_stm32h743xx.o(RESET) refers to port.o(.emb_text) for SVC_Handler
    startup_stm32h743xx.o(RESET) refers to stm32h7xx_it.o(i.DebugMon_Handler) for DebugMon_Handler
    startup_stm32h743xx.o(RESET) refers to stm32h7xx_it.o(i.SysTick_Handler) for SysTick_Handler
    startup_stm32h743xx.o(RESET) refers to app_lcd.o(i.EXTI3_IRQHandler) for EXTI3_IRQHandler
    startup_stm32h743xx.o(.text) refers to system_stm32h7xx.o(i.SystemInit) for SystemInit
    startup_stm32h743xx.o(.text) refers to entry.o(.ARM.Collect$$$$00000000) for __main
    system_stm32h7xx.o(i.SystemCoreClockUpdate) refers to system_stm32h7xx.o(.data) for .data
    system_stm32h7xx.o(i.SystemCoreClockUpdate) refers to system_stm32h7xx.o(.constdata) for .constdata
    stm32h7xx_hal.o(i.HAL_DeInit) refers to stm32h7xx_hal.o(i.HAL_MspDeInit) for HAL_MspDeInit
    stm32h7xx_hal.o(i.HAL_Delay) refers to core_delay.o(i.HAL_GetTick) for HAL_GetTick
    stm32h7xx_hal.o(i.HAL_Delay) refers to stm32h7xx_hal.o(.data) for .data
    stm32h7xx_hal.o(i.HAL_GetTick) refers to stm32h7xx_hal.o(.data) for .data
    stm32h7xx_hal.o(i.HAL_GetTickFreq) refers to stm32h7xx_hal.o(.data) for .data
    stm32h7xx_hal.o(i.HAL_GetTickPrio) refers to stm32h7xx_hal.o(.data) for .data
    stm32h7xx_hal.o(i.HAL_IncTick) refers to stm32h7xx_hal.o(.data) for .data
    stm32h7xx_hal.o(i.HAL_Init) refers to stm32h7xx_hal_cortex.o(i.HAL_NVIC_SetPriorityGrouping) for HAL_NVIC_SetPriorityGrouping
    stm32h7xx_hal.o(i.HAL_Init) refers to core_delay.o(i.HAL_InitTick) for HAL_InitTick
    stm32h7xx_hal.o(i.HAL_Init) refers to stm32h7xx_hal.o(i.HAL_MspInit) for HAL_MspInit
    stm32h7xx_hal.o(i.HAL_InitTick) refers to stm32h7xx_hal_cortex.o(i.HAL_SYSTICK_Config) for HAL_SYSTICK_Config
    stm32h7xx_hal.o(i.HAL_InitTick) refers to stm32h7xx_hal_cortex.o(i.HAL_NVIC_SetPriority) for HAL_NVIC_SetPriority
    stm32h7xx_hal.o(i.HAL_InitTick) refers to stm32h7xx_hal.o(.data) for .data
    stm32h7xx_hal.o(i.HAL_InitTick) refers to system_stm32h7xx.o(.data) for SystemCoreClock
    stm32h7xx_hal.o(i.HAL_SYSCFG_EnableVREFBUF) refers to core_delay.o(i.HAL_GetTick) for HAL_GetTick
    stm32h7xx_hal.o(i.HAL_SetTickFreq) refers to core_delay.o(i.HAL_InitTick) for HAL_InitTick
    stm32h7xx_hal.o(i.HAL_SetTickFreq) refers to stm32h7xx_hal.o(.data) for .data
    stm32h7xx_hal_cortex.o(i.HAL_NVIC_SetPriority) refers to stm32h7xx_hal_cortex.o(i.__NVIC_SetPriority) for __NVIC_SetPriority
    stm32h7xx_hal_cortex.o(i.HAL_SYSTICK_Config) refers to stm32h7xx_hal_cortex.o(i.__NVIC_SetPriority) for __NVIC_SetPriority
    stm32h7xx_hal_cortex.o(i.HAL_SYSTICK_IRQHandler) refers to stm32h7xx_hal_cortex.o(i.HAL_SYSTICK_Callback) for HAL_SYSTICK_Callback
    stm32h7xx_hal_dma.o(i.DMA_CalcBaseAndBitshift) refers to stm32h7xx_hal_dma.o(.constdata) for .constdata
    stm32h7xx_hal_dma.o(i.HAL_DMA_Abort) refers to core_delay.o(i.HAL_GetTick) for HAL_GetTick
    stm32h7xx_hal_dma.o(i.HAL_DMA_DeInit) refers to stm32h7xx_hal_dma.o(i.DMA_CalcBaseAndBitshift) for DMA_CalcBaseAndBitshift
    stm32h7xx_hal_dma.o(i.HAL_DMA_DeInit) refers to stm32h7xx_hal_dma.o(i.DMA_CalcDMAMUXChannelBaseAndMask) for DMA_CalcDMAMUXChannelBaseAndMask
    stm32h7xx_hal_dma.o(i.HAL_DMA_DeInit) refers to stm32h7xx_hal_dma.o(i.DMA_CalcDMAMUXRequestGenBaseAndMask) for DMA_CalcDMAMUXRequestGenBaseAndMask
    stm32h7xx_hal_dma.o(i.HAL_DMA_IRQHandler) refers to system_stm32h7xx.o(.data) for SystemCoreClock
    stm32h7xx_hal_dma.o(i.HAL_DMA_Init) refers to core_delay.o(i.HAL_GetTick) for HAL_GetTick
    stm32h7xx_hal_dma.o(i.HAL_DMA_Init) refers to stm32h7xx_hal_dma.o(i.DMA_CheckFifoParam) for DMA_CheckFifoParam
    stm32h7xx_hal_dma.o(i.HAL_DMA_Init) refers to stm32h7xx_hal_dma.o(i.DMA_CalcBaseAndBitshift) for DMA_CalcBaseAndBitshift
    stm32h7xx_hal_dma.o(i.HAL_DMA_Init) refers to stm32h7xx_hal_dma.o(i.DMA_CalcDMAMUXChannelBaseAndMask) for DMA_CalcDMAMUXChannelBaseAndMask
    stm32h7xx_hal_dma.o(i.HAL_DMA_Init) refers to stm32h7xx_hal_dma.o(i.DMA_CalcDMAMUXRequestGenBaseAndMask) for DMA_CalcDMAMUXRequestGenBaseAndMask
[...]
    i.HAL_LTDC_MspInit                       0x080014c0   Section        0  stm32h7xx_hal_ltdc.o(i.HAL_LTDC_MspInit)
    i.HAL_LTDC_SetAlpha                      0x080014c2   Section        0  stm32h7xx_hal_ltdc.o(i.HAL_LTDC_SetAlpha)
    i.HAL_NVIC_DisableIRQ                    0x08001506   Section        0  stm32h7xx_hal_cortex.o(i.HAL_NVIC_DisableIRQ)
    i.HAL_NVIC_EnableIRQ                     0x08001528   Section        0  stm32h7xx_hal_cortex.o(i.HAL_NVIC_EnableIRQ)
    i.HAL_NVIC_SetPriority                   0x08001544   Section        0  stm32h7xx_hal_cortex.o(i.HAL_NVIC_SetPriority)
    i.HAL_RCCEx_PeriphCLKConfig              0x08001584   Section        0  stm32h7xx_hal_rcc_ex.o(i.HAL_RCCEx_PeriphCLKConfig)
    i.HAL_RCC_ClockConfig                    0x08001f10   Section        0  stm32h7xx_hal_rcc.o(i.HAL_RCC_ClockConfig)
    i.HAL_RCC_GetSysClockFreq                0x080020e8   Section        0  stm32h7xx_hal_rcc.o(i.HAL_RCC_GetSysClockFreq)
    i.HAL_RCC_OscConfig                      0x080021e0   Section        0  stm32h7xx_hal_rcc.o(i.HAL_RCC_OscConfig)
    i.HAL_SDRAM_Init                         0x08002678   Section        0  stm32h7xx_hal_sdram.o(i.HAL_SDRAM_Init)
    i.HAL_SDRAM_MspInit                      0x080026c8   Section        0  stm32h7xx_hal_sdram.o(i.HAL_SDRAM_MspInit)
    i.HAL_SDRAM_ProgramRefreshRate           0x080026ca   Section        0  stm32h7xx_hal_sdram.o(i.HAL_SDRAM_ProgramRefreshRate)
    i.HAL_SDRAM_SendCommand                  0x080026ec   Section        0  stm32h7xx_hal_sdram.o(i.HAL_SDRAM_SendCommand)
    i.HAL_SYSTICK_Config                     0x0800271a   Section        0  stm32h7xx_hal_cortex.o(i.HAL_SYSTICK_Config)
    i.HAL_UART_Transmit                      0x08002742   Section        0  stm32h7xx_hal_uart.o(i.HAL_UART_Transmit)
    i.HardFault_Handler                      0x080027f4   Section        0  stm32h7xx_it.o(i.HardFault_Handler)
    i.I2C_GPIO_Config                        0x080027f8   Section        0  bsp_i2c_touch.o(i.I2C_GPIO_Config)
    I2C_GPIO_Config                          0x080027f9   Thumb Code   172  bsp_i2c_touch.o(i.I2C_GPIO_Config)
    i.I2C_GTP_IRQDisable                     0x080028b0   Section        0  bsp_i2c_touch.o(i.I2C_GTP_IRQDisable)
    i.I2C_GTP_IRQEnable                      0x080028f4   Section        0  bsp_i2c_touch.o(i.I2C_GTP_IRQEnable)
    i.I2C_ReadBytes                          0x08002940   Section        0  bsp_i2c_touch.o(i.I2C_ReadBytes)
    i.I2C_ResetChip                          0x0800298c   Section        0  bsp_i2c_touch.o(i.I2C_ResetChip)
    i.I2C_Touch_Init                         0x080029e4   Section        0  bsp_i2c_touch.o(i.I2C_Touch_Init)
    i.I2C_Transfer                           0x080029f6   Section        0  bsp_touch_gtxx.o(i.I2C_Transfer)
    I2C_Transfer                             0x080029f7   Thumb Code    64  bsp_touch_gtxx.o(i.I2C_Transfer)
    i.I2C_WriteBytes                         0x08002a36   Section        0  bsp_i2c_touch.o(i.I2C_WriteBytes)
    i.LCD_Clear                              0x08002a90   Section        0  bsp_lcd.o(i.LCD_Clear)
    i.LCD_ClockConfig                        0x08002ac8   Section        0  bsp_lcd.o(i.LCD_ClockConfig)
    i.LCD_DisplayChar                        0x08002aec   Section        0  bsp_lcd.o(i.LCD_DisplayChar)
    i.LCD_DisplayOn                          0x08002b20   Section        0  bsp_lcd.o(i.LCD_DisplayOn)
    i.LCD_DisplayStringAtABSPos              0x08002b40   Section        0  bsp_lcd.o(i.LCD_DisplayStringAtABSPos)
    i.LCD_DrawHLine                          0x08002bcc   Section        0  bsp_lcd.o(i.LCD_DrawHLine)
    i.LCD_DrawPixel                          0x08002c6c   Section        0  bsp_lcd.o(i.LCD_DrawPixel)
    i.LCD_DrawRect                           0x08002d38   Section        0  bsp_lcd.o(i.LCD_DrawRect)
    i.LCD_DrawVLine                          0x08002d70   Section        0  bsp_lcd.o(i.LCD_DrawVLine)
    i.LCD_FillRect                           0x08002e1c   Section        0  bsp_lcd.o(i.LCD_FillRect)
    i.LCD_GPIO_Config                        0x08002ed8   Section        0  bsp_lcd.o(i.LCD_GPIO_Config)
    LCD_GPIO_Config                          0x08002ed9   Thumb Code   954  bsp_lcd.o(i.LCD_GPIO_Config)
    i.LCD_GetActiveLayer                     0x080032a8   Section        0  bsp_lcd.o(i.LCD_GetActiveLayer)
    i.LCD_GetFont                            0x080032b4   Section        0  bsp_lcd.o(i.LCD_GetFont)
    i.LCD_GetTextColor                       0x080032d0   Section        0  bsp_lcd.o(i.LCD_GetTextColor)
    i.LCD_GetXSize                           0x080032e8   Section        0  bsp_lcd.o(i.LCD_GetXSize)
    i.LCD_GetYSize                           0x08003308   Section        0  bsp_lcd.o(i.LCD_GetYSize)
    i.LCD_Init                               0x08003328   Section        0  bsp_lcd.o(i.LCD_Init)
    i.LCD_LayerInit                          0x080033ec   Section        0  bsp_lcd.o(i.LCD_LayerInit)
    i.LCD_SelectLayer                        0x08003474   Section        0  bsp_lcd.o(i.LCD_SelectLayer)
    i.LCD_SetBackColor                       0x08003480   Section        0  bsp_lcd.o(i.LCD_SetBackColor)
    i.LCD_SetColors                          0x0800349c   Section        0  bsp_lcd.o(i.LCD_SetColors)
    i.LCD_SetFont                            0x080034b0   Section        0  bsp_lcd.o(i.LCD_SetFont)
    i.LCD_SetTextColor                       0x080034cc   Section        0  bsp_lcd.o(i.LCD_SetTextColor)
    i.LCD_SetTransparency                    0x080034e4   Section        0  bsp_lcd.o(i.LCD_SetTransparency)
    i.LCD_Start                              0x080034f0   Section        0  app_lcd.o(i.LCD_Start)
    i.LL_FillBuffer                          0x080035b8   Section        0  bsp_lcd.o(i.LL_FillBuffer)
    LL_FillBuffer                            0x080035b9   Thumb Code   128  bsp_lcd.o(i.LL_FillBuffer)
    i.LTDC_SetConfig                         0x08003644   Section        0  stm32h7xx_hal_ltdc.o(i.LTDC_SetConfig)
    LTDC_SetConfig                           0x08003645   Thumb Code   354  stm32h7xx_hal_ltdc.o(i.LTDC_SetConfig)
    i.MemManage_Handler                      0x080037a6   Section        0  stm32h7xx_it.o(i.MemManage_Handler)
    i.NMI_Handler                            0x080037a8   Section        0  stm32h7xx_it.o(i.NMI_Handler)
    i.RCCEx_PLL2_Config                      0x080037ac   Section        0  stm32h7xx_hal_rcc_ex.o(i.RCCEx_PLL2_Config)
    RCCEx_PLL2_Config                        0x080037ad   Thumb Code   196  stm32h7xx_hal_rcc_ex.o(i.RCCEx_PLL2_Config)
    i.RCCEx_PLL3_Config                      0x08003874   Section        0  stm32h7xx_hal_rcc_ex.o(i.RCCEx_PLL3_Config)
    RCCEx_PLL3_Config                        0x08003875   Thumb Code   196  stm32h7xx_hal_rcc_ex.o(i.RCCEx_PLL3_Config)
    i.SDRAM_GPIO_Config                      0x0800393c   Section        0  bsp_sdram.o(i.SDRAM_GPIO_Config)
    SDRAM_GPIO_Config                        0x0800393d   Thumb Code  1640  bsp_sdram.o(i.SDRAM_GPIO_Config)
    i.SDRAM_Init                             0x08003fc0   Section        0  bsp_sdram.o(i.SDRAM_Init)
    i.SDRAM_InitSequence                     0x0800405c   Section        0  bsp_sdram.o(i.SDRAM_InitSequence)
    SDRAM_InitSequence                       0x0800405d   Thumb Code   132  bsp_sdram.o(i.SDRAM_InitSequence)
    i.SysTick_Handler                        0x080040e8   Section        0  stm32h7xx_it.o(i.SysTick_Handler)
    i.SystemClock_Config                     0x080040fc   Section        0  app.o(i.SystemClock_Config)
    i.SystemInit                             0x08004188   Section        0  system_stm32h7xx.o(i.SystemInit)
    i.Test_Task                              0x0800420c   Section        0  main.o(i.Test_Task)
    i.Tuck_Task                              0x08004250   Section        0  app_lcd.o(i.Tuck_Task)
    i.UART_WaitOnFlagUntilTimeout            0x0800426c   Section        0  stm32h7xx_hal_uart.o(i.UART_WaitOnFlagUntilTimeout)
    i.UsageFault_Handler                     0x080042ce   Section        0  stm32h7xx_it.o(i.UsageFault_Handler)
    i.VOIOFUN                                0x080042d0   Section        0  bsp_touch_gtxx.o(i.VOIOFUN)
    i.VOIOFUN1                               0x080042d2   Section        0  bsp_touch_gtxx.o(i.VOIOFUN1)
    i.__0printf$3                            0x080042d4   Section        0  printf3.o(i.__0printf$3)
    i.__0sprintf$3                           0x080042f4   Section        0  printf3.o(i.__0sprintf$3)
    i.__NVIC_SetPriority                     0x0800431c   Section        0  stm32h7xx_hal_cortex.o(i.__NVIC_SetPriority)
    __NVIC_SetPriority                       0x0800431d   Thumb Code    32  stm32h7xx_hal_cortex.o(i.__NVIC_SetPriority)
    i.__scatterload_copy                     0x0800433c   Section       14  handlers.o(i.__scatterload_copy)
    i.__scatterload_null                     0x0800434a   Section        2  handlers.o(i.__scatterload_null)
    i.__scatterload_zeroinit                 0x0800434c   Section       14  handlers.o(i.__scatterload_zeroinit)
    i._printf_core                           0x0800435c   Section        0  printf3.o(i._printf_core)
    _printf_core                             0x0800435d   Thumb Code   436  printf3.o(i._printf_core)
    i._sputc                                 0x08004514   Section        0  printf3.o(i._sputc)
    _sputc                                   0x08004515   Thumb Code    10  printf3.o(i._sputc)
    i.dd                                     0x08004520   Section        0  main.o(i.dd)
    i.down                                   0x0800453c   Section        0  app_lcd.o(i.down)
    down                                     0x0800453d   Thumb Code     4  app_lcd.o(i.down)
    i.fputc                                  0x08004540   Section        0  bsp_debug_usart.o(i.fputc)
    i.free                                   0x08004558   Section        0  malloc.o(i.free)
    i.i2c_Ack                                0x080045a8   Section        0  bsp_i2c_touch.o(i.i2c_Ack)
    i.i2c_Delay                              0x080045e8   Section        0  bsp_i2c_touch.o(i.i2c_Delay)
    i2c_Delay                                0x080045e9   Thumb Code    12  bsp_i2c_touch.o(i.i2c_Delay)
    i.i2c_NAck                               0x080045f4   Section        0  bsp_i2c_touch.o(i.i2c_NAck)
    i.i2c_ReadByte                           0x0800462c   Section        0  bsp_i2c_touch.o(i.i2c_ReadByte)
    i.i2c_SendByte                           0x08004674   Section        0  bsp_i2c_touch.o(i.i2c_SendByte)
    i.i2c_Start                              0x080046d0   Section        0  bsp_i2c_touch.o(i.i2c_Start)
    i.i2c_Stop                               0x08004710   Section        0  bsp_i2c_touch.o(i.i2c_Stop)
    i.i2c_WaitAck                            0x08004740   Section        0  bsp_i2c_touch.o(i.i2c_WaitAck)
    i.main                                   0x08004788   Section        0  main.o(i.main)
    i.malloc                                 0x0800481c   Section        0  malloc.o(i.malloc)
    i.prvAddCurrentTaskToDelayedList         0x08004888   Section        0  tasks.o(i.prvAddCurrentTaskToDelayedList)
    prvAddCurrentTaskToDelayedList           0x08004889   Thumb Code   102  tasks.o(i.prvAddCurrentTaskToDelayedList)
    i.prvAddNewTaskToReadyList               0x080048f8   Section        0  tasks.o(i.prvAddNewTaskToReadyList)
    prvAddNewTaskToReadyList                 0x080048f9   Thumb Code   190  tasks.o(i.prvAddNewTaskToReadyList)
    i.prvCheckTasksWaitingTermination        0x080049c8   Section        0  tasks.o(i.prvCheckTasksWaitingTermination)
    prvCheckTasksWaitingTermination          0x080049c9   Thumb Code    74  tasks.o(i.prvCheckTasksWaitingTermination)
    i.prvCopyDataFromQueue                   0x08004a1c   Section        0  queue.o(i.prvCopyDataFromQueue)
    prvCopyDataFromQueue                     0x08004a1d   Thumb Code    38  queue.o(i.prvCopyDataFromQueue)
    i.prvCopyDataToQueue                     0x08004a42   Section        0  queue.o(i.prvCopyDataToQueue)
    prvCopyDataToQueue                       0x08004a43   Thumb Code    90  queue.o(i.prvCopyDataToQueue)
    i.prvDeleteTCB                           0x08004a9c   Section        0  tasks.o(i.prvDeleteTCB)
    prvDeleteTCB                             0x08004a9d   Thumb Code    20  tasks.o(i.prvDeleteTCB)
    i.prvHeapInit                            0x08004ab0   Section        0  heap_4.o(i.prvHeapInit)
    prvHeapInit                              0x08004ab1   Thumb Code    66  heap_4.o(i.prvHeapInit)
    i.prvIdleTask                            0x08004afc   Section        0  tasks.o(i.prvIdleTask)
    prvIdleTask                              0x08004afd   Thumb Code    30  tasks.o(i.prvIdleTask)
    i.prvInitialiseNewTask                   0x08004b24   Section        0  tasks.o(i.prvInitialiseNewTask)
    prvInitialiseNewTask                     0x08004b25   Thumb Code   138  tasks.o(i.prvInitialiseNewTask)
    i.prvInsertBlockIntoFreeList             0x08004bdc   Section        0  heap_4.o(i.prvInsertBlockIntoFreeList)
    prvInsertBlockIntoFreeList               0x08004bdd   Thumb Code    72  heap_4.o(i.prvInsertBlockIntoFreeList)
    i.prvIsQueueEmpty                        0x08004c28   Section        0  queue.o(i.prvIsQueueEmpty)
    prvIsQueueEmpty                          0x08004c29   Thumb Code    26  queue.o(i.prvIsQueueEmpty)
    i.prvResetNextTaskUnblockTime            0x08004c44   Section        0  tasks.o(i.prvResetNextTaskUnblockTime)
    prvResetNextTaskUnblockTime              0x08004c45   Thumb Code    26  tasks.o(i.prvResetNextTaskUnblockTime)
    i.prvTaskExitError                       0x08004c64   Section        0  port.o(i.prvTaskExitError)
    prvTaskExitError                         0x08004c65   Thumb Code    40  port.o(i.prvTaskExitError)
    i.prvUnlockQueue                         0x08004cd0   Section        0  queue.o(i.prvUnlockQueue)
    prvUnlockQueue                           0x08004cd1   Thumb Code   106  queue.o(i.prvUnlockQueue)
    i.pvPortMalloc                           0x08004d3c   Section        0  heap_4.o(i.pvPortMalloc)
    i.pxPortInitialiseStack                  0x08004e50   Section        0  port.o(i.pxPortInitialiseStack)
    i.up                                     0x08004e7c   Section        0  app_lcd.o(i.up)
    up                                       0x08004e7d   Thumb Code     4  app_lcd.o(i.up)
    i.uxListRemove                           0x08004e80   Section        0  list.o(i.uxListRemove)
    i.vListInitialise                        0x08004ea4   Section        0  list.o(i.vListInitialise)
    i.vListInitialiseItem                    0x08004eba   Section        0  list.o(i.vListInitialiseItem)
    i.vListInsert                            0x08004ec0   Section        0  list.o(i.vListInsert)
    i.vListInsertEnd                         0x08004ef0   Section        0  list.o(i.vListInsertEnd)
    i.vPortEnterCritical                     0x08004f08   Section        0  port.o(i.vPortEnterCritical)
    i.vPortExitCritical                      0x08004f88   Section        0  port.o(i.vPortExitCritical)
    i.vPortFree                              0x08004ff0   Section        0  heap_4.o(i.vPortFree)
    i.vPortSetupTimerInterrupt               0x0800508c   Section        0  port.o(i.vPortSetupTimerInterrupt)
    i.vTaskDelay                             0x080050ac   Section        0  tasks.o(i.vTaskDelay)
    i.vTaskMissedYield                       0x08005120   Section        0  tasks.o(i.vTaskMissedYield)
    i.vTaskPlaceOnEventList                  0x0800512c   Section        0  tasks.o(i.vTaskPlaceOnEventList)
    i.vTaskSetTimeOutState                   0x08005188   Section        0  tasks.o(i.vTaskSetTimeOutState)
    i.vTaskStartScheduler                    0x080051d8   Section        0  tasks.o(i.vTaskStartScheduler)
    i.vTaskSuspendAll                        0x08005270   Section        0  tasks.o(i.vTaskSuspendAll)
    i.vTaskSwitchContext                     0x08005280   Section        0  tasks.o(i.vTaskSwitchContext)
    i.xPortStartScheduler                    0x08005304   Section        0  port.o(i.xPortStartScheduler)
    i.xPortSysTickHandler                    0x080053ec   Section        0  port.o(i.xPortSysTickHandler)
    i.xQueueGenericCreate                    0x0800541c   Section        0  queue.o(i.xQueueGenericCreate)
    i.xQueueGenericReceive                   0x0800548c   Section        0  queue.o(i.xQueueGenericReceive)
    i.xQueueGenericReset                     0x080055fc   Section        0  queue.o(i.xQueueGenericReset)
    i.xQueueGenericSend                      0x080056ac   Section        0  queue.o(i.xQueueGenericSend)
    i.xTaskCheckForTimeOut                   0x08005828   Section        0  tasks.o(i.xTaskCheckForTimeOut)
    i.xTaskCreate                            0x080058b8   Section        0  tasks.o(i.xTaskCreate)
    i.xTaskGetSchedulerState                 0x08005910   Section        0  tasks.o(i.xTaskGetSchedulerState)
    i.xTaskIncrementTick                     0x0800592c   Section        0  tasks.o(i.xTaskIncrementTick)
    i.xTaskRemoveFromEventList               0x08005a1c   Section        0  tasks.o(i.xTaskRemoveFromEventList)
    i.xTaskResumeAll                         0x08005abc   Section        0  tasks.o(i.xTaskResumeAll)
    .constdata                               0x08005ba8   Section       16  system_stm32h7xx.o(.constdata)
    .constdata                               0x08005bb8   Section     3040  font16.o(.constdata)
    .constdata                               0x08006798   Section     6840  font24.o(.constdata)
    .constdata                               0x08008250   Section       48  bsp_touch_gtxx.o(.constdata)
    .data                                    0x24000000   Section        4  system_stm32h7xx.o(.data)
    .data                                    0x24000004   Section        4  main.o(.data)
    .data                                    0x24000008   Section        4  bsp_lcd.o(.data)
    ActiveLayer                              0x24000008   Data           4  bsp_lcd.o(.data)
    .data                                    0x2400000c   Section        8  font16.o(.data)
    .data                                    0x24000014   Section        8  font24.o(.data)
    .data                                    0x2400001c   Section      628  bsp_touch_gtxx.o(.data)
    pre_touch                                0x2400001e   Data           2  bsp_touch_gtxx.o(.data)
    pre_id                                   0x24000028   Data           5  bsp_touch_gtxx.o(.data)
    .data                                    0x24000290   Section        8  button.o(.data)
    _borderColor                             0x24000290   Data           4  button.o(.data)
    .data                                    0x24000298   Section       60  tasks.o(.data)
    uxDeletedTasksWaitingCleanUp             0x2400029c   Data           4  tasks.o(.data)
    uxCurrentNumberOfTasks                   0x240002a0   Data           4  tasks.o(.data)
    xTickCount                               0x240002a4   Data           4  tasks.o(.data)
    uxTopReadyPriority                       0x240002a8   Data           4  tasks.o(.data)
    xSchedulerRunning                        0x240002ac   Data           4  tasks.o(.data)
    uxPendedTicks                            0x240002b0   Data           4  tasks.o(.data)
    xYieldPending                            0x240002b4   Data           4  tasks.o(.data)
    xNumOfOverflows                          0x240002b8   Data           4  tasks.o(.data)
    uxTaskNumber                             0x240002bc   Data           4  tasks.o(.data)
    xNextTaskUnblockTime                     0x240002c0   Data           4  tasks.o(.data)
    xIdleTaskHandle                          0x240002c4   Data           4  tasks.o(.data)
    uxSchedulerSuspended                     0x240002c8   Data           4  tasks.o(.data)
    pxDelayedTaskList                        0x240002cc   Data           4  tasks.o(.data)
    pxOverflowDelayedTaskList                0x240002d0   Data           4  tasks.o(.data)
    .data                                    0x240002d4   Section       24  heap_4.o(.data)
    pxEnd                                    0x240002d4   Data           4  heap_4.o(.data)
    xFreeBytesRemaining                      0x240002d8   Data           4  heap_4.o(.data)
    xMinimumEverFreeBytesRemaining           0x240002dc   Data           4  heap_4.o(.data)
    xBlockAllocatedBit                       0x240002e0   Data           4  heap_4.o(.data)
    xStart                                   0x240002e4   Data           8  heap_4.o(.data)
    .data                                    0x240002ec   Section       12  port.o(.data)
    ucMaxSysCallPriority                     0x240002ec   Data           1  port.o(.data)
    uxCriticalNesting                        0x240002f0   Data           4  port.o(.data)
    ulMaxPRIGROUPValue                       0x240002f4   Data           4  port.o(.data)
    .data                                    0x240002f8   Section       24  app_lcd.o(.data)
    .data                                    0x24000310   Section        4  stdout.o(.data)
    .data                                    0x24000314   Section        4  mvars.o(.data)
    .data                                    0x24000318   Section        4  mvars.o(.data)
    .bss                                     0x2400031c   Section      128  bsp_debug_usart.o(.bss)
    .bss                                     0x2400039c   Section      476  bsp_lcd.o(.bss)
    periph_clk_init_struct                   0x2400039c   Data         188  bsp_lcd.o(.bss)
    Ltdc_Handler                             0x24000458   Data         168  bsp_lcd.o(.bss)
    Dma2d_Handler                            0x24000500   Data          96  bsp_lcd.o(.bss)
    DrawProp                                 0x24000560   Data          24  bsp_lcd.o(.bss)
    .bss                                     0x24000578   Section       68  bsp_sdram.o(.bss)
    Command                                  0x24000578   Data          16  bsp_sdram.o(.bss)
    .bss                                     0x240005bc   Section      740  tasks.o(.bss)
    pxReadyTasksLists                        0x240005bc   Data         640  tasks.o(.bss)
    xDelayedTaskList1                        0x2400083c   Data          20  tasks.o(.bss)
    xDelayedTaskList2                        0x24000850   Data          20  tasks.o(.bss)
    xPendingReadyList                        0x24000864   Data          20  tasks.o(.bss)
    xTasksWaitingTermination                 0x24000878   Data          20  tasks.o(.bss)
    xSuspendedTaskList                       0x2400088c   Data          20  tasks.o(.bss)
    .bss                                     0x240008a0   Section    36864  heap_4.o(.bss)
    ucHeap                                   0x240008a0   Data       36864  heap_4.o(.bss)
    HEAP                                     0x240098a0   Section      512  startup_stm32h743xx.o(HEAP)
    STACK                                    0x24009aa0   Section     2048  startup_stm32h743xx.o(STACK)

    Global Symbols

    Symbol Name                              Value     Ov Type        Size  Object(Section)

    BuildAttributes$$THM_ISAv4$E$P$D$K$B$S$7EM$VFPv5_D16$PE$PLD8$A:L22UL41UL21$X:L11$S22US41US21$IEEE1$IW$USESV6$~STKCKD$USESV7$~SHL$OSPACE$ROPI$EBA8$MICROLIB$REQ8$PRES8$EABIv2 0x00000000   Number         0  anon$$obj.o ABSOLUTE
    __ARM_use_no_argv                        0x00000000   Number         0  main.o ABSOLUTE
    _printf_a                                0x00000000   Number         0  stubs.o ABSOLUTE
    _printf_c                                0x00000000   Number         0  stubs.o ABSOLUTE
    _printf_charcount                        0x00000000   Number         0  stubs.o ABSOLUTE
    _printf_d                                0x00000000   Number         0  stubs.o ABSOLUTE
    _printf_e                                0x00000000   Number         0  stubs.o ABSOLUTE
    _printf_f                                0x00000000   Number         0  stubs.o ABSOLUTE
    _printf_flags                            0x00000000   Number         0  stubs.o ABSOLUTE
    _printf_fp_dec                           0x00000000   Number         0  stubs.o ABSOLUTE
    _printf_fp_hex                           0x00000000   Number         0  stubs.o ABSOLUTE
    _printf_g                                0x00000000   Number         0  stubs.o ABSOLUTE
    _printf_i                                0x00000000   Number         0  stubs.o ABSOLUTE
    _printf_int_dec                          0x00000000   Number         0  stubs.o ABSOLUTE
    _printf_l                                0x00000000   Number         0  stubs.o ABSOLUTE
    _printf_lc                               0x00000000   Number         0  stubs.o ABSOLUTE
    _printf_ll                               0x00000000   Number         0  stubs.o ABSOLUTE
    _printf_lld                              0x00000000   Number         0  stubs.o ABSOLUTE
    _printf_lli                              0x00000000   Number         0  stubs.o ABSOLUTE
    _printf_llo                              0x00000000   Number         0  stubs.o ABSOLUTE
    _printf_llu                              0x00000000   Number         0  stubs.o ABSOLUTE
    _printf_llx                              0x00000000   Number         0  stubs.o ABSOLUTE
    _printf_longlong_dec                     0x00000000   Number         0  stubs.o ABSOLUTE
    _printf_longlong_hex                     0x00000000   Number         0  stubs.o ABSOLUTE
    _printf_longlong_oct                     0x00000000   Number         0  stubs.o ABSOLUTE
    _printf_ls                               0x00000000   Number         0  stubs.o ABSOLUTE
    _printf_mbtowc                           0x00000000   Number         0  stubs.o ABSOLUTE
    _printf_n                                0x00000000   Number         0  stubs.o ABSOLUTE
    _printf_o                                0x00000000   Number         0  stubs.o ABSOLUTE
    _printf_p                                0x00000000   Number         0  stubs.o ABSOLUTE
    _printf_percent                          0x00000000   Number         0  stubs.o ABSOLUTE
    _printf_pre_padding                      0x00000000   Number         0  stubs.o ABSOLUTE
    _printf_return_value                     0x00000000   Number         0  stubs.o ABSOLUTE
    _printf_s                                0x00000000   Number         0  stubs.o ABSOLUTE
    _printf_sizespec                         0x00000000   Number         0  stubs.o ABSOLUTE
    _printf_str                              0x00000000   Number         0  stubs.o ABSOLUTE
    _printf_truncate_signed                  0x00000000   Number         0  stubs.o ABSOLUTE
    _printf_truncate_unsigned                0x00000000   Number         0  stubs.o ABSOLUTE
    _printf_u                                0x00000000   Number         0  stubs.o ABSOLUTE
    _printf_wc                               0x00000000   Number         0  stubs.o ABSOLUTE
    _printf_wctomb                           0x00000000   Number         0  stubs.o ABSOLUTE
    _printf_widthprec                        0x00000000   Number         0  stubs.o ABSOLUTE
    _printf_x                                0x00000000   Number         0  stubs.o ABSOLUTE
    __cpp_initialize__aeabi_                  - Undefined Weak Reference
    __cxa_finalize                            - Undefined Weak Reference
    _clock_init                               - Undefined Weak Reference
    _microlib_exit                            - Undefined Weak Reference
    __Vectors_Size                           0x00000298   Number         0  startup_stm32h743xx.o ABSOLUTE
    __Vectors                                0x08000000   Data           4  startup_stm32h743xx.o(RESET)
    __Vectors_End                            0x08000298   Data           0  startup_stm32h743xx.o(RESET)
    __main                                   0x08000299   Thumb Code     0  entry.o(.ARM.Collect$$$$00000000)
    _main_stk                                0x08000299   Thumb Code     0  entry2.o(.ARM.Collect$$$$00000001)
    _main_scatterload                        0x0800029d   Thumb Code     0  entry5.o(.ARM.Collect$$$$00000004)
    __main_after_scatterload                 0x080002a1   Thumb Code     0  entry5.o(.ARM.Collect$$$$00000004)
    _main_clock                              0x080002a1   Thumb Code     0  entry7b.o(.ARM.Collect$$$$00000008)
    _main_cpp_init                           0x080002a1   Thumb Code     0  entry8b.o(.ARM.Collect$$$$0000000A)
    _main_init                               0x080002a1   Thumb Code     0  entry9a.o(.ARM.Collect$$$$0000000B)
    __rt_final_cpp                           0x080002a9   Thumb Code     0  entry10a.o(.ARM.Collect$$$$0000000D)
    __rt_final_exit                          0x080002a9   Thumb Code     0  entry11a.o(.ARM.Collect$$$$0000000F)
    SVC_Handler                              0x080002ad   Thumb Code    28  port.o(.emb_text)
    __asm___6_port_c_39a90d8d__prvStartFirstTask 0x080002cd   Thumb Code    28  port.o(.emb_text)
    __asm___6_port_c_39a90d8d__prvEnableVFP  0x080002ed   Thumb Code    16  port.o(.emb_text)
    PendSV_Handler                           0x08000301   Thumb Code    92  port.o(.emb_text)
    vPortGetIPSR                             0x08000361   Thumb Code     6  port.o(.emb_text)
    Reset_Handler                            0x08000369   Thumb Code     8  startup_stm32h743xx.o(.text)
    ADC3_IRQHandler                          0x08000383   Thumb Code     0  startup_stm32h743xx.o(.text)
    ADC_IRQHandler                           0x08000383   Thumb Code     0  startup_stm32h743xx.o(.text)
    BDMA_Channel0_IRQHandler                 0x08000383   Thumb Code     0  startup_stm32h743xx.o(.text)
    BDMA_Channel1_IRQHandler                 0x08000383   Thumb Code     0  startup_stm32h743xx.o(.text)
    BDMA_Channel2_IRQHandler                 0x08000383   Thumb Code     0  startup_stm32h743xx.o(.text)
    BDMA_Channel3_IRQHandler                 0x08000383   Thumb Code     0  startup_stm32h743xx.o(.text)
    BDMA_Channel4_IRQHandler                 0x08000383   Thumb Code     0  startup_stm32h743xx.o(.text)
    BDMA_Channel5_IRQHandler                 0x08000383   Thumb Code     0  startup_stm32h743xx.o(.text)
    BDMA_Channel6_IRQHandler                 0x08000383   Thumb Code     0  startup_stm32h743xx.o(.text)
    BDMA_Channel7_IRQHandler                 0x08000383   Thumb Code     0  startup_stm32h743xx.o(.text)
    CEC_IRQHandler                           0x08000383   Thumb Code     0  startup_stm32h743xx.o(.text)
    COMP1_IRQHandler                         0x08000383   Thumb Code     0  startup_stm32h743xx.o(.text)
    CRS_IRQHandler                           0x08000383   Thumb Code     0  startup_stm32h743xx.o(.text)
    DCMI_IRQHandler                          0x08000383   Thumb Code     0  startup_stm32h743xx.o(.text)
    DFSDM1_FLT0_IRQHandler                   0x08000383   Thumb Code     0  startup_stm32h743xx.o(.text)
    DFSDM1_FLT1_IRQHandler                   0x08000383   Thumb Code     0  startup_stm32h743xx.o(.text)
    DFSDM1_FLT2_IRQHandler                   0x08000383   Thumb Code     0  startup_stm32h743xx.o(.text)
    DFSDM1_FLT3_IRQHandler                   0x08000383   Thumb Code     0  startup_stm32h743xx.o(.text)
    DMA1_Stream0_IRQHandler                  0x08000383   Thumb Code     0  startup_stm32h743xx.o(.text)
    DMA1_Stream1_IRQHandler                  0x08000383   Thumb Code     0  startup_stm32h743xx.o(.text)
    DMA1_Stream2_IRQHandler                  0x08000383   Thumb Code     0  startup_stm32h743xx.o(.text)
    DMA1_Stream3_IRQHandler                  0x08000383   Thumb Code     0  startup_stm32h743xx.o(.text)
    DMA1_Stream4_IRQHandler                  0x08000383   Thumb Code     0  startup_stm32h743xx.o(.text)
    DMA1_Stream5_IRQHandler                  0x08000383   Thumb Code     0  startup_stm32h743xx.o(.text)
    DMA1_Stream6_IRQHandler                  0x08000383   Thumb Code     0  startup_stm32h743xx.o(.text)
    DMA1_Stream7_IRQHandler                  0x08000383   Thumb Code     0  startup_stm32h743xx.o(.text)
    DMA2D_IRQHandler                         0x08000383   Thumb Code     0  startup_stm32h743xx.o(.text)
    DMA2_Stream0_IRQHandler                  0x08000383   Thumb Code     0  startup_stm32h743xx.o(.text)
    DMA2_Stream1_IRQHandler                  0x08000383   Thumb Code     0  startup_stm32h743xx.o(.text)
    DMA2_Stream2_IRQHandler                  0x08000383   Thumb Code     0  startup_stm32h743xx.o(.text)
    DMA2_Stream3_IRQHandler                  0x08000383   Thumb Code     0  startup_stm32h743xx.o(.text)
    DMA2_Stream4_IRQHandler                  0x08000383   Thumb Code     0  startup_stm32h743xx.o(.text)
    DMA2_Stream5_IRQHandler                  0x08000383   Thumb Code     0  startup_stm32h743xx.o(.text)
    DMA2_Stream6_IRQHandler                  0x08000383   Thumb Code     0  startup_stm32h743xx.o(.text)
    DMA2_Stream7_IRQHandler                  0x08000383   Thumb Code     0  startup_stm32h743xx.o(.text)
    DMAMUX1_OVR_IRQHandler                   0x08000383   Thumb Code     0  startup_stm32h743xx.o(.text)
    DMAMUX2_OVR_IRQHandler                   0x08000383   Thumb Code     0  startup_stm32h743xx.o(.text)
    ETH_IRQHandler                           0x08000383   Thumb Code     0  startup_stm32h743xx.o(.text)
    ETH_WKUP_IRQHandler                      0x08000383   Thumb Code     0  startup_stm32h743xx.o(.text)
    EXTI0_IRQHandler                         0x08000383   Thumb Code     0  startup_stm32h743xx.o(.text)
    EXTI15_10_IRQHandler                     0x08000383   Thumb Code     0  startup_stm32h743xx.o(.text)
    EXTI1_IRQHandler                         0x08000383   Thumb Code     0  startup_stm32h743xx.o(.text)
    EXTI2_IRQHandler                         0x08000383   Thumb Code     0  startup_stm32h743xx.o(.text)
    EXTI4_IRQHandler                         0x08000383   Thumb Code     0  startup_stm32h743xx.o(.text)
    EXTI9_5_IRQHandler                       0x08000383   Thumb Code     0  startup_stm32h743xx.o(.text)
    FDCAN1_IT0_IRQHandler                    0x08000383   Thumb Code     0  startup_stm32h743xx.o(.text)
    FDCAN1_IT1_IRQHandler                    0x08000383   Thumb Code     0  startup_stm32h743xx.o(.text)
    FDCAN2_IT0_IRQHandler                    0x08000383   Thumb Code     0  startup_stm32h743xx.o(.text)
    FDCAN2_IT1_IRQHandler                    0x08000383   Thumb Code     0  startup_stm32h743xx.o(.text)
    FDCAN_CAL_IRQHandler                     0x08000383   Thumb Code     0  startup_stm32h743xx.o(.text)
    FLASH_IRQHandler                         0x08000383   Thumb Code     0  startup_stm32h743xx.o(.text)
    FMC_IRQHandler                           0x08000383   Thumb Code     0  startup_stm32h743xx.o(.text)
    FPU_IRQHandler                           0x08000383   Thumb Code     0  startup_stm32h743xx.o(.text)
    HRTIM1_FLT_IRQHandler                    0x08000383   Thumb Code     0  startup_stm32h743xx.o(.text)
    HRTIM1_Master_IRQHandler                 0x08000383   Thumb Code     0  startup_stm32h743xx.o(.text)
    HRTIM1_TIMA_IRQHandler                   0x08000383   Thumb Code     0  startup_stm32h743xx.o(.text)
    HRTIM1_TIMB_IRQHandler                   0x08000383   Thumb Code     0  startup_stm32h743xx.o(.text)
    HRTIM1_TIMC_IRQHandler                   0x08000383   Thumb Code     0  startup_stm32h743xx.o(.text)
    HRTIM1_TIMD_IRQHandler                   0x08000383   Thumb Code     0  startup_stm32h743xx.o(.text)
    HRTIM1_TIME_IRQHandler                   0x08000383   Thumb Code     0  startup_stm32h743xx.o(.text)
    HSEM1_IRQHandler                         0x08000383   Thumb Code     0  startup_stm32h743xx.o(.text)
    I2C1_ER_IRQHandler                       0x08000383   Thumb Code     0  startup_stm32h743xx.o(.text)
    I2C1_EV_IRQHandler                       0x08000383   Thumb Code     0  startup_stm32h743xx.o(.text)
    I2C2_ER_IRQHandler                       0x08000383   Thumb Code     0  startup_stm32h743xx.o(.text)
    I2C2_EV_IRQHandler                       0x08000383   Thumb Code     0  startup_stm32h743xx.o(.text)
    I2C3_ER_IRQHandler                       0x08000383   Thumb Code     0  startup_stm32h743xx.o(.text)
    I2C3_EV_IRQHandler                       0x08000383   Thumb Code     0  startup_stm32h743xx.o(.text)
    I2C4_ER_IRQHandler                       0x08000383   Thumb Code     0  startup_stm32h743xx.o(.text)
    I2C4_EV_IRQHandler                       0x08000383   Thumb Code     0  startup_stm32h743xx.o(.text)
    JPEG_IRQHandler                          0x08000383   Thumb Code     0  startup_stm32h743xx.o(.text)
    LPTIM1_IRQHandler                        0x08000383   Thumb Code     0  startup_stm32h743xx.o(.text)
    LPTIM2_IRQHandler                        0x08000383   Thumb Code     0  startup_stm32h743xx.o(.text)
    LPTIM3_IRQHandler                        0x08000383   Thumb Code     0  startup_stm32h743xx.o(.text)
    LPTIM4_IRQHandler                        0x08000383   Thumb Code     0  startup_stm32h743xx.o(.text)
    LPTIM5_IRQHandler                        0x08000383   Thumb Code     0  startup_stm32h743xx.o(.text)
    LPUART1_IRQHandler                       0x08000383   Thumb Code     0  startup_stm32h743xx.o(.text)
    LTDC_ER_IRQHandler                       0x08000383   Thumb Code     0  startup_stm32h743xx.o(.text)
    LTDC_IRQHandler                          0x08000383   Thumb Code     0  startup_stm32h743xx.o(.text)
    MDIOS_IRQHandler                         0x08000383   Thumb Code     0  startup_stm32h743xx.o(.text)
    MDIOS_WKUP_IRQHandler                    0x08000383   Thumb Code     0  startup_stm32h743xx.o(.text)
    MDMA_IRQHandler                          0x08000383   Thumb Code     0  startup_stm32h743xx.o(.text)
    OTG_FS_EP1_IN_IRQHandler                 0x08000383   Thumb Code     0  startup_stm32h743xx.o(.text)
    OTG_FS_EP1_OUT_IRQHandler                0x08000383   Thumb Code     0  startup_stm32h743xx.o(.text)
    OTG_FS_IRQHandler                        0x08000383   Thumb Code     0  startup_stm32h743xx.o(.text)
    OTG_FS_WKUP_IRQHandler                   0x08000383   Thumb Code     0  startup_stm32h743xx.o(.text)
    OTG_HS_EP1_IN_IRQHandler                 0x08000383   Thumb Code     0  startup_stm32h743xx.o(.text)
    OTG_HS_EP1_OUT_IRQHandler                0x08000383   Thumb Code     0  startup_stm32h743xx.o(.text)
    OTG_HS_IRQHandler                        0x08000383   Thumb Code     0  startup_stm32h743xx.o(.text)
    OTG_HS_WKUP_IRQHandler                   0x08000383   Thumb Code     0  startup_stm32h743xx.o(.text)
    PVD_AVD_IRQHandler                       0x08000383   Thumb Code     0  startup_stm32h743xx.o(.text)
    QUADSPI_IRQHandler                       0x08000383   Thumb Code     0  startup_stm32h743xx.o(.text)
    RCC_IRQHandler                           0x08000383   Thumb Code     0  startup_stm32h743xx.o(.text)
    RNG_IRQHandler                           0x08000383   Thumb Code     0  startup_stm32h743xx.o(.text)
    RTC_Alarm_IRQHandler                     0x08000383   Thumb Code     0  startup_stm32h743xx.o(.text)
    RTC_WKUP_IRQHandler                      0x08000383   Thumb Code     0  startup_stm32h743xx.o(.text)
    SAI1_IRQHandler                          0x08000383   Thumb Code     0  startup_stm32h743xx.o(.text)
    SAI2_IRQHandler                          0x08000383   Thumb Code     0  startup_stm32h743xx.o(.text)
    SAI3_IRQHandler                          0x08000383   Thumb Code     0  startup_stm32h743xx.o(.text)
    SAI4_IRQHandler                          0x08000383   Thumb Code     0  startup_stm32h743xx.o(.text)
    SDMMC1_IRQHandler                        0x08000383   Thumb Code     0  startup_stm32h743xx.o(.text)
    SDMMC2_IRQHandler                        0x08000383   Thumb Code     0  startup_stm32h743xx.o(.text)
    SPDIF_RX_IRQHandler                      0x08000383   Thumb Code     0  startup_stm32h743xx.o(.text)
    SPI1_IRQHandler                          0x08000383   Thumb Code     0  startup_stm32h743xx.o(.text)
    SPI2_IRQHandler                          0x08000383   Thumb Code     0  startup_stm32h743xx.o(.text)
    SPI3_IRQHandler                          0x08000383   Thumb Code     0  startup_stm32h743xx.o(.text)
    SPI4_IRQHandler                          0x08000383   Thumb Code     0  startup_stm32h743xx.o(.text)
    SPI5_IRQHandler                          0x08000383   Thumb Code     0  startup_stm32h743xx.o(.text)
    SPI6_IRQHandler                          0x08000383   Thumb Code     0  startup_stm32h743xx.o(.text)
    SWPMI1_IRQHandler                        0x08000383   Thumb Code     0  startup_stm32h743xx.o(.text)
    TAMP_STAMP_IRQHandler                    0x08000383   Thumb Code     0  startup_stm32h743xx.o(.text)
    TIM15_IRQHandler                         0x08000383   Thumb Code     0  startup_stm32h743xx.o(.text)
    TIM16_IRQHandler                         0x08000383   Thumb Code     0  startup_stm32h743xx.o(.text)
    TIM17_IRQHandler                         0x08000383   Thumb Code     0  startup_stm32h743xx.o(.text)
    TIM1_BRK_IRQHandler                      0x08000383   Thumb Code     0  startup_stm32h743xx.o(.text)
    TIM1_CC_IRQHandler                       0x08000383   Thumb Code     0  startup_stm32h743xx.o(.text)
    TIM1_TRG_COM_IRQHandler                  0x08000383   Thumb Code     0  startup_stm32h743xx.o(.text)
    TIM1_UP_IRQHandler                       0x08000383   Thumb Code     0  startup_stm32h743xx.o(.text)
    TIM2_IRQHandler                          0x08000383   Thumb Code     0  startup_stm32h743xx.o(.text)
    TIM3_IRQHandler                          0x08000383   Thumb Code     0  startup_stm32h743xx.o(.text)
    TIM4_IRQHandler                          0x08000383   Thumb Code     0  startup_stm32h743xx.o(.text)
    TIM5_IRQHandler                          0x08000383   Thumb Code     0  startup_stm32h743xx.o(.text)
    TIM6_DAC_IRQHandler                      0x08000383   Thumb Code     0  startup_stm32h743xx.o(.text)
    TIM7_IRQHandler                          0x08000383   Thumb Code     0  startup_stm32h743xx.o(.text)
    TIM8_BRK_TIM12_IRQHandler                0x08000383   Thumb Code     0  startup_stm32h743xx.o(.text)
    TIM8_CC_IRQHandler                       0x08000383   Thumb Code     0  startup_stm32h743xx.o(.text)
    TIM8_TRG_COM_TIM14_IRQHandler            0x08000383   Thumb Code     0  startup_stm32h743xx.o(.text)
    TIM8_UP_TIM13_IRQHandler                 0x08000383   Thumb Code     0  startup_stm32h743xx.o(.text)
    UART4_IRQHandler                         0x08000383   Thumb Code     0  startup_stm32h743xx.o(.text)
    UART5_IRQHandler                         0x08000383   Thumb Code     0  startup_stm32h743xx.o(.text)
    UART7_IRQHandler                         0x08000383   Thumb Code     0  startup_stm32h743xx.o(.text)
    UART8_IRQHandler                         0x08000383   Thumb Code     0  startup_stm32h743xx.o(.text)
    USART1_IRQHandler                        0x08000383   Thumb Code     0  startup_stm32h743xx.o(.text)
    USART2_IRQHandler                        0x08000383   Thumb Code     0  startup_stm32h743xx.o(.text)
    USART3_IRQHandler                        0x08000383   Thumb Code     0  startup_stm32h743xx.o(.text)
    USART6_IRQHandler                        0x08000383   Thumb Code     0  startup_stm32h743xx.o(.text)
    WAKEUP_PIN_IRQHandler                    0x08000383   Thumb Code     0  startup_stm32h743xx.o(.text)
    WWDG_IRQHandler                          0x08000383   Thumb Code     0  startup_stm32h743xx.o(.text)
    __aeabi_memcpy                           0x0800038d   Thumb Code    36  memcpya.o(.text)
    __aeabi_memcpy4                          0x0800038d   Thumb Code     0  memcpya.o(.text)
    __aeabi_memcpy8                          0x0800038d   Thumb Code     0  memcpya.o(.text)
    __aeabi_memset                           0x080003b1   Thumb Code    14  memseta.o(.text)
    __aeabi_memset4                          0x080003b1   Thumb Code     0  memseta.o(.text)
    __aeabi_memset8                          0x080003b1   Thumb Code     0  memseta.o(.text)
    __aeabi_memclr                           0x080003bf   Thumb Code     4  memseta.o(.text)
    __aeabi_memclr4                          0x080003bf   Thumb Code     0  memseta.o(.text)
    __aeabi_memclr8                          0x080003bf   Thumb Code     0  memseta.o(.text)
    _memset$wrapper                          0x080003c3   Thumb Code    18  memseta.o(.text)
    __aeabi_uidiv                            0x080003d5   Thumb Code     0  uidiv.o(.text)
    __aeabi_uidivmod                         0x080003d5   Thumb Code    44  uidiv.o(.text)
    __scatterload                            0x08000401   Thumb Code    28  init.o(.text)
    __scatterload_rt2                        0x08000401   Thumb Code     0  init.o(.text)
    __decompress                             0x08000425   Thumb Code     0  __dczerorl2.o(.text)
    __decompress1                            0x08000425   Thumb Code    86  __dczerorl2.o(.text)
    ALL_Init                                 0x0800047b   Thumb Code    26  app.o(i.ALL_Init)
    BUTTON_ActPush                           0x08000495   Thumb Code    28  button.o(i.BUTTON_ActPush)
    BUTTON_ActUplift                         0x080004b5   Thumb Code   104  button.o(i.BUTTON_ActUplift)
    BUTTON_Drow                              0x08000521   Thumb Code   286  button.o(i.BUTTON_Drow)
    BUTTON_Init                              0x08000645   Thumb Code    82  button.o(i.BUTTON_Init)
    BUTTON_SetBorderColor                    0x08000699   Thumb Code     6  button.o(i.BUTTON_SetBorderColor)
    BusFault_Handler                         0x080006a5   Thumb Code     2  stm32h7xx_it.o(i.BusFault_Handler)
    ButtonDown_Task                          0x080006a9   Thumb Code    28  app_lcd.o(i.ButtonDown_Task)
    ButtonUp_Task                            0x080006c9   Thumb Code    28  app_lcd.o(i.ButtonUp_Task)
    Button_KeyBoard_Init                     0x080006e9   Thumb Code   136  button.o(i.Button_KeyBoard_Init)
    CallBack                                 0x08000785   Thumb Code    24  button.o(i.CallBack)
    DebugMon_Handler                         0x08000845   Thumb Code     2  stm32h7xx_it.o(i.DebugMon_Handler)
    EXTI3_IRQHandler                         0x08000925   Thumb Code    62  app_lcd.o(i.EXTI3_IRQHandler)
    FMC_SDRAM_Init                           0x08000969   Thumb Code    80  stm32h7xx_ll_fmc.o(i.FMC_SDRAM_Init)
    FMC_SDRAM_ProgramRefreshRate             0x080009b9   Thumb Code    12  stm32h7xx_ll_fmc.o(i.FMC_SDRAM_ProgramRefreshRate)
    FMC_SDRAM_SendCommand                    0x080009c5   Thumb Code    34  stm32h7xx_ll_fmc.o(i.FMC_SDRAM_SendCommand)
    FMC_SDRAM_Timing_Init                    0x080009e9   Thumb Code   124  stm32h7xx_ll_fmc.o(i.FMC_SDRAM_Timing_Init)
    GTP_IRQ_Disable                          0x08000b87   Thumb Code     4  bsp_touch_gtxx.o(i.GTP_IRQ_Disable)
    GTP_Init_Panel                           0x08000b8d   Thumb Code   304  bsp_touch_gtxx.o(i.GTP_Init_Panel)
    GTP_Read_Version                         0x08000cd5   Thumb Code   102  bsp_touch_gtxx.o(i.GTP_Read_Version)
    GTP_TouchRegisterCallBack                0x08000d45   Thumb Code     8  bsp_touch_gtxx.o(i.GTP_TouchRegisterCallBack)
    Goodix_TS_Work_Func                      0x08000d51   Thumb Code   270  bsp_touch_gtxx.o(i.Goodix_TS_Work_Func)
    HAL_DMA2D_ConfigLayer                    0x08000e6d   Thumb Code   248  stm32h7xx_hal_dma2d.o(i.HAL_DMA2D_ConfigLayer)
    HAL_DMA2D_Init                           0x08000f6d   Thumb Code   146  stm32h7xx_hal_dma2d.o(i.HAL_DMA2D_Init)
    HAL_DMA2D_MspInit                        0x08000fff   Thumb Code     2  stm32h7xx_hal_dma2d.o(i.HAL_DMA2D_MspInit)
    HAL_DMA2D_PollForTransfer                0x08001001   Thumb Code   262  stm32h7xx_hal_dma2d.o(i.HAL_DMA2D_PollForTransfer)
    HAL_DMA2D_Start                          0x08001107   Thumb Code    52  stm32h7xx_hal_dma2d.o(i.HAL_DMA2D_Start)
    HAL_GPIO_Init                            0x0800113d   Thumb Code   438  stm32h7xx_hal_gpio.o(i.HAL_GPIO_Init)
    HAL_GPIO_ReadPin                         0x08001325   Thumb Code    10  stm32h7xx_hal_gpio.o(i.HAL_GPIO_ReadPin)
    HAL_GPIO_WritePin                        0x0800132f   Thumb Code    10  stm32h7xx_hal_gpio.o(i.HAL_GPIO_WritePin)
    HAL_GetTick                              0x08001339   Thumb Code    18  core_delay.o(i.HAL_GetTick)
    HAL_InitTick                             0x08001355   Thumb Code    28  core_delay.o(i.HAL_InitTick)
    HAL_LTDC_ConfigLayer                     0x08001379   Thumb Code    82  stm32h7xx_hal_ltdc.o(i.HAL_LTDC_ConfigLayer)
    HAL_LTDC_Init                            0x080013cd   Thumb Code   238  stm32h7xx_hal_ltdc.o(i.HAL_LTDC_Init)
    HAL_LTDC_MspInit                         0x080014c1   Thumb Code     2  stm32h7xx_hal_ltdc.o(i.HAL_LTDC_MspInit)
    HAL_LTDC_SetAlpha                        0x080014c3   Thumb Code    68  stm32h7xx_hal_ltdc.o(i.HAL_LTDC_SetAlpha)
    HAL_NVIC_DisableIRQ                      0x08001507   Thumb Code    34  stm32h7xx_hal_cortex.o(i.HAL_NVIC_DisableIRQ)
    HAL_NVIC_EnableIRQ                       0x08001529   Thumb Code    26  stm32h7xx_hal_cortex.o(i.HAL_NVIC_EnableIRQ)
    HAL_NVIC_SetPriority                     0x08001545   Thumb Code    60  stm32h7xx_hal_cortex.o(i.HAL_NVIC_SetPriority)
    HAL_RCCEx_PeriphCLKConfig                0x08001585   Thumb Code  2440  stm32h7xx_hal_rcc_ex.o(i.HAL_RCCEx_PeriphCLKConfig)
    HAL_RCC_ClockConfig                      0x08001f11   Thumb Code   450  stm32h7xx_hal_rcc.o(i.HAL_RCC_ClockConfig)
    HAL_RCC_GetSysClockFreq                  0x080020e9   Thumb Code   214  stm32h7xx_hal_rcc.o(i.HAL_RCC_GetSysClockFreq)
    HAL_RCC_OscConfig                        0x080021e1   Thumb Code  1176  stm32h7xx_hal_rcc.o(i.HAL_RCC_OscConfig)
    HAL_SDRAM_Init                           0x08002679   Thumb Code    76  stm32h7xx_hal_sdram.o(i.HAL_SDRAM_Init)
    HAL_SDRAM_MspInit                        0x080026c9   Thumb Code     2  stm32h7xx_hal_sdram.o(i.HAL_SDRAM_MspInit)
    HAL_SDRAM_ProgramRefreshRate             0x080026cb   Thumb Code    34  stm32h7xx_hal_sdram.o(i.HAL_SDRAM_ProgramRefreshRate)
    HAL_SDRAM_SendCommand                    0x080026ed   Thumb Code    46  stm32h7xx_hal_sdram.o(i.HAL_SDRAM_SendCommand)
    HAL_SYSTICK_Config                       0x0800271b   Thumb Code    40  stm32h7xx_hal_cortex.o(i.HAL_SYSTICK_Config)
    HAL_UART_Transmit                        0x08002743   Thumb Code   178  stm32h7xx_hal_uart.o(i.HAL_UART_Transmit)
    HardFault_Handler                        0x080027f5   Thumb Code     2  stm32h7xx_it.o(i.HardFault_Handler)
    I2C_GTP_IRQDisable                       0x080028b1   Thumb Code    60  bsp_i2c_touch.o(i.I2C_GTP_IRQDisable)
    I2C_GTP_IRQEnable                        0x080028f5   Thumb Code    62  bsp_i2c_touch.o(i.I2C_GTP_IRQEnable)
    I2C_ReadBytes                            0x08002941   Thumb Code    74  bsp_i2c_touch.o(i.I2C_ReadBytes)
    I2C_ResetChip                            0x0800298d   Thumb Code    84  bsp_i2c_touch.o(i.I2C_ResetChip)
    I2C_Touch_Init                           0x080029e5   Thumb Code    18  bsp_i2c_touch.o(i.I2C_Touch_Init)
    I2C_WriteBytes                           0x08002a37   Thumb Code    88  bsp_i2c_touch.o(i.I2C_WriteBytes)
    LCD_Clear                                0x08002a91   Thumb Code    48  bsp_lcd.o(i.LCD_Clear)
    LCD_ClockConfig                          0x08002ac9   Thumb Code    30  bsp_lcd.o(i.LCD_ClockConfig)
    LCD_DisplayChar                          0x08002aed   Thumb Code    44  bsp_lcd.o(i.LCD_DisplayChar)
    LCD_DisplayOn                            0x08002b21   Thumb Code    22  bsp_lcd.o(i.LCD_DisplayOn)
    LCD_DisplayStringAtABSPos                0x08002b41   Thumb Code   132  bsp_lcd.o(i.LCD_DisplayStringAtABSPos)
    LCD_DrawHLine                            0x08002bcd   Thumb Code   148  bsp_lcd.o(i.LCD_DrawHLine)
    LCD_DrawPixel                            0x08002c6d   Thumb Code   194  bsp_lcd.o(i.LCD_DrawPixel)
    LCD_DrawRect                             0x08002d39   Thumb Code    54  bsp_lcd.o(i.LCD_DrawRect)
    LCD_DrawVLine                            0x08002d71   Thumb Code   160  bsp_lcd.o(i.LCD_DrawVLine)
    LCD_FillRect                             0x08002e1d   Thumb Code   180  bsp_lcd.o(i.LCD_FillRect)
    LCD_GetActiveLayer                       0x080032a9   Thumb Code     6  bsp_lcd.o(i.LCD_GetActiveLayer)
    LCD_GetFont                              0x080032b5   Thumb Code    18  bsp_lcd.o(i.LCD_GetFont)
    LCD_GetTextColor                         0x080032d1   Thumb Code    16  bsp_lcd.o(i.LCD_GetTextColor)
    LCD_GetXSize                             0x080032e9   Thumb Code    22  bsp_lcd.o(i.LCD_GetXSize)
    LCD_GetYSize                             0x08003309   Thumb Code    22  bsp_lcd.o(i.LCD_GetYSize)
    LCD_Init                                 0x08003329   Thumb Code   180  bsp_lcd.o(i.LCD_Init)
    LCD_LayerInit                            0x080033ed   Thumb Code   124  bsp_lcd.o(i.LCD_LayerInit)
    LCD_SelectLayer                          0x08003475   Thumb Code     6  bsp_lcd.o(i.LCD_SelectLayer)
    LCD_SetBackColor                         0x08003481   Thumb Code    18  bsp_lcd.o(i.LCD_SetBackColor)
    LCD_SetColors                            0x0800349d   Thumb Code    18  bsp_lcd.o(i.LCD_SetColors)
    LCD_SetFont                              0x080034b1   Thumb Code    18  bsp_lcd.o(i.LCD_SetFont)
    LCD_SetTextColor                         0x080034cd   Thumb Code    16  bsp_lcd.o(i.LCD_SetTextColor)
    LCD_SetTransparency                      0x080034e5   Thumb Code     8  bsp_lcd.o(i.LCD_SetTransparency)
    LCD_Start                                0x080034f1   Thumb Code   166  app_lcd.o(i.LCD_Start)
    MemManage_Handler                        0x080037a7   Thumb Code     2  stm32h7xx_it.o(i.MemManage_Handler)
    NMI_Handler                              0x080037a9   Thumb Code     2  stm32h7xx_it.o(i.NMI_Handler)
    SDRAM_Init                               0x08003fc1   Thumb Code   144  bsp_sdram.o(i.SDRAM_Init)
    SysTick_Handler                          0x080040e9   Thumb Code    20  stm32h7xx_it.o(i.SysTick_Handler)
    SystemClock_Config                       0x080040fd   Thumb Code   134  app.o(i.SystemClock_Config)
    SystemInit                               0x08004189   Thumb Code   116  system_stm32h7xx.o(i.SystemInit)
    Test_Task                                0x0800420d   Thumb Code    58  main.o(i.Test_Task)
    Tuck_Task                                0x08004251   Thumb Code    24  app_lcd.o(i.Tuck_Task)
    UART_WaitOnFlagUntilTimeout              0x0800426d   Thumb Code    98  stm32h7xx_hal_uart.o(i.UART_WaitOnFlagUntilTimeout)
    UsageFault_Handler                       0x080042cf   Thumb Code     2  stm32h7xx_it.o(i.UsageFault_Handler)
    VOIOFUN                                  0x080042d1   Thumb Code     2  bsp_touch_gtxx.o(i.VOIOFUN)
    VOIOFUN1                                 0x080042d3   Thumb Code     2  bsp_touch_gtxx.o(i.VOIOFUN1)
    __0printf$3                              0x080042d5   Thumb Code    22  printf3.o(i.__0printf$3)
    __1printf$3                              0x080042d5   Thumb Code     0  printf3.o(i.__0printf$3)
    __2printf                                0x080042d5   Thumb Code     0  printf3.o(i.__0printf$3)
    __0sprintf$3                             0x080042f5   Thumb Code    34  printf3.o(i.__0sprintf$3)
    __1sprintf$3                             0x080042f5   Thumb Code     0  printf3.o(i.__0sprintf$3)
    __2sprintf                               0x080042f5   Thumb Code     0  printf3.o(i.__0sprintf$3)
    __scatterload_copy                       0x0800433d   Thumb Code    14  handlers.o(i.__scatterload_copy)
    __scatterload_null                       0x0800434b   Thumb Code     2  handlers.o(i.__scatterload_null)
    __scatterload_zeroinit                   0x0800434d   Thumb Code    14  handlers.o(i.__scatterload_zeroinit)
    dd                                       0x08004521   Thumb Code    24  main.o(i.dd)
    fputc                                    0x08004541   Thumb Code    20  bsp_debug_usart.o(i.fputc)
    free                                     0x08004559   Thumb Code    76  malloc.o(i.free)
    i2c_Ack                                  0x080045a9   Thumb Code    60  bsp_i2c_touch.o(i.i2c_Ack)
    i2c_NAck                                 0x080045f5   Thumb Code    50  bsp_i2c_touch.o(i.i2c_NAck)
    i2c_ReadByte                             0x0800462d   Thumb Code    66  bsp_i2c_touch.o(i.i2c_ReadByte)
    i2c_SendByte                             0x08004675   Thumb Code    86  bsp_i2c_touch.o(i.i2c_SendByte)
    i2c_Start                                0x080046d1   Thumb Code    60  bsp_i2c_touch.o(i.i2c_Start)
    i2c_Stop                                 0x08004711   Thumb Code    42  bsp_i2c_touch.o(i.i2c_Stop)
    i2c_WaitAck                              0x08004741   Thumb Code    66  bsp_i2c_touch.o(i.i2c_WaitAck)
    main                                     0x08004789   Thumb Code   110  main.o(i.main)
    malloc                                   0x0800481d   Thumb Code    92  malloc.o(i.malloc)
    pvPortMalloc                             0x08004d3d   Thumb Code   214  heap_4.o(i.pvPortMalloc)
    pxPortInitialiseStack                    0x08004e51   Thumb Code    40  port.o(i.pxPortInitialiseStack)
    uxListRemove                             0x08004e81   Thumb Code    36  list.o(i.uxListRemove)
    vListInitialise                          0x08004ea5   Thumb Code    22  list.o(i.vListInitialise)
    vListInitialiseItem                      0x08004ebb   Thumb Code     6  list.o(i.vListInitialiseItem)
    vListInsert                              0x08004ec1   Thumb Code    48  list.o(i.vListInsert)
    vListInsertEnd                           0x08004ef1   Thumb Code    24  list.o(i.vListInsertEnd)
    vPortEnterCritical                       0x08004f09   Thumb Code    54  port.o(i.vPortEnterCritical)
    vPortExitCritical                        0x08004f89   Thumb Code    34  port.o(i.vPortExitCritical)
    vPortFree                                0x08004ff1   Thumb Code    94  heap_4.o(i.vPortFree)
    vPortSetupTimerInterrupt                 0x0800508d   Thumb Code    26  port.o(i.vPortSetupTimerInterrupt)
    vTaskDelay                               0x080050ad   Thumb Code    62  tasks.o(i.vTaskDelay)
    vTaskMissedYield                         0x08005121   Thumb Code     8  tasks.o(i.vTaskMissedYield)
    vTaskPlaceOnEventList                    0x0800512d   Thumb Code    44  tasks.o(i.vTaskPlaceOnEventList)
    vTaskSetTimeOutState                     0x08005189   Thumb Code    30  tasks.o(i.vTaskSetTimeOutState)
    vTaskStartScheduler                      0x080051d9   Thumb Code    92  tasks.o(i.vTaskStartScheduler)
    vTaskSuspendAll                          0x08005271   Thumb Code    10  tasks.o(i.vTaskSuspendAll)
    vTaskSwitchContext                       0x08005281   Thumb Code    80  tasks.o(i.vTaskSwitchContext)
    xPortStartScheduler                      0x08005305   Thumb Code   150  port.o(i.xPortStartScheduler)
    xPortSysTickHandler                      0x080053ed   Thumb Code    42  port.o(i.xPortSysTickHandler)
    xQueueGenericCreate                      0x0800541d   Thumb Code    68  queue.o(i.xQueueGenericCreate)
    xQueueGenericReceive                     0x0800548d   Thumb Code   320  queue.o(i.xQueueGenericReceive)
    xQueueGenericReset                       0x080055fd   Thumb Code   128  queue.o(i.xQueueGenericReset)
    xQueueGenericSend                        0x080056ad   Thumb Code   332  queue.o(i.xQueueGenericSend)
    xTaskCheckForTimeOut                     0x08005829   Thumb Code    94  tasks.o(i.xTaskCheckForTimeOut)
    xTaskCreate                              0x080058b9   Thumb Code    86  tasks.o(i.xTaskCreate)
    xTaskGetSchedulerState                   0x08005911   Thumb Code    22  tasks.o(i.xTaskGetSchedulerState)
    xTaskIncrementTick                       0x0800592d   Thumb Code   188  tasks.o(i.xTaskIncrementTick)
    xTaskRemoveFromEventList                 0x08005a1d   Thumb Code   102  tasks.o(i.xTaskRemoveFromEventList)
    xTaskResumeAll                           0x08005abd   Thumb Code   180  tasks.o(i.xTaskResumeAll)
    D1CorePrescTable                         0x08005ba8   Data          16  system_stm32h7xx.o(.constdata)
    Font16_Table                             0x08005bb8   Data        3040  font16.o(.constdata)
    Font24_Table                             0x08006798   Data        6840  font24.o(.constdata)
    touch_param                              0x08008260   Data          18  bsp_touch_gtxx.o(.constdata)
    Region$$Table$$Base                      0x08008280   Number         0  anon$$obj.o(Region$$Table)
    Region$$Table$$Limit                     0x080082a0   Number         0  anon$$obj.o(Region$$Table)
    SystemCoreClock                          0x24000000   Data           4  system_stm32h7xx.o(.data)
    Test_tcb                                 0x24000004   Data           4  main.o(.data)
    Font16                                   0x2400000c   Data           8  font16.o(.data)
    Font24                                   0x24000014   Data           8  font24.o(.data)
    touchIC                                  0x2400001c   Data           1  bsp_touch_gtxx.o(.data)
    _touch_down                              0x24000020   Data           4  bsp_touch_gtxx.o(.data)
    _touch_up                                0x24000024   Data           4  bsp_touch_gtxx.o(.data)
    CTP_CFG_GT9157                           0x2400002d   Data         186  bsp_touch_gtxx.o(.data)
    CTP_CFG_GT911                            0x240000e7   Data         186  bsp_touch_gtxx.o(.data)
    CTP_CFG_GT5688                           0x240001a1   Data         239  bsp_touch_gtxx.o(.data)
    root                                     0x24000294   Data           4  button.o(.data)
    pxCurrentTCB                             0x24000298   Data           4  tasks.o(.data)
    Tuch_TCB                                 0x240002f8   Data           4  app_lcd.o(.data)
    ButtonUp_TCB                             0x240002fc   Data           4  app_lcd.o(.data)
    ButtonDown_TCB                           0x24000300   Data           4  app_lcd.o(.data)
    LCD_sem                                  0x24000304   Data           4  app_lcd.o(.data)
    UpQueue                                  0x24000308   Data           4  app_lcd.o(.data)
    DownQueue                                0x2400030c   Data           4  app_lcd.o(.data)
    __stdout                                 0x24000310   Data           4  stdout.o(.data)
    __microlib_freelist                      0x24000314   Data           4  mvars.o(.data)
    __microlib_freelist_initialised          0x24000318   Data           4  mvars.o(.data)
    UartHandle                               0x2400031c   Data         128  bsp_debug_usart.o(.bss)
    hsdram1                                  0x24000588   Data          52  bsp_sdram.o(.bss)
    __heap_base                              0x240098a0   Data           0  startup_stm32h743xx.o(HEAP)
    __heap_limit                             0x24009aa0   Data           0  startup_stm32h743xx.o(HEAP)
    __initial_sp                             0x2400a2a0   Data           0  startup_stm32h743xx.o(STACK)



==============================================================================

Memory Map of the image

  Image Entry point : 0x08000299

  Load Region LR_IROM1 (Base: 0x08000000, Size: 0x000085bc, Max: 0x00020000, ABSOLUTE, COMPRESSED[0x00008418])

    Execution Region ER_IROM1 (Exec base: 0x08000000, Load base: 0x08000000, Size: 0x000082a0, Max: 0x00020000, ABSOLUTE)

    Exec Addr    Load Addr    Size         Type   Attr      Idx    E Section Name        Object

    0x08000000   0x08000000   0x00000298   Data   RO            3    RESET               startup_stm32h743xx.o
    0x08000298   0x08000298   0x00000000   Code   RO         7922  * .ARM.Collect$$$$00000000  mc_w.l(entry.o)
    0x08000298   0x08000298   0x00000004   Code   RO         8224    .ARM.Collect$$$$00000001  mc_w.l(entry2.o)
    0x0800029c   0x0800029c   0x00000004   Code   RO         8227    .ARM.Collect$$$$00000004  mc_w.l(entry5.o)
    0x080002a0   0x080002a0   0x00000000   Code   RO         8229    .ARM.Collect$$$$00000008  mc_w.l(entry7b.o)
    0x080002a0   0x080002a0   0x00000000   Code   RO         8231    .ARM.Collect$$$$0000000A  mc_w.l(entry8b.o)
    0x080002a0   0x080002a0   0x00000008   Code   RO         8232    .ARM.Collect$$$$0000000B  mc_w.l(entry9a.o)
    0x080002a8   0x080002a8   0x00000000   Code   RO         8234    .ARM.Collect$$$$0000000D  mc_w.l(entry10a.o)
    0x080002a8   0x080002a8   0x00000000   Code   RO         8236    .ARM.Collect$$$$0000000F  mc_w.l(entry11a.o)
    0x080002a8   0x080002a8   0x00000004   Code   RO         8225    .ARM.Collect$$$$00002712  mc_w.l(entry2.o)
    0x080002ac   0x080002ac   0x000000ba   Code   RO         7745    .emb_text           port.o
    0x08000366   0x08000366   0x00000002   PAD
    0x08000368   0x08000368   0x00000024   Code   RO            4    .text               startup_stm32h743xx.o
    0x0800038c   0x0800038c   0x00000024   Code   RO         7927    .text               mc_w.l(memcpya.o)
    0x080003b0   0x080003b0   0x00000024   Code   RO         7929    .text               mc_w.l(memseta.o)
    0x080003d4   0x080003d4   0x0000002c   Code   RO         8239    .text               mc_w.l(uidiv.o)
    0x08000400   0x08000400   0x00000024   Code   RO         8258    .text               mc_w.l(init.o)
    0x08000424   0x08000424   0x00000056   Code   RO         8272    .text               mc_w.l(__dczerorl2.o)
    0x0800047a   0x0800047a   0x0000001a   Code   RO         7895    i.ALL_Init          app.o
    0x08000494   0x08000494   0x00000020   Code   RO         6902    i.BUTTON_ActPush    button.o
    0x080004b4   0x080004b4   0x0000006c   Code   RO         6903    i.BUTTON_ActUplift  button.o
    0x08000520   0x08000520   0x00000124   Code   RO         6905    i.BUTTON_Drow       button.o
    0x08000644   0x08000644   0x00000052   Code   RO         6906    i.BUTTON_Init       button.o
    0x08000696   0x08000696   0x00000002   PAD
    0x08000698   0x08000698   0x0000000c   Code   RO         6907    i.BUTTON_SetBorderColor  button.o
    0x080006a4   0x080006a4   0x00000002   Code   RO         6065    i.BusFault_Handler  stm32h7xx_it.o
    0x080006a6   0x080006a6   0x00000002   PAD
    0x080006a8   0x080006a8   0x00000020   Code   RO         7834    i.ButtonDown_Task   app_lcd.o
    0x080006c8   0x080006c8   0x00000020   Code   RO         7835    i.ButtonUp_Task     app_lcd.o
    0x080006e8   0x080006e8   0x0000009c   Code   RO         6908    i.Button_KeyBoard_Init  button.o
    0x08000784   0x08000784   0x0000001c   Code   RO         6909    i.CallBack          button.o
    0x080007a0   0x080007a0   0x000000a4   Code   RO         1018    i.DMA2D_SetConfig   stm32h7xx_hal_dma2d.o
    0x08000844   0x08000844   0x00000002   Code   RO         6066    i.DebugMon_Handler  stm32h7xx_it.o
    0x08000846   0x08000846   0x00000010   Code   RO         6636    i.Delay             bsp_i2c_touch.o
    0x08000856   0x08000856   0x00000010   Code   RO         6757    i.Delay             bsp_touch_gtxx.o
    0x08000866   0x08000866   0x00000002   PAD
    0x08000868   0x08000868   0x000000bc   Code   RO         6219    i.DrawChar          bsp_lcd.o
    0x08000924   0x08000924   0x00000044   Code   RO         7836    i.EXTI3_IRQHandler  app_lcd.o
    0x08000968   0x08000968   0x00000050   Code   RO         5788    i.FMC_SDRAM_Init    stm32h7xx_ll_fmc.o
    0x080009b8   0x080009b8   0x0000000c   Code   RO         5789    i.FMC_SDRAM_ProgramRefreshRate  stm32h7xx_ll_fmc.o
    0x080009c4   0x080009c4   0x00000022   Code   RO         5790    i.FMC_SDRAM_SendCommand  stm32h7xx_ll_fmc.o
    0x080009e6   0x080009e6   0x00000002   PAD
    0x080009e8   0x080009e8   0x00000080   Code   RO         5792    i.FMC_SDRAM_Timing_Init  stm32h7xx_ll_fmc.o
    0x08000a68   0x08000a68   0x0000006c   Code   RO         6759    i.GTP_Get_Info      bsp_touch_gtxx.o
    0x08000ad4   0x08000ad4   0x00000040   Code   RO         6760    i.GTP_I2C_Read      bsp_touch_gtxx.o
    0x08000b14   0x08000b14   0x0000004c   Code   RO         6762    i.GTP_I2C_Test      bsp_touch_gtxx.o
    0x08000b60   0x08000b60   0x00000026   Code   RO         6763    i.GTP_I2C_Write     bsp_touch_gtxx.o
    0x08000b86   0x08000b86   0x00000004   Code   RO         6764    i.GTP_IRQ_Disable   bsp_touch_gtxx.o
    0x08000b8a   0x08000b8a   0x00000002   PAD
    0x08000b8c   0x08000b8c   0x00000148   Code   RO         6766    i.GTP_Init_Panel    bsp_touch_gtxx.o
    0x08000cd4   0x08000cd4   0x00000070   Code   RO         6767    i.GTP_Read_Version  bsp_touch_gtxx.o
    0x08000d44   0x08000d44   0x0000000c   Code   RO         6771    i.GTP_TouchRegisterCallBack  bsp_touch_gtxx.o
    0x08000d50   0x08000d50   0x0000011c   Code   RO         6773    i.Goodix_TS_Work_Func  bsp_touch_gtxx.o
    0x08000e6c   0x08000e6c   0x00000100   Code   RO         1030    i.HAL_DMA2D_ConfigLayer  stm32h7xx_hal_dma2d.o
    0x08000f6c   0x08000f6c   0x00000092   Code   RO         1038    i.HAL_DMA2D_Init    stm32h7xx_hal_dma2d.o
    0x08000ffe   0x08000ffe   0x00000002   Code   RO         1041    i.HAL_DMA2D_MspInit  stm32h7xx_hal_dma2d.o
    0x08001000   0x08001000   0x00000106   Code   RO         1042    i.HAL_DMA2D_PollForTransfer  stm32h7xx_hal_dma2d.o
    0x08001106   0x08001106   0x00000034   Code   RO         1045    i.HAL_DMA2D_Start   stm32h7xx_hal_dma2d.o
    0x0800113a   0x0800113a   0x00000002   PAD
    0x0800113c   0x0800113c   0x000001e8   Code   RO         1479    i.HAL_GPIO_Init     stm32h7xx_hal_gpio.o
    0x08001324   0x08001324   0x0000000a   Code   RO         1481    i.HAL_GPIO_ReadPin  stm32h7xx_hal_gpio.o
    0x0800132e   0x0800132e   0x0000000a   Code   RO         1483    i.HAL_GPIO_WritePin  stm32h7xx_hal_gpio.o
    0x08001338   0x08001338   0x0000001c   Code   RO         6179    i.HAL_GetTick       core_delay.o
    0x08001354   0x08001354   0x00000024   Code   RO         6180    i.HAL_InitTick      core_delay.o
    0x08001378   0x08001378   0x00000052   Code   RO         2291    i.HAL_LTDC_ConfigLayer  stm32h7xx_hal_ltdc.o
    0x080013ca   0x080013ca   0x00000002   PAD
    0x080013cc   0x080013cc   0x000000f4   Code   RO         2308    i.HAL_LTDC_Init     stm32h7xx_hal_ltdc.o
    0x080014c0   0x080014c0   0x00000002   Code   RO         2311    i.HAL_LTDC_MspInit  stm32h7xx_hal_ltdc.o
    0x080014c2   0x080014c2   0x00000044   Code   RO         2317    i.HAL_LTDC_SetAlpha  stm32h7xx_hal_ltdc.o
    0x08001506   0x08001506   0x00000022   Code   RO          561    i.HAL_NVIC_DisableIRQ  stm32h7xx_hal_cortex.o
    0x08001528   0x08001528   0x0000001a   Code   RO          562    i.HAL_NVIC_EnableIRQ  stm32h7xx_hal_cortex.o
    0x08001542   0x08001542   0x00000002   PAD
    0x08001544   0x08001544   0x00000040   Code   RO          568    i.HAL_NVIC_SetPriority  stm32h7xx_hal_cortex.o
    0x08001584   0x08001584   0x0000098c   Code   RO         3583    i.HAL_RCCEx_PeriphCLKConfig  stm32h7xx_hal_rcc_ex.o
    0x08001f10   0x08001f10   0x000001d8   Code   RO         3468    i.HAL_RCC_ClockConfig  stm32h7xx_hal_rcc.o
    0x080020e8   0x080020e8   0x000000f8   Code   RO         3476    i.HAL_RCC_GetSysClockFreq  stm32h7xx_hal_rcc.o
    0x080021e0   0x080021e0   0x00000498   Code   RO         3479    i.HAL_RCC_OscConfig  stm32h7xx_hal_rcc.o
    0x08002678   0x08002678   0x00000050   Code   RO         3861    i.HAL_SDRAM_Init    stm32h7xx_hal_sdram.o
    0x080026c8   0x080026c8   0x00000002   Code   RO         3863    i.HAL_SDRAM_MspInit  stm32h7xx_hal_sdram.o
    0x080026ca   0x080026ca   0x00000022   Code   RO         3864    i.HAL_SDRAM_ProgramRefreshRate  stm32h7xx_hal_sdram.o
    0x080026ec   0x080026ec   0x0000002e   Code   RO         3870    i.HAL_SDRAM_SendCommand  stm32h7xx_hal_sdram.o
    0x0800271a   0x0800271a   0x00000028   Code   RO          573    i.HAL_SYSTICK_Config  stm32h7xx_hal_cortex.o
    0x08002742   0x08002742   0x000000b2   Code   RO         5090    i.HAL_UART_Transmit  stm32h7xx_hal_uart.o
    0x080027f4   0x080027f4   0x00000002   Code   RO         6067    i.HardFault_Handler  stm32h7xx_it.o
    0x080027f6   0x080027f6   0x00000002   PAD
    0x080027f8   0x080027f8   0x000000b8   Code   RO         6637    i.I2C_GPIO_Config   bsp_i2c_touch.o
    0x080028b0   0x080028b0   0x00000044   Code   RO         6638    i.I2C_GTP_IRQDisable  bsp_i2c_touch.o
    0x080028f4   0x080028f4   0x0000004c   Code   RO         6639    i.I2C_GTP_IRQEnable  bsp_i2c_touch.o
    0x08002940   0x08002940   0x0000004a   Code   RO         6640    i.I2C_ReadBytes     bsp_i2c_touch.o
    0x0800298a   0x0800298a   0x00000002   PAD
    0x0800298c   0x0800298c   0x00000058   Code   RO         6641    i.I2C_ResetChip     bsp_i2c_touch.o
    0x080029e4   0x080029e4   0x00000012   Code   RO         6642    i.I2C_Touch_Init    bsp_i2c_touch.o
    0x080029f6   0x080029f6   0x00000040   Code   RO         6774    i.I2C_Transfer      bsp_touch_gtxx.o
    0x08002a36   0x08002a36   0x00000058   Code   RO         6643    i.I2C_WriteBytes    bsp_i2c_touch.o
    0x08002a8e   0x08002a8e   0x00000002   PAD
    0x08002a90   0x08002a90   0x00000038   Code   RO         6221    i.LCD_Clear         bsp_lcd.o
    0x08002ac8   0x08002ac8   0x00000024   Code   RO         6223    i.LCD_ClockConfig   bsp_lcd.o
    0x08002aec   0x08002aec   0x00000034   Code   RO         6224    i.LCD_DisplayChar   bsp_lcd.o
    0x08002b20   0x08002b20   0x00000020   Code   RO         6226    i.LCD_DisplayOn     bsp_lcd.o
    0x08002b40   0x08002b40   0x0000008c   Code   RO         6228    i.LCD_DisplayStringAtABSPos  bsp_lcd.o
    0x08002bcc   0x08002bcc   0x000000a0   Code   RO         6233    i.LCD_DrawHLine     bsp_lcd.o
    0x08002c6c   0x08002c6c   0x000000cc   Code   RO         6235    i.LCD_DrawPixel     bsp_lcd.o
    0x08002d38   0x08002d38   0x00000036   Code   RO         6237    i.LCD_DrawRect      bsp_lcd.o
    0x08002d6e   0x08002d6e   0x00000002   PAD
    0x08002d70   0x08002d70   0x000000ac   Code   RO         6238    i.LCD_DrawVLine     bsp_lcd.o
    0x08002e1c   0x08002e1c   0x000000bc   Code   RO         6242    i.LCD_FillRect      bsp_lcd.o
    0x08002ed8   0x08002ed8   0x000003d0   Code   RO         6243    i.LCD_GPIO_Config   bsp_lcd.o
    0x080032a8   0x080032a8   0x0000000c   Code   RO         6244    i.LCD_GetActiveLayer  bsp_lcd.o
    0x080032b4   0x080032b4   0x0000001c   Code   RO         6246    i.LCD_GetFont       bsp_lcd.o
    0x080032d0   0x080032d0   0x00000018   Code   RO         6247    i.LCD_GetTextColor  bsp_lcd.o
    0x080032e8   0x080032e8   0x00000020   Code   RO         6248    i.LCD_GetXSize      bsp_lcd.o
    0x08003308   0x08003308   0x00000020   Code   RO         6249    i.LCD_GetYSize      bsp_lcd.o
    0x08003328   0x08003328   0x000000c4   Code   RO         6250    i.LCD_Init          bsp_lcd.o
    0x080033ec   0x080033ec   0x00000088   Code   RO         6251    i.LCD_LayerInit     bsp_lcd.o
    0x08003474   0x08003474   0x0000000c   Code   RO         6253    i.LCD_SelectLayer   bsp_lcd.o
    0x08003480   0x08003480   0x0000001c   Code   RO         6254    i.LCD_SetBackColor  bsp_lcd.o
    0x0800349c   0x0800349c   0x00000012   Code   RO         6255    i.LCD_SetColors     bsp_lcd.o
    0x080034ae   0x080034ae   0x00000002   PAD
    0x080034b0   0x080034b0   0x0000001c   Code   RO         6256    i.LCD_SetFont       bsp_lcd.o
    0x080034cc   0x080034cc   0x00000018   Code   RO         6260    i.LCD_SetTextColor  bsp_lcd.o
    0x080034e4   0x080034e4   0x0000000c   Code   RO         6261    i.LCD_SetTransparency  bsp_lcd.o
    0x080034f0   0x080034f0   0x000000c8   Code   RO         7837    i.LCD_Start         app_lcd.o
    0x080035b8   0x080035b8   0x0000008c   Code   RO         6265    i.LL_FillBuffer     bsp_lcd.o
    0x08003644   0x08003644   0x00000162   Code   RO         2327    i.LTDC_SetConfig    stm32h7xx_hal_ltdc.o
    0x080037a6   0x080037a6   0x00000002   Code   RO         6068    i.MemManage_Handler  stm32h7xx_it.o
    0x080037a8   0x080037a8   0x00000002   Code   RO         6069    i.NMI_Handler       stm32h7xx_it.o
    0x080037aa   0x080037aa   0x00000002   PAD
    0x080037ac   0x080037ac   0x000000c8   Code   RO         3586    i.RCCEx_PLL2_Config  stm32h7xx_hal_rcc_ex.o
    0x08003874   0x08003874   0x000000c8   Code   RO         3587    i.RCCEx_PLL3_Config  stm32h7xx_hal_rcc_ex.o
    0x0800393c   0x0800393c   0x00000684   Code   RO         6581    i.SDRAM_GPIO_Config  bsp_sdram.o
    0x08003fc0   0x08003fc0   0x0000009c   Code   RO         6582    i.SDRAM_Init        bsp_sdram.o
    0x0800405c   0x0800405c   0x0000008c   Code   RO         6583    i.SDRAM_InitSequence  bsp_sdram.o
    0x080040e8   0x080040e8   0x00000014   Code   RO         6070    i.SysTick_Handler   stm32h7xx_it.o
    0x080040fc   0x080040fc   0x0000008c   Code   RO         7896    i.SystemClock_Config  app.o
    0x08004188   0x08004188   0x00000084   Code   RO           14    i.SystemInit        system_stm32h7xx.o
    0x0800420c   0x0800420c   0x00000044   Code   RO         5959    i.Test_Task         main.o
    0x08004250   0x08004250   0x0000001c   Code   RO         7838    i.Tuck_Task         app_lcd.o
    0x0800426c   0x0800426c   0x00000062   Code   RO         5112    i.UART_WaitOnFlagUntilTimeout  stm32h7xx_hal_uart.o
    0x080042ce   0x080042ce   0x00000002   Code   RO         6071    i.UsageFault_Handler  stm32h7xx_it.o
    0x080042d0   0x080042d0   0x00000002   Code   RO         6775    i.VOIOFUN           bsp_touch_gtxx.o
    0x080042d2   0x080042d2   0x00000002   Code   RO         6776    i.VOIOFUN1          bsp_touch_gtxx.o
    0x080042d4   0x080042d4   0x00000020   Code   RO         8024    i.__0printf$3       mc_w.l(printf3.o)
    0x080042f4   0x080042f4   0x00000028   Code   RO         8026    i.__0sprintf$3      mc_w.l(printf3.o)
    0x0800431c   0x0800431c   0x00000020   Code   RO          575    i.__NVIC_SetPriority  stm32h7xx_hal_cortex.o
    0x0800433c   0x0800433c   0x0000000e   Code   RO         8266    i.__scatterload_copy  mc_w.l(handlers.o)
    0x0800434a   0x0800434a   0x00000002   Code   RO         8267    i.__scatterload_null  mc_w.l(handlers.o)
    0x0800434c   0x0800434c   0x0000000e   Code   RO         8268    i.__scatterload_zeroinit  mc_w.l(handlers.o)
    0x0800435a   0x0800435a   0x00000002   PAD
    0x0800435c   0x0800435c   0x000001b8   Code   RO         8031    i._printf_core      mc_w.l(printf3.o)
    0x08004514   0x08004514   0x0000000a   Code   RO         8033    i._sputc            mc_w.l(printf3.o)
    0x0800451e   0x0800451e   0x00000002   PAD
    0x08004520   0x08004520   0x0000001c   Code   RO         5960    i.dd                main.o
    0x0800453c   0x0800453c   0x00000004   Code   RO         7839    i.down              app_lcd.o
    0x08004540   0x08004540   0x00000018   Code   RO         6131    i.fputc             bsp_debug_usart.o
    0x08004558   0x08004558   0x00000050   Code   RO         8196    i.free              mc_w.l(malloc.o)
    0x080045a8   0x080045a8   0x00000040   Code   RO         6644    i.i2c_Ack           bsp_i2c_touch.o
    0x080045e8   0x080045e8   0x0000000c   Code   RO         6645    i.i2c_Delay         bsp_i2c_touch.o
    0x080045f4   0x080045f4   0x00000038   Code   RO         6646    i.i2c_NAck          bsp_i2c_touch.o
    0x0800462c   0x0800462c   0x00000048   Code   RO         6647    i.i2c_ReadByte      bsp_i2c_touch.o
    0x08004674   0x08004674   0x0000005c   Code   RO         6648    i.i2c_SendByte      bsp_i2c_touch.o
    0x080046d0   0x080046d0   0x00000040   Code   RO         6649    i.i2c_Start         bsp_i2c_touch.o
    0x08004710   0x08004710   0x00000030   Code   RO         6650    i.i2c_Stop          bsp_i2c_touch.o
    0x08004740   0x08004740   0x00000048   Code   RO         6651    i.i2c_WaitAck       bsp_i2c_touch.o
    0x08004788   0x08004788   0x00000094   Code   RO         5961    i.main              main.o
    0x0800481c   0x0800481c   0x0000006c   Code   RO         8197    i.malloc            mc_w.l(malloc.o)
    0x08004888   0x08004888   0x00000070   Code   RO         7375    i.prvAddCurrentTaskToDelayedList  tasks.o
    0x080048f8   0x080048f8   0x000000d0   Code   RO         7376    i.prvAddNewTaskToReadyList  tasks.o
    0x080049c8   0x080049c8   0x00000054   Code   RO         7377    i.prvCheckTasksWaitingTermination  tasks.o
    0x08004a1c   0x08004a1c   0x00000026   Code   RO         7228    i.prvCopyDataFromQueue  queue.o
    0x08004a42   0x08004a42   0x0000005a   Code   RO         7229    i.prvCopyDataToQueue  queue.o
    0x08004a9c   0x08004a9c   0x00000014   Code   RO         7378    i.prvDeleteTCB      tasks.o
    0x08004ab0   0x08004ab0   0x0000004c   Code   RO         7684    i.prvHeapInit       heap_4.o
    0x08004afc   0x08004afc   0x00000028   Code   RO         7379    i.prvIdleTask       tasks.o
    0x08004b24   0x08004b24   0x000000b8   Code   RO         7380    i.prvInitialiseNewTask  tasks.o
    0x08004bdc   0x08004bdc   0x0000004c   Code   RO         7685    i.prvInsertBlockIntoFreeList  heap_4.o
    0x08004c28   0x08004c28   0x0000001a   Code   RO         7230    i.prvIsQueueEmpty   queue.o
    0x08004c42   0x08004c42   0x00000002   PAD
    0x08004c44   0x08004c44   0x00000020   Code   RO         7381    i.prvResetNextTaskUnblockTime  tasks.o
    0x08004c64   0x08004c64   0x0000006c   Code   RO         7746    i.prvTaskExitError  port.o
    0x08004cd0   0x08004cd0   0x0000006a   Code   RO         7231    i.prvUnlockQueue    queue.o
    0x08004d3a   0x08004d3a   0x00000002   PAD
    0x08004d3c   0x08004d3c   0x00000114   Code   RO         7686    i.pvPortMalloc      heap_4.o
    0x08004e50   0x08004e50   0x0000002c   Code   RO         7747    i.pxPortInitialiseStack  port.o
    0x08004e7c   0x08004e7c   0x00000004   Code   RO         7840    i.up                app_lcd.o
    0x08004e80   0x08004e80   0x00000024   Code   RO         7179    i.uxListRemove      list.o
    0x08004ea4   0x08004ea4   0x00000016   Code   RO         7180    i.vListInitialise   list.o
    0x08004eba   0x08004eba   0x00000006   Code   RO         7181    i.vListInitialiseItem  list.o
    0x08004ec0   0x08004ec0   0x00000030   Code   RO         7182    i.vListInsert       list.o
    0x08004ef0   0x08004ef0   0x00000018   Code   RO         7183    i.vListInsertEnd    list.o
    0x08004f08   0x08004f08   0x00000080   Code   RO         7749    i.vPortEnterCritical  port.o
    0x08004f88   0x08004f88   0x00000068   Code   RO         7750    i.vPortExitCritical  port.o
    0x08004ff0   0x08004ff0   0x0000009c   Code   RO         7687    i.vPortFree         heap_4.o
    0x0800508c   0x0800508c   0x00000020   Code   RO         7751    i.vPortSetupTimerInterrupt  port.o
    0x080050ac   0x080050ac   0x00000074   Code   RO         7388    i.vTaskDelay        tasks.o
    0x08005120   0x08005120   0x0000000c   Code   RO         7392    i.vTaskMissedYield  tasks.o
    0x0800512c   0x0800512c   0x0000005c   Code   RO         7394    i.vTaskPlaceOnEventList  tasks.o
    0x08005188   0x08005188   0x00000050   Code   RO         7398    i.vTaskSetTimeOutState  tasks.o
    0x080051d8   0x080051d8   0x00000098   Code   RO         7399    i.vTaskStartScheduler  tasks.o
    0x08005270   0x08005270   0x00000010   Code   RO         7401    i.vTaskSuspendAll   tasks.o
    0x08005280   0x08005280   0x00000084   Code   RO         7402    i.vTaskSwitchContext  tasks.o
    0x08005304   0x08005304   0x000000e8   Code   RO         7753    i.xPortStartScheduler  port.o
    0x080053ec   0x080053ec   0x00000030   Code   RO         7754    i.xPortSysTickHandler  port.o
    0x0800541c   0x0800541c   0x00000070   Code   RO         7238    i.xQueueGenericCreate  queue.o
    0x0800548c   0x0800548c   0x00000170   Code   RO         7239    i.xQueueGenericReceive  queue.o
    0x080055fc   0x080055fc   0x000000b0   Code   RO         7240    i.xQueueGenericReset  queue.o
    0x080056ac   0x080056ac   0x0000017c   Code   RO         7241    i.xQueueGenericSend  queue.o
    0x08005828   0x08005828   0x00000090   Code   RO         7403    i.xTaskCheckForTimeOut  tasks.o
    0x080058b8   0x080058b8   0x00000056   Code   RO         7404    i.xTaskCreate       tasks.o
    0x0800590e   0x0800590e   0x00000002   PAD
    0x08005910   0x08005910   0x0000001c   Code   RO         7407    i.xTaskGetSchedulerState  tasks.o
    0x0800592c   0x0800592c   0x000000f0   Code   RO         7410    i.xTaskIncrementTick  tasks.o
    0x08005a1c   0x08005a1c   0x000000a0   Code   RO         7413    i.xTaskRemoveFromEventList  tasks.o
    0x08005abc   0x08005abc   0x000000ec   Code   RO         7415    i.xTaskResumeAll    tasks.o
    0x08005ba8   0x08005ba8   0x00000010   Data   RO           15    .constdata          system_stm32h7xx.o
    0x08005bb8   0x08005bb8   0x00000be0   Data   RO         6536    .constdata          font16.o
    0x08006798   0x08006798   0x00001ab8   Data   RO         6564    .constdata          font24.o
    0x08008250   0x08008250   0x00000030   Data   RO         6777    .constdata          bsp_touch_gtxx.o
    0x08008280   0x08008280   0x00000020   Data   RO         8264    Region$$Table       anon$$obj.o


    Execution Region RW_IRAM1 (Exec base: 0x20000000, Load base: 0x080082a0, Size: 0x00000000, Max: 0x00020000, ABSOLUTE)

    **** No section assigned to this execution region ****


    Execution Region RW_IRAM2 (Exec base: 0x24000000, Load base: 0x080082a0, Size: 0x0000a2a0, Max: 0x00080000, ABSOLUTE, COMPRESSED[0x00000178])

    Exec Addr    Load Addr    Size         Type   Attr      Idx    E Section Name        Object

    0x24000000   COMPRESSED   0x00000004   Data   RW           16    .data               system_stm32h7xx.o
    0x24000004   COMPRESSED   0x00000004   Data   RW         5966    .data               main.o
    0x24000008   COMPRESSED   0x00000004   Data   RW         6267    .data               bsp_lcd.o
    0x2400000c   COMPRESSED   0x00000008   Data   RW         6537    .data               font16.o
    0x24000014   COMPRESSED   0x00000008   Data   RW         6565    .data               font24.o
    0x2400001c   COMPRESSED   0x00000274   Data   RW         6778    .data               bsp_touch_gtxx.o
    0x24000290   COMPRESSED   0x00000008   Data   RW         6910    .data               button.o
    0x24000298   COMPRESSED   0x0000003c   Data   RW         7418    .data               tasks.o
    0x240002d4   COMPRESSED   0x00000018   Data   RW         7692    .data               heap_4.o
    0x240002ec   COMPRESSED   0x0000000c   Data   RW         7755    .data               port.o
    0x240002f8   COMPRESSED   0x00000018   Data   RW         7841    .data               app_lcd.o
    0x24000310   COMPRESSED   0x00000004   Data   RW         8238    .data               mc_w.l(stdout.o)
    0x24000314   COMPRESSED   0x00000004   Data   RW         8245    .data               mc_w.l(mvars.o)
    0x24000318   COMPRESSED   0x00000004   Data   RW         8246    .data               mc_w.l(mvars.o)
    0x2400031c        -       0x00000080   Zero   RW         6132    .bss                bsp_debug_usart.o
    0x2400039c        -       0x000001dc   Zero   RW         6266    .bss                bsp_lcd.o
    0x24000578        -       0x00000044   Zero   RW         6587    .bss                bsp_sdram.o
    0x240005bc        -       0x000002e4   Zero   RW         7417    .bss                tasks.o
    0x240008a0        -       0x00009000   Zero   RW         7691    .bss                heap_4.o
    0x240098a0        -       0x00000200   Zero   RW            2    HEAP                startup_stm32h743xx.o
    0x24009aa0        -       0x00000800   Zero   RW            1    STACK               startup_stm32h743xx.o


==============================================================================

Image component sizes


      Code (inc. data)   RO Data    RW Data    ZI Data      Debug   Object Name

       166          6          0          0          0       1480   app.o
       368         52          0         24          0       4858   app_lcd.o
        24          4          0          0        128        793   bsp_debug_usart.o
      1092         76          0          0          0      10323   bsp_i2c_touch.o
      2980        236          0          4        476      18505   bsp_lcd.o
      1964         58          0          0         68       5171   bsp_sdram.o
      1110         72         48        628          0      13048   bsp_touch_gtxx.o
       710         44          0          8          0       6569   button.o
        64         18          0          0          0       1045   core_delay.o
         0          0          0          0          0       9356   event_groups.o
         0          0       3040          8          0       1095   font16.o
         0          0       6840          8          0       1095   font24.o
       584        138          0         24      36864       4095   heap_4.o
       136          0          0          0          0       3250   list.o
       244         52          0          4          0      24280   main.o
       882        326          0         12          0      10052   port.o
      1296        188          0          0          0       9326   queue.o
        36          8        664          0       2560        964   startup_stm32h743xx.o
       196          4          0          0          0      38410   stm32h7xx_hal_cortex.o
       882         14          0          0          0       7327   stm32h7xx_hal_dma2d.o
       508         50          0          0          0       3443   stm32h7xx_hal_gpio.o
       750          6          0          0          0       4446   stm32h7xx_hal_ltdc.o
      1896         76          0          0          0       4846   stm32h7xx_hal_rcc.o
      2844         60          0          0          0       5012   stm32h7xx_hal_rcc_ex.o
       162          4          0          0          0       3388   stm32h7xx_hal_sdram.o
       276          0          0          0          0      23686   stm32h7xx_hal_uart.o
        32          0          0          0          0       3335   stm32h7xx_it.o
       254          4          0          0          0       3568   stm32h7xx_ll_fmc.o
       132         16         16          4          0    1192762   system_stm32h7xx.o
      2174        596          0         60        740      25798   tasks.o

    ----------------------------------------------------------------------
     21798       2108      10640        784      40836    1441326   Object Totals
         0          0         32          0          0          0   (incl. Generated)
        36          0          0          0          0          0   (incl. Padding)

    ----------------------------------------------------------------------

      Code (inc. data)   RO Data    RW Data    ZI Data      Debug   Library Member Name

        86          0          0          0          0          0   __dczerorl2.o
         0          0          0          0          0          0   entry.o
         0          0          0          0          0          0   entry10a.o
         0          0          0          0          0          0   entry11a.o
         8          4          0          0          0          0   entry2.o
         4          0          0          0          0          0   entry5.o
         0          0          0          0          0          0   entry7b.o
         0          0          0          0          0          0   entry8b.o
         8          4          0          0          0          0   entry9a.o
        30          0          0          0          0          0   handlers.o
        36          8          0          0          0         68   init.o
       188         20          0          0          0        160   malloc.o
        36          0          0          0          0         68   memcpya.o
        36          0          0          0          0        108   memseta.o
         0          0          0          8          0          0   mvars.o
       522         20          0          0          0        336   printf3.o
         0          0          0          4          0          0   stdout.o
        44          0          0          0          0         80   uidiv.o

    ----------------------------------------------------------------------
      1002         56          0         12          0        820   Library Totals
         4          0          0          0          0          0   (incl. Padding)

    ----------------------------------------------------------------------

      Code (inc. data)   RO Data    RW Data    ZI Data      Debug   Library Name

       998         56          0         12          0        820   mc_w.l

    ----------------------------------------------------------------------
      1002         56          0         12          0        820   Library Totals

    ----------------------------------------------------------------------

==============================================================================


      Code (inc. data)   RO Data    RW Data    ZI Data      Debug   

     22800       2164      10640        796      40836    1426066   Grand Totals
     22800       2164      10640        376      40836    1426066   ELF Image Totals (compressed)
     22800       2164      10640        376          0          0   ROM Totals

==============================================================================

    Total RO  Size (Code + RO Data)                33440 (  32.66kB)
    Total RW  Size (RW Data + ZI Data)             41632 (  40.66kB)
    Total ROM Size (Code + RO Data + RW Data)      33816 (  33.02kB)

==============================================================================

